
> bareloft-api@1.0.0 type-check
> tsc --noEmit

src/middleware/auth/AuthMiddleware.ts(62,9): error TS2375: Type '{ id: string; userId: string; phoneNumber: string; firstName: string; lastName: string; email: string | undefined; avatar: string | undefined; role: UserRole; isVerified: boolean; sessionId: string; createdAt: Date; }' is not assignable to type 'PublicUser' with 'exactOptionalPropertyTypes: true'. Consider adding 'undefined' to the types of the target's properties.
  Types of property 'email' are incompatible.
    Type 'string | undefined' is not assignable to type 'string'.
      Type 'undefined' is not assignable to type 'string'.
src/middleware/auth/AuthMiddleware.ts(107,15): error TS2375: Type '{ id: string; userId: string; phoneNumber: string; firstName: string; lastName: string; email: string | undefined; avatar: string | undefined; role: UserRole; isVerified: boolean; sessionId: string; createdAt: Date; }' is not assignable to type 'PublicUser' with 'exactOptionalPropertyTypes: true'. Consider adding 'undefined' to the types of the target's properties.
  Types of property 'email' are incompatible.
    Type 'string | undefined' is not assignable to type 'string'.
      Type 'undefined' is not assignable to type 'string'.
src/middleware/auth/authorize.ts(20,7): error TS2322: Type 'Response<any, Record<string, any>>' is not assignable to type 'void'.
src/middleware/auth/authorize.ts(39,7): error TS2322: Type 'Response<any, Record<string, any>>' is not assignable to type 'void'.
src/middleware/auth/authorize.ts(65,7): error TS2322: Type 'Response<any, Record<string, any>>' is not assignable to type 'void'.
src/middleware/auth/authorize.ts(92,7): error TS2322: Type 'Response<any, Record<string, any>>' is not assignable to type 'void'.
src/middleware/auth/authorize.ts(110,7): error TS2322: Type 'Response<any, Record<string, any>>' is not assignable to type 'void'.
src/middleware/auth/authorize.ts(156,5): error TS2304: Cannot find name 'authenticate'.
src/middleware/auth/validateToken.ts(3,10): error TS2305: Module '"../../config/environment"' has no exported member 'environment'.
src/middleware/auth/validateToken.ts(37,11): error TS2322: Type 'Response<any, Record<string, any>>' is not assignable to type 'void'.
src/middleware/auth/validateToken.ts(65,9): error TS2322: Type 'Response<any, Record<string, any>>' is not assignable to type 'void'.
src/middleware/auth/validateToken.ts(78,9): error TS2322: Type 'Response<any, Record<string, any>>' is not assignable to type 'void'.
src/middleware/auth/validateToken.ts(92,11): error TS2322: Type 'Response<any, Record<string, any>>' is not assignable to type 'void'.
src/middleware/auth/validateToken.ts(144,5): error TS2322: Type 'Response<any, Record<string, any>>' is not assignable to type 'void'.
src/middleware/auth/validateToken.ts(162,5): error TS2322: Type 'Response<any, Record<string, any>>' is not assignable to type 'void'.
src/middleware/cache/cacheMiddleware.ts(9,10): error TS2305: Module '"../../config/environment"' has no exported member 'environment'.
src/middleware/cache/cacheMiddleware.ts(127,43): error TS2558: Expected 0 type arguments, but got 1.
src/middleware/cache/cacheMiddleware.ts(130,58): error TS2339: Property 'timestamp' does not exist on type 'string'.
src/middleware/cache/cacheMiddleware.ts(149,38): error TS2339: Property 'headers' does not exist on type 'string'.
src/middleware/cache/cacheMiddleware.ts(150,26): error TS2345: Argument of type 'unknown' is not assignable to parameter of type 'string | string[] | undefined'.
src/middleware/cache/cacheMiddleware.ts(154,39): error TS2339: Property 'etag' does not exist on type 'string'.
src/middleware/cache/cacheMiddleware.ts(157,42): error TS2339: Property 'data' does not exist on type 'string'.
src/middleware/cache/cacheMiddleware.ts(158,27): error TS2339: Property 'compressed' does not exist on type 'string'.
src/middleware/cache/cacheMiddleware.ts(160,39): error TS2339: Property 'data' does not exist on type 'string'.
src/middleware/cache/cacheMiddleware.ts(165,11): error TS2322: Type 'Response<any, Record<string, any>>' is not assignable to type 'void'.
src/middleware/cache/cacheMiddleware.ts(165,41): error TS2339: Property 'statusCode' does not exist on type 'string'.
src/middleware/cache/cacheMiddleware.ts(181,38): error TS2339: Property 'headers' does not exist on type 'string'.
src/middleware/cache/cacheMiddleware.ts(182,26): error TS2345: Argument of type 'unknown' is not assignable to parameter of type 'string | string[] | undefined'.
src/middleware/cache/cacheMiddleware.ts(185,42): error TS2339: Property 'data' does not exist on type 'string'.
src/middleware/cache/cacheMiddleware.ts(186,27): error TS2339: Property 'compressed' does not exist on type 'string'.
src/middleware/cache/cacheMiddleware.ts(188,39): error TS2339: Property 'data' does not exist on type 'string'.
src/middleware/cache/cacheMiddleware.ts(193,34): error TS2339: Property 'statusCode' does not exist on type 'string'.
src/middleware/cache/cacheMiddleware.ts(241,7): error TS2322: Type '(chunk?: any, ...args: any[]) => void' is not assignable to type '{ (cb?: (() => void) | undefined): Response<any, Record<string, any>>; (chunk: any, cb?: (() => void) | undefined): Response<any, Record<string, any>>; (chunk: any, encoding: BufferEncoding, cb?: (() => void) | undefined): Response<...>; }'.
  Type 'void' is not assignable to type 'Response<any, Record<string, any>>'.
src/middleware/cache/cacheMiddleware.ts(246,39): error TS2556: A spread argument must either have a tuple type or be passed to a rest parameter.
src/middleware/cache/cacheMiddleware.ts(303,44): error TS2345: Argument of type 'CacheEntry' is not assignable to parameter of type 'string'.
src/middleware/cache/cacheMiddleware.ts(357,5): error TS2322: Type '(chunk?: any, ...args: any[]) => void' is not assignable to type '{ (cb?: (() => void) | undefined): Response<any, Record<string, any>>; (chunk: any, cb?: (() => void) | undefined): Response<any, Record<string, any>>; (chunk: any, encoding: BufferEncoding, cb?: (() => void) | undefined): Response<...>; }'.
  Type 'void' is not assignable to type 'Response<any, Record<string, any>>'.
src/middleware/cache/cacheMiddleware.ts(387,37): error TS2556: A spread argument must either have a tuple type or be passed to a rest parameter.
src/middleware/cache/etag.ts(106,13): error TS2322: Type 'Response<any, Record<string, any>>' is not assignable to type 'void'.
src/middleware/cache/etag.ts(147,5): error TS2322: Type '(chunk?: any, ...args: any[]) => void' is not assignable to type '{ (cb?: (() => void) | undefined): Response<any, Record<string, any>>; (chunk: any, cb?: (() => void) | undefined): Response<any, Record<string, any>>; (chunk: any, encoding: BufferEncoding, cb?: (() => void) | undefined): Response<...>; }'.
  Type 'void' is not assignable to type 'Response<any, Record<string, any>>'.
src/middleware/cache/etag.ts(154,39): error TS2556: A spread argument must either have a tuple type or be passed to a rest parameter.
src/middleware/error/errorHandler.ts(6,10): error TS2300: Duplicate identifier 'Request'.
src/middleware/error/errorHandler.ts(6,19): error TS2300: Duplicate identifier 'Response'.
src/middleware/error/errorHandler.ts(6,29): error TS2300: Duplicate identifier 'NextFunction'.
src/middleware/error/errorHandler.ts(7,10): error TS2300: Duplicate identifier 'logger'.
src/middleware/error/errorHandler.ts(8,10): error TS2305: Module '"../../config/environment"' has no exported member 'environment'.
src/middleware/error/errorHandler.ts(92,3): error TS2322: Type 'string | undefined' is not assignable to type 'string'.
  Type 'undefined' is not assignable to type 'string'.
src/middleware/error/errorHandler.ts(275,11): error TS2339: Property 'id' does not exist on type 'Request<ParamsDictionary, any, any, ParsedQs, Record<string, any>>'.
src/middleware/error/errorHandler.ts(276,35): error TS2339: Property 'id' does not exist on type 'Request<ParamsDictionary, any, any, ParsedQs, Record<string, any>>'.
src/middleware/error/errorHandler.ts(316,10): error TS2300: Duplicate identifier 'Request'.
src/middleware/error/errorHandler.ts(316,19): error TS2300: Duplicate identifier 'Response'.
src/middleware/error/errorHandler.ts(316,29): error TS2300: Duplicate identifier 'NextFunction'.
src/middleware/error/errorHandler.ts(317,10): error TS2300: Duplicate identifier 'logger'.
src/middleware/error/errorHandler.ts(417,9): error TS2345: Argument of type 'string | undefined' is not assignable to parameter of type 'string'.
  Type 'undefined' is not assignable to type 'string'.
src/middleware/error/errorHandler.ts(437,10): error TS2300: Duplicate identifier 'Request'.
src/middleware/error/errorHandler.ts(437,19): error TS2300: Duplicate identifier 'Response'.
src/middleware/error/errorHandler.ts(437,29): error TS2300: Duplicate identifier 'NextFunction'.
src/middleware/logging/auditLogging.ts(3,10): error TS2305: Module '"../../config/environment"' has no exported member 'environment'.
src/middleware/logging/auditLogging.ts(4,10): error TS2614: Module '"../../utils/helpers/nigerian"' has no exported member 'PhoneUtils'. Did you mean to use 'import PhoneUtils from "../../utils/helpers/nigerian"' instead?
src/middleware/logging/auditLogging.ts(4,22): error TS2614: Module '"../../utils/helpers/nigerian"' has no exported member 'MarketUtils'. Did you mean to use 'import MarketUtils from "../../utils/helpers/nigerian"' instead?
src/middleware/logging/auditLogging.ts(50,5): error TS2375: Type '{ action: string; resource: string; resourceId: string | undefined; changes: any; metadata: { adminAction: boolean; module: string; operation: string; adminId: string | undefined; adminRole: UserRole | undefined; }; }' is not assignable to type 'AuditEvent' with 'exactOptionalPropertyTypes: true'. Consider adding 'undefined' to the types of the target's properties.
  Types of property 'resourceId' are incompatible.
    Type 'string | undefined' is not assignable to type 'string'.
      Type 'undefined' is not assignable to type 'string'.
src/middleware/logging/auditLogging.ts(67,5): error TS2375: Type '{ action: string; resource: string; resourceId: string | undefined; changes: any; metadata: { profileUpdate: boolean; isOwnProfile: boolean; userRole: UserRole | undefined; }; }' is not assignable to type 'AuditEvent' with 'exactOptionalPropertyTypes: true'. Consider adding 'undefined' to the types of the target's properties.
  Types of property 'resourceId' are incompatible.
    Type 'string | undefined' is not assignable to type 'string'.
      Type 'undefined' is not assignable to type 'string'.
src/middleware/logging/auditLogging.ts(118,5): error TS2375: Type '{ action: string; resource: string; resourceId: string | undefined; changes: any; metadata: { previousQuantity: any; newQuantity: any; changeAmount: number; reason: any; sku: any; productName: any; }; }' is not assignable to type 'AuditEvent' with 'exactOptionalPropertyTypes: true'. Consider adding 'undefined' to the types of the target's properties.
  Types of property 'resourceId' are incompatible.
    Type 'string | undefined' is not assignable to type 'string'.
      Type 'undefined' is not assignable to type 'string'.
src/middleware/logging/auditLogging.ts(316,5): error TS2375: Type '{ action: string; resource: string; resourceId: string | undefined; metadata: { action: string; deviceInfo: string | undefined; ip: string | undefined; }; }' is not assignable to type 'AuditEvent' with 'exactOptionalPropertyTypes: true'. Consider adding 'undefined' to the types of the target's properties.
  Types of property 'resourceId' are incompatible.
    Type 'string | undefined' is not assignable to type 'string'.
      Type 'undefined' is not assignable to type 'string'.
src/middleware/logging/auditLogging.ts(618,3): error TS2322: Type '(chunk?: any, ...args: any[]) => void' is not assignable to type '{ (cb?: (() => void) | undefined): Response<any, Record<string, any>>; (chunk: any, cb?: (() => void) | undefined): Response<any, Record<string, any>>; (chunk: any, encoding: BufferEncoding, cb?: (() => void) | undefined): Response<...>; }'.
  Type 'void' is not assignable to type 'Response<any, Record<string, any>>'.
src/middleware/logging/auditLogging.ts(718,42): error TS2345: Argument of type 'string | undefined' is not assignable to parameter of type 'string'.
  Type 'undefined' is not assignable to type 'string'.
src/middleware/logging/auditLogging.ts(725,36): error TS2345: Argument of type 'string | undefined' is not assignable to parameter of type 'string'.
  Type 'undefined' is not assignable to type 'string'.
src/middleware/logging/auditLogging.ts(814,35): error TS2556: A spread argument must either have a tuple type or be passed to a rest parameter.
src/middleware/logging/auditLogging.ts(836,3): error TS2322: Type '(chunk?: any, ...args: any[]) => void' is not assignable to type '{ (cb?: (() => void) | undefined): Response<any, Record<string, any>>; (chunk: any, cb?: (() => void) | undefined): Response<any, Record<string, any>>; (chunk: any, encoding: BufferEncoding, cb?: (() => void) | undefined): Response<...>; }'.
  Type 'void' is not assignable to type 'Response<any, Record<string, any>>'.
src/middleware/logging/auditLogging.ts(885,35): error TS2556: A spread argument must either have a tuple type or be passed to a rest parameter.
src/middleware/logging/auditLogging.ts(903,3): error TS2322: Type '(chunk?: any, ...args: any[]) => void' is not assignable to type '{ (cb?: (() => void) | undefined): Response<any, Record<string, any>>; (chunk: any, cb?: (() => void) | undefined): Response<any, Record<string, any>>; (chunk: any, encoding: BufferEncoding, cb?: (() => void) | undefined): Response<...>; }'.
  Type 'void' is not assignable to type 'Response<any, Record<string, any>>'.
src/middleware/logging/auditLogging.ts(955,35): error TS2556: A spread argument must either have a tuple type or be passed to a rest parameter.
src/middleware/logging/auditLogging.ts(973,3): error TS2322: Type '(chunk?: any, ...args: any[]) => void' is not assignable to type '{ (cb?: (() => void) | undefined): Response<any, Record<string, any>>; (chunk: any, cb?: (() => void) | undefined): Response<any, Record<string, any>>; (chunk: any, encoding: BufferEncoding, cb?: (() => void) | undefined): Response<...>; }'.
  Type 'void' is not assignable to type 'Response<any, Record<string, any>>'.
src/middleware/logging/auditLogging.ts(1002,36): error TS2345: Argument of type 'string | undefined' is not assignable to parameter of type 'string'.
  Type 'undefined' is not assignable to type 'string'.
src/middleware/logging/auditLogging.ts(1003,38): error TS2345: Argument of type 'string | undefined' is not assignable to parameter of type 'string'.
  Type 'undefined' is not assignable to type 'string'.
src/middleware/logging/auditLogging.ts(1007,48): error TS2345: Argument of type 'string | undefined' is not assignable to parameter of type 'string'.
  Type 'undefined' is not assignable to type 'string'.
src/middleware/logging/auditLogging.ts(1008,41): error TS2345: Argument of type 'string | undefined' is not assignable to parameter of type 'string'.
  Type 'undefined' is not assignable to type 'string'.
src/middleware/logging/auditLogging.ts(1033,35): error TS2556: A spread argument must either have a tuple type or be passed to a rest parameter.
src/middleware/logging/auditLogging.ts(1051,3): error TS2322: Type '(chunk?: any, ...args: any[]) => void' is not assignable to type '{ (cb?: (() => void) | undefined): Response<any, Record<string, any>>; (chunk: any, cb?: (() => void) | undefined): Response<any, Record<string, any>>; (chunk: any, encoding: BufferEncoding, cb?: (() => void) | undefined): Response<...>; }'.
  Type 'void' is not assignable to type 'Response<any, Record<string, any>>'.
src/middleware/logging/auditLogging.ts(1097,35): error TS2556: A spread argument must either have a tuple type or be passed to a rest parameter.
src/middleware/logging/auditLogging.ts(1111,5): error TS2322: Type '(chunk?: any, ...args: any[]) => void' is not assignable to type '{ (cb?: (() => void) | undefined): Response<any, Record<string, any>>; (chunk: any, cb?: (() => void) | undefined): Response<any, Record<string, any>>; (chunk: any, encoding: BufferEncoding, cb?: (() => void) | undefined): Response<...>; }'.
  Type 'void' is not assignable to type 'Response<any, Record<string, any>>'.
src/middleware/logging/auditLogging.ts(1154,37): error TS2556: A spread argument must either have a tuple type or be passed to a rest parameter.
src/middleware/logging/auditLogging.ts(1249,21): error TS2345: Argument of type 'string | undefined' is not assignable to parameter of type 'string'.
  Type 'undefined' is not assignable to type 'string'.
src/middleware/logging/auditLogging.ts(1268,21): error TS2345: Argument of type 'string | undefined' is not assignable to parameter of type 'string'.
  Type 'undefined' is not assignable to type 'string'.
src/middleware/logging/errorLogging.ts(3,10): error TS2305: Module '"../../config/environment"' has no exported member 'environment'.
src/middleware/logging/errorLogging.ts(169,16): error TS2304: Cannot find name 'sanitizeForLogging'.
src/middleware/logging/errorLogging.ts(171,11): error TS2304: Cannot find name 'sanitizeForLogging'.
src/middleware/logging/requestLogger.ts(3,10): error TS2305: Module '"../../config/environment"' has no exported member 'environment'.
src/middleware/logging/requestLogger.ts(4,10): error TS2614: Module '"../../utils/helpers/nigerian"' has no exported member 'PhoneUtils'. Did you mean to use 'import PhoneUtils from "../../utils/helpers/nigerian"' instead?
src/middleware/logging/requestLogger.ts(4,22): error TS2614: Module '"../../utils/helpers/nigerian"' has no exported member 'MarketUtils'. Did you mean to use 'import MarketUtils from "../../utils/helpers/nigerian"' instead?
src/middleware/logging/requestLogger.ts(100,60): error TS2345: Argument of type 'string | undefined' is not assignable to parameter of type 'string'.
  Type 'undefined' is not assignable to type 'string'.
src/middleware/logging/requestLogger.ts(114,44): error TS2556: A spread argument must either have a tuple type or be passed to a rest parameter.
src/middleware/logging/requestLogger.ts(118,3): error TS2322: Type '(chunk?: any, ...args: any[]) => void' is not assignable to type '{ (cb?: (() => void) | undefined): Response<any, Record<string, any>>; (chunk: any, cb?: (() => void) | undefined): Response<any, Record<string, any>>; (chunk: any, encoding: BufferEncoding, cb?: (() => void) | undefined): Response<...>; }'.
  Type 'void' is not assignable to type 'Response<any, Record<string, any>>'.
src/middleware/logging/requestLogger.ts(186,26): error TS2339: Property 'body' does not exist on type '{ statusCode: number; contentLength: number | undefined; headers: any; }'.
src/middleware/logging/requestLogger.ts(191,25): error TS2339: Property 'body' does not exist on type '{ method: string; url: string; path: string; query: any; headers: any; ip: string | undefined; protocol: string; httpVersion: string; }'.
src/middleware/logging/requestLogger.ts(196,17): error TS2339: Property 'performance' does not exist on type '{ requestId: string; request: { method: string; url: string; path: string; query: any; headers: any; ip: string | undefined; protocol: string; httpVersion: string; }; response: { statusCode: number; contentLength: number | undefined; headers: any; }; timing: { ...; }; user: { ...; } | undefined; context: { ...; }; }'.
src/middleware/logging/requestLogger.ts(205,17): error TS2339: Property 'insights' does not exist on type '{ requestId: string; request: { method: string; url: string; path: string; query: any; headers: any; ip: string | undefined; protocol: string; httpVersion: string; }; response: { statusCode: number; contentLength: number | undefined; headers: any; }; timing: { ...; }; user: { ...; } | undefined; context: { ...; }; }'.
src/middleware/logging/requestLogger.ts(220,35): error TS2556: A spread argument must either have a tuple type or be passed to a rest parameter.
src/middleware/security/helmet.ts(2,10): error TS2305: Module '"../../config/environment"' has no exported member 'environment'.
src/middleware/security/rateLimiter.ts(32,5): error TS2322: Type '(req: Request) => string | undefined' is not assignable to type 'ValueDeterminingMiddleware<string>'.
  Type 'string | undefined' is not assignable to type 'string | Promise<string>'.
    Type 'undefined' is not assignable to type 'string | Promise<string>'.
src/middleware/security/rateLimiter.ts(60,31): error TS2345: Argument of type 'string | undefined' is not assignable to parameter of type 'string'.
  Type 'undefined' is not assignable to type 'string'.
src/middleware/security/rateLimiter.ts(130,10): error TS2305: Module '"../../config/environment"' has no exported member 'environment'.
src/middleware/security/xss.ts(156,5): error TS2769: No overload matches this call.
  The last overload gave the following error.
    Object literal may only specify known properties, and 'REMOVE_DATA_ATTR' does not exist in type 'Config'.
src/middleware/validation/validateRequest.ts(239,9): error TS2322: Type 'Response<any, Record<string, any>>' is not assignable to type 'void'.
src/middleware/validation/validateSchema.ts(78,9): error TS2322: Type 'Response<any, Record<string, any>>' is not assignable to type 'void'.
src/middleware/validation/validateSchema.ts(136,3): error TS2322: Type '(...args: any[]) => void' is not assignable to type '{ (cb?: (() => void) | undefined): Response<any, Record<string, any>>; (chunk: any, cb?: (() => void) | undefined): Response<any, Record<string, any>>; (chunk: any, encoding: BufferEncoding, cb?: (() => void) | undefined): Response<...>; }'.
  Type 'void' is not assignable to type 'Response<any, Record<string, any>>'.
src/middleware/validation/validateSchema.ts(149,29): error TS2345: Argument of type 'any[]' is not assignable to parameter of type '[chunk: any, encoding: BufferEncoding, cb?: (() => void) | undefined]'.
  Target requires 2 element(s) but source may have fewer.
src/models/Cart.ts(6,33): error TS2339: Property 'cart' does not exist on type 'PrismaClient<PrismaClientOptions, never, DefaultArgs>'.
src/models/Inventory.ts(6,38): error TS2339: Property 'inventory' does not exist on type 'PrismaClient<PrismaClientOptions, never, DefaultArgs>'.
src/repositories/AddressRepository.ts(102,7): error TS2322: Type '{ type: AddressType; firstName: string; lastName: string; company: string | null; addressLine1: string; addressLine2: string | null; city: string; state: string; postalCode: string | null; ... 6 more ...; updatedAt: Date; }' is not assignable to type 'Address'.
  Types of property 'company' are incompatible.
    Type 'string | null' is not assignable to type 'string'.
      Type 'null' is not assignable to type 'string'.
src/repositories/AddressRepository.ts(108,15): error TS2322: Type '"shipping" | "billing"' is not assignable to type 'AddressType | EnumAddressTypeFilter<"Address"> | undefined'.
  Type '"shipping"' is not assignable to type 'AddressType | EnumAddressTypeFilter<"Address"> | undefined'. Did you mean '"SHIPPING"'?
src/repositories/AddressRepository.ts(119,28): error TS2322: Type '"shipping" | "billing"' is not assignable to type 'AddressType | EnumAddressTypeFilter<"Address"> | undefined'.
  Type '"shipping"' is not assignable to type 'AddressType | EnumAddressTypeFilter<"Address"> | undefined'. Did you mean '"SHIPPING"'?
src/repositories/AddressRepository.ts(131,11): error TS2322: Type 'string' is not assignable to type '"Abia" | "Adamawa" | "Akwa Ibom" | "Anambra" | "Bauchi" | "Bayelsa" | "Benue" | "Borno" | "Cross River" | "Delta" | "Ebonyi" | "Edo" | "Ekiti" | "Enugu" | "Gombe" | "Imo" | "Jigawa" | ... 19 more ... | "FCT"'.
src/repositories/AddressRepository.ts(139,11): error TS2375: Type 'CreateAddressData' is not assignable to type '(Without<AddressCreateInput, AddressUncheckedCreateInput> & AddressUncheckedCreateInput) | (Without<...> & AddressCreateInput)' with 'exactOptionalPropertyTypes: true'. Consider adding 'undefined' to the types of the target's properties.
  Type 'CreateAddressData' is not assignable to type 'Without<AddressCreateInput, AddressUncheckedCreateInput> & AddressUncheckedCreateInput' with 'exactOptionalPropertyTypes: true'. Consider adding 'undefined' to the types of the target's properties.
    Type 'CreateAddressData' is not assignable to type 'AddressUncheckedCreateInput' with 'exactOptionalPropertyTypes: true'. Consider adding 'undefined' to the types of the target's properties.
      Types of property 'type' are incompatible.
        Type '"shipping" | "billing"' is not assignable to type 'AddressType'.
          Type '"shipping"' is not assignable to type 'AddressType'. Did you mean '"SHIPPING"'?
src/repositories/AddressRepository.ts(169,7): error TS2322: Type '{ type: AddressType; firstName: string; lastName: string; company: string | null; addressLine1: string; addressLine2: string | null; city: string; state: string; postalCode: string | null; ... 6 more ...; updatedAt: Date; }' is not assignable to type 'Address'.
  Types of property 'company' are incompatible.
    Type 'string | null' is not assignable to type 'string'.
      Type 'null' is not assignable to type 'string'.
src/repositories/AddressRepository.ts(200,11): error TS2375: Type 'UpdateAddressRequest' is not assignable to type '(Without<AddressUpdateInput, AddressUncheckedUpdateInput> & AddressUncheckedUpdateInput) | (Without<...> & AddressUpdateInput)' with 'exactOptionalPropertyTypes: true'. Consider adding 'undefined' to the types of the target's properties.
  Type 'UpdateAddressRequest' is not assignable to type 'Without<AddressUncheckedUpdateInput, AddressUpdateInput> & AddressUpdateInput' with 'exactOptionalPropertyTypes: true'. Consider adding 'undefined' to the types of the target's properties.
    Types of property 'type' are incompatible.
      Type '"shipping" | "billing"' is not assignable to type 'AddressType | EnumAddressTypeFieldUpdateOperationsInput'.
        Type '"shipping"' is not assignable to type 'AddressType | EnumAddressTypeFieldUpdateOperationsInput'. Did you mean '"SHIPPING"'?
src/repositories/AddressRepository.ts(276,7): error TS2322: Type '{ type: AddressType; firstName: string; lastName: string; company: string | null; addressLine1: string; addressLine2: string | null; city: string; state: string; postalCode: string | null; ... 6 more ...; updatedAt: Date; }' is not assignable to type 'Address'.
  Types of property 'company' are incompatible.
    Type 'string | null' is not assignable to type 'string'.
      Type 'null' is not assignable to type 'string'.
src/repositories/BaseRepository.ts(323,7): error TS2322: Type 'any[]' is not assignable to type 'R'.
  'R' could be instantiated with an arbitrary type which could be unrelated to 'any[]'.
src/repositories/BaseRepository.ts(323,45): error TS2769: No overload matches this call.
  Overload 1 of 2, '(arg: PrismaPromise<any>[], options?: { isolationLevel?: TransactionIsolationLevel; } | undefined): Promise<any[]>', gave the following error.
    Argument of type '(prisma: PrismaClient<PrismaClientOptions, never, DefaultArgs>) => Promise<R>' is not assignable to parameter of type 'PrismaPromise<any>[]'.
  Overload 2 of 2, '(fn: (prisma: Omit<PrismaClient<PrismaClientOptions, never, DefaultArgs>, "$connect" | "$disconnect" | "$on" | "$transaction" | "$use" | "$extends">) => Promise<...>, options?: { ...; } | undefined): Promise<...>', gave the following error.
    Argument of type '(prisma: PrismaClient<PrismaClientOptions, never, DefaultArgs>) => Promise<R>' is not assignable to parameter of type '(prisma: Omit<PrismaClient<PrismaClientOptions, never, DefaultArgs>, "$connect" | "$disconnect" | "$on" | "$transaction" | "$use" | "$extends">) => Promise<...>'.
      Types of parameters 'prisma' and 'prisma' are incompatible.
        Type 'Omit<PrismaClient<PrismaClientOptions, never, DefaultArgs>, "$connect" | "$disconnect" | "$on" | "$transaction" | "$use" | "$extends">' is missing the following properties from type 'PrismaClient<PrismaClientOptions, never, DefaultArgs>': $on, $connect, $disconnect, $use, and 2 more.
src/repositories/CartRepository.ts(90,7): error TS2322: Type '({ product: { images: { id: string; productId: string; createdAt: Date; updatedAt: Date; url: string; altText: string | null; position: number; }[]; category: { isActive: boolean; id: string; ... 7 more ...; slug: string; }; } & { ...; }; } & { ...; })[]' is not assignable to type 'CartItem[]'.
  Type '{ product: { images: { id: string; productId: string; createdAt: Date; updatedAt: Date; url: string; altText: string | null; position: number; }[]; category: { isActive: boolean; id: string; ... 7 more ...; slug: string; }; } & { ...; }; } & { ...; }' is missing the following properties from type 'CartItem': cartId, unitPrice, totalPrice, isAvailable, and 2 more.
src/repositories/CartRepository.ts(112,7): error TS2322: Type '({ product: { isActive: boolean; id: string; name: string; description: string | null; shortDescription: string | null; sku: string | null; price: Decimal; comparePrice: Decimal | null; ... 16 more ...; tags: string[]; }; } & { ...; }) | null' is not assignable to type 'CartItem | null'.
  Type '{ product: { isActive: boolean; id: string; name: string; description: string | null; shortDescription: string | null; sku: string | null; price: Decimal; comparePrice: Decimal | null; ... 16 more ...; tags: string[]; }; } & { ...; }' is not assignable to type 'CartItem | null'.
    Type '{ product: { isActive: boolean; id: string; name: string; description: string | null; shortDescription: string | null; sku: string | null; price: Decimal; comparePrice: Decimal | null; ... 16 more ...; tags: string[]; }; } & { ...; }' is missing the following properties from type 'CartItem': cartId, unitPrice, totalPrice, isAvailable, and 2 more.
src/repositories/CartRepository.ts(132,7): error TS2322: Type '({ product: { isActive: boolean; id: string; name: string; description: string | null; shortDescription: string | null; sku: string | null; price: Decimal; comparePrice: Decimal | null; ... 16 more ...; tags: string[]; }; } & { ...; }) | null' is not assignable to type 'CartItem | null'.
  Type '{ product: { isActive: boolean; id: string; name: string; description: string | null; shortDescription: string | null; sku: string | null; price: Decimal; comparePrice: Decimal | null; ... 16 more ...; tags: string[]; }; } & { ...; }' is not assignable to type 'CartItem | null'.
    Type '{ product: { isActive: boolean; id: string; name: string; description: string | null; shortDescription: string | null; sku: string | null; price: Decimal; comparePrice: Decimal | null; ... 16 more ...; tags: string[]; }; } & { ...; }' is missing the following properties from type 'CartItem': cartId, unitPrice, totalPrice, isAvailable, and 2 more.
src/repositories/CartRepository.ts(152,7): error TS2740: Type '{ product: { isActive: boolean; id: string; name: string; description: string | null; shortDescription: string | null; sku: string | null; price: Decimal; comparePrice: Decimal | null; ... 16 more ...; tags: string[]; }; } & { ...; }' is missing the following properties from type 'CartItem': cartId, unitPrice, totalPrice, isAvailable, and 2 more.
src/repositories/CartRepository.ts(282,22): error TS2353: Object literal may only specify known properties, and 'inventory' does not exist in type 'ProductInclude<DefaultArgs>'.
src/repositories/CartRepository.ts(295,20): error TS2339: Property 'inventory' does not exist on type '{ isActive: boolean; id: string; name: string; description: string | null; shortDescription: string | null; sku: string | null; price: Decimal; comparePrice: Decimal | null; ... 16 more ...; tags: string[]; }'.
src/repositories/CartRepository.ts(296,20): error TS2339: Property 'inventory' does not exist on type '{ isActive: boolean; id: string; name: string; description: string | null; shortDescription: string | null; sku: string | null; price: Decimal; comparePrice: Decimal | null; ... 16 more ...; tags: string[]; }'.
src/repositories/CartRepository.ts(317,13): error TS2353: Object literal may only specify known properties, and 'cartId_productId' does not exist in type 'CartItemWhereUniqueInput'.
src/repositories/CartRepository.ts(348,15): error TS2353: Object literal may only specify known properties, and 'totalPrice' does not exist in type '(Without<CartItemUpdateInput, CartItemUncheckedUpdateInput> & CartItemUncheckedUpdateInput) | (Without<...> & CartItemUpdateInput)'.
src/repositories/CartRepository.ts(355,15): error TS2353: Object literal may only specify known properties, and 'cartId' does not exist in type 'Without<CartItemCreateInput, CartItemUncheckedCreateInput> & CartItemUncheckedCreateInput'.
src/repositories/CartRepository.ts(405,13): error TS2353: Object literal may only specify known properties, and 'cartId_productId' does not exist in type 'CartItemWhereUniqueInput'.
src/repositories/CartRepository.ts(412,26): error TS2353: Object literal may only specify known properties, and 'inventory' does not exist in type 'ProductInclude<DefaultArgs>'.
src/repositories/CartRepository.ts(443,23): error TS2551: Property 'product' does not exist on type '{ id: string; price: Decimal; productId: string; userId: string; createdAt: Date; updatedAt: Date; quantity: number; }'. Did you mean 'productId'?
src/repositories/CartRepository.ts(444,23): error TS2551: Property 'product' does not exist on type '{ id: string; price: Decimal; productId: string; userId: string; createdAt: Date; updatedAt: Date; quantity: number; }'. Did you mean 'productId'?
src/repositories/CartRepository.ts(459,15): error TS2353: Object literal may only specify known properties, and 'unitPrice' does not exist in type '(Without<CartItemUpdateInput, CartItemUncheckedUpdateInput> & CartItemUncheckedUpdateInput) | (Without<...> & CartItemUpdateInput)'.
src/repositories/CartRepository.ts(459,42): error TS2551: Property 'product' does not exist on type '{ id: string; price: Decimal; productId: string; userId: string; createdAt: Date; updatedAt: Date; quantity: number; }'. Did you mean 'productId'?
src/repositories/CartRepository.ts(460,54): error TS2551: Property 'product' does not exist on type '{ id: string; price: Decimal; productId: string; userId: string; createdAt: Date; updatedAt: Date; quantity: number; }'. Did you mean 'productId'?
src/repositories/CartRepository.ts(505,13): error TS2353: Object literal may only specify known properties, and 'cartId' does not exist in type 'CartItemWhereInput'.
src/repositories/CartRepository.ts(546,20): error TS2353: Object literal may only specify known properties, and 'cartId' does not exist in type 'CartItemWhereInput'.
src/repositories/CartRepository.ts(550,22): error TS2339: Property 'cart' does not exist on type 'PrismaClient<PrismaClientOptions, never, DefaultArgs>'.
src/repositories/CartRepository.ts(614,35): error TS2339: Property 'inventory' does not exist on type '{ id: string; name: string; slug: string; sku: string; price: number; comparePrice?: number; primaryImage?: string; inStock: boolean; stockQuantity: number; weight?: number; }'.
src/repositories/CartRepository.ts(617,22): error TS2339: Property 'isActive' does not exist on type '{ id: string; name: string; slug: string; sku: string; price: number; comparePrice?: number; primaryImage?: string; inStock: boolean; stockQuantity: number; weight?: number; }'.
src/repositories/CartRepository.ts(723,37): error TS2339: Property 'cart' does not exist on type 'PrismaClient<PrismaClientOptions, never, DefaultArgs>'.
src/repositories/CartRepository.ts(752,26): error TS2353: Object literal may only specify known properties, and 'cartId' does not exist in type 'CartItemWhereInput'.
src/repositories/CartRepository.ts(756,26): error TS2353: Object literal may only specify known properties, and 'cartId' does not exist in type 'CartItemWhereInput'.
src/repositories/CartRepository.ts(757,25): error TS2353: Object literal may only specify known properties, and 'cartId' does not exist in type '(Without<CartItemUpdateManyMutationInput, CartItemUncheckedUpdateManyInput> & CartItemUncheckedUpdateManyInput) | (Without<...> & CartItemUpdateManyMutationInput)'.
src/repositories/CartRepository.ts(760,28): error TS2339: Property 'cart' does not exist on type 'PrismaClient<PrismaClientOptions, never, DefaultArgs>'.
src/repositories/CartRepository.ts(783,23): error TS2353: Object literal may only specify known properties, and 'totalPrice' does not exist in type '(Without<CartItemUpdateInput, CartItemUncheckedUpdateInput> & CartItemUncheckedUpdateInput) | (Without<...> & CartItemUpdateInput)'.
src/repositories/CartRepository.ts(790,29): error TS2353: Object literal may only specify known properties, and 'cartId' does not exist in type '(Without<CartItemUpdateInput, CartItemUncheckedUpdateInput> & CartItemUncheckedUpdateInput) | (Without<...> & CartItemUpdateInput)'.
src/repositories/CartRepository.ts(796,28): error TS2339: Property 'cart' does not exist on type 'PrismaClient<PrismaClientOptions, never, DefaultArgs>'.
src/repositories/CartRepository.ts(803,28): error TS2339: Property 'cart' does not exist on type 'PrismaClient<PrismaClientOptions, never, DefaultArgs>'.
src/repositories/CartRepository.ts(869,34): error TS2339: Property 'discountType' does not exist on type '{ isActive: boolean; type: CouponType; id: string; value: Decimal; createdAt: Date; updatedAt: Date; expiresAt: Date | null; code: string; minAmount: Decimal | null; maxAmount: Decimal | null; usageLimit: number | null; usageCount: number; startsAt: Date | null; }'.
src/repositories/CartRepository.ts(870,42): error TS2339: Property 'discountValue' does not exist on type '{ isActive: boolean; type: CouponType; id: string; value: Decimal; createdAt: Date; updatedAt: Date; expiresAt: Date | null; code: string; minAmount: Decimal | null; maxAmount: Decimal | null; usageLimit: number | null; usageCount: number; startsAt: Date | null; }'.
src/repositories/CartRepository.ts(958,29): error TS2339: Property 'user' does not exist on type 'Cart'.
src/repositories/CartRepository.ts(959,29): error TS2339: Property 'user' does not exist on type 'Cart'.
src/repositories/CartRepository.ts(995,18): error TS2353: Object literal may only specify known properties, and 'cartId' does not exist in type 'CartItemWhereInput'.
src/repositories/CartRepository.ts(999,42): error TS2339: Property 'totalPrice' does not exist on type '{ id: string; price: Decimal; productId: string; userId: string; createdAt: Date; updatedAt: Date; quantity: number; }'.
src/repositories/CartRepository.ts(1013,33): error TS2339: Property 'cart' does not exist on type 'PrismaClient<PrismaClientOptions, never, DefaultArgs>'.
src/repositories/CartRepository.ts(1031,20): error TS2339: Property 'cart' does not exist on type 'PrismaClient<PrismaClientOptions, never, DefaultArgs>'.
src/repositories/CartRepository.ts(1075,37): error TS7006: Parameter 'sum' implicitly has an 'any' type.
src/repositories/CartRepository.ts(1075,42): error TS7006: Parameter 'item' implicitly has an 'any' type.
src/repositories/CartRepository.ts(1076,44): error TS7006: Parameter 'item' implicitly has an 'any' type.
src/repositories/CartRepository.ts(1077,41): error TS7006: Parameter 'item' implicitly has an 'any' type.
src/repositories/CartRepository.ts(1079,43): error TS7006: Parameter 'item' implicitly has an 'any' type.
src/repositories/CategoryRepository.ts(38,18): error TS2430: Interface 'CategoryWithProducts' incorrectly extends interface 'Category'.
  Property 'products' is optional in type 'CategoryWithProducts' but required in type 'Category'.
src/repositories/CategoryRepository.ts(95,32): error TS2339: Property '_count' does not exist on type 'Category'.
src/repositories/CategoryRepository.ts(96,31): error TS2339: Property '_count' does not exist on type 'Category'.
src/repositories/CategoryRepository.ts(392,9): error TS2379: Argument of type '{ include: { parent: boolean; children: { where: { isActive: boolean; }; orderBy: { sortOrder: string; }; }; _count: { select: { products: { where: { isActive: boolean; }; }; children: { where: { isActive: boolean; }; }; }; }; }; orderBy: { ...; }; pagination: PaginationParams | undefined; }' is not assignable to parameter of type '{ include?: any; orderBy?: any; pagination?: PaginationParams; }' with 'exactOptionalPropertyTypes: true'. Consider adding 'undefined' to the types of the target's properties.
  Types of property 'pagination' are incompatible.
    Type 'PaginationParams | undefined' is not assignable to type 'PaginationParams'.
      Type 'undefined' is not assignable to type 'PaginationParams'.
src/repositories/CategoryRepository.ts(435,9): error TS2322: Type 'Category | undefined' is not assignable to type 'Category | null'.
  Type 'undefined' is not assignable to type 'Category | null'.
src/repositories/CategoryRepository.ts(498,73): error TS2379: Argument of type '{ include: { parent: boolean; children: { where: { isActive: boolean; }; orderBy: { sortOrder: string; }; }; _count: { select: { products: { where: { isActive: boolean; }; }; children: { where: { isActive: boolean; }; }; }; }; }; pagination: PaginationParams | undefined; }' is not assignable to parameter of type '{ include?: any; orderBy?: any; pagination?: PaginationParams; }' with 'exactOptionalPropertyTypes: true'. Consider adding 'undefined' to the types of the target's properties.
  Types of property 'pagination' are incompatible.
    Type 'PaginationParams | undefined' is not assignable to type 'PaginationParams'.
      Type 'undefined' is not assignable to type 'PaginationParams'.
src/repositories/CategoryRepository.ts(582,11): error TS2322: Type 'string | null' is not assignable to type 'string'.
  Type 'null' is not assignable to type 'string'.
src/repositories/CategoryRepository.ts(803,11): error TS2322: Type '{ isActive: boolean; id: string; name: string; description: string | null; sortOrder: number; parentId: string | null; imageUrl: string | null; createdAt: Date; updatedAt: Date; slug: string; }' is not assignable to type '{ parent: { isActive: boolean; id: string; name: string; description: string | null; sortOrder: number; parentId: string | null; imageUrl: string | null; createdAt: Date; updatedAt: Date; slug: string; } | null; } & { ...; }'.
  Property 'parent' is missing in type '{ isActive: boolean; id: string; name: string; description: string | null; sortOrder: number; parentId: string | null; imageUrl: string | null; createdAt: Date; updatedAt: Date; slug: string; }' but required in type '{ parent: { isActive: boolean; id: string; name: string; description: string | null; sortOrder: number; parentId: string | null; imageUrl: string | null; createdAt: Date; updatedAt: Date; slug: string; } | null; }'.
src/repositories/InventoryRepository.ts(6,3): error TS2305: Module '"../types"' has no exported member 'StockReservation'.
src/repositories/InventoryRepository.ts(8,3): error TS2305: Module '"../types"' has no exported member 'InventoryStatus'.
src/repositories/InventoryRepository.ts(11,3): error TS2305: Module '"../types"' has no exported member 'ReserveStockRequest'.
src/repositories/InventoryRepository.ts(12,3): error TS2305: Module '"../types"' has no exported member 'ReleaseReservationRequest'.
src/repositories/InventoryRepository.ts(13,3): error TS2724: '"../types"' has no exported member named 'InventoryAdjustmentRequest'. Did you mean 'InventoryMovementRequest'?
src/repositories/InventoryRepository.ts(14,3): error TS2305: Module '"../types"' has no exported member 'InventoryResponse'.
src/repositories/InventoryRepository.ts(15,3): error TS2305: Module '"../types"' has no exported member 'InventoryListResponse'.
src/repositories/InventoryRepository.ts(16,3): error TS2305: Module '"../types"' has no exported member 'InventoryListItem'.
src/repositories/InventoryRepository.ts(17,3): error TS2305: Module '"../types"' has no exported member 'InventoryAlert'.
src/repositories/InventoryRepository.ts(18,3): error TS2305: Module '"../types"' has no exported member 'StockAlert'.
src/repositories/InventoryRepository.ts(74,18): error TS2430: Interface 'InventoryWithDetails' incorrectly extends interface 'Inventory'.
  Types of property 'product' are incompatible.
    Type '{ id: string; name: string; sku: string; price: number; isActive: boolean; }' is missing the following properties from type 'Product': slug, description, categoryId, isFeatured, and 6 more.
src/repositories/InventoryRepository.ts(213,45): error TS2339: Property 'allowBackorder' does not exist on type 'InventoryWithDetails'.
src/repositories/InventoryRepository.ts(223,47): error TS2339: Property 'inventory' does not exist on type 'PrismaClient<PrismaClientOptions, never, DefaultArgs>'.
src/repositories/InventoryRepository.ts(233,27): error TS2339: Property 'averageCost' does not exist on type 'InventoryWithDetails'.
src/repositories/InventoryRepository.ts(234,56): error TS2339: Property 'lastCost' does not exist on type 'InventoryWithDetails'.
src/repositories/InventoryRepository.ts(239,15): error TS2367: This comparison appears to be unintentional because the types 'InventoryMovementType' and '"SALE"' have no overlap.
src/repositories/InventoryRepository.ts(239,67): error TS2339: Property 'lastSoldAt' does not exist on type 'InventoryWithDetails'.
src/repositories/InventoryRepository.ts(263,13): error TS2322: Type 'InventoryMovementType' is not assignable to type 'MovementType'.
  Type '"restock"' is not assignable to type 'MovementType'.
src/repositories/InventoryRepository.ts(320,13): error TS2353: Object literal may only specify known properties, and 'inventoryId' does not exist in type '(Without<StockReservationCreateInput, StockReservationUncheckedCreateInput> & StockReservationUncheckedCreateInput) | (Without<...> & StockReservationCreateInput)'.
src/repositories/InventoryRepository.ts(331,22): error TS2339: Property 'inventory' does not exist on type 'PrismaClient<PrismaClientOptions, never, DefaultArgs>'.
src/repositories/InventoryRepository.ts(359,24): error TS2353: Object literal may only specify known properties, and 'inventory' does not exist in type 'StockReservationInclude<DefaultArgs>'.
src/repositories/InventoryRepository.ts(363,48): error TS2353: Object literal may only specify known properties, and 'isReleased' does not exist in type 'StockReservationWhereInput'.
src/repositories/InventoryRepository.ts(364,24): error TS2353: Object literal may only specify known properties, and 'inventory' does not exist in type 'StockReservationInclude<DefaultArgs>'.
src/repositories/InventoryRepository.ts(368,22): error TS2353: Object literal may only specify known properties, and 'cartId' does not exist in type 'StockReservationWhereInput'.
src/repositories/InventoryRepository.ts(369,24): error TS2353: Object literal may only specify known properties, and 'inventory' does not exist in type 'StockReservationInclude<DefaultArgs>'.
src/repositories/InventoryRepository.ts(381,13): error TS2353: Object literal may only specify known properties, and 'isReleased' does not exist in type '(Without<StockReservationUpdateInput, StockReservationUncheckedUpdateInput> & StockReservationUncheckedUpdateInput) | (Without<...> & StockReservationUpdateInput)'.
src/repositories/InventoryRepository.ts(387,22): error TS2339: Property 'inventory' does not exist on type 'PrismaClient<PrismaClientOptions, never, DefaultArgs>'.
src/repositories/InventoryRepository.ts(453,49): error TS2379: Argument of type '{ include: { product: { select: { id: boolean; name: boolean; sku: boolean; price: boolean; isActive: boolean; }; }; movements: { orderBy: { createdAt: string; }; take: number; }; }; orderBy: { updatedAt: string; }; pagination: PaginationParams | undefined; }' is not assignable to parameter of type '{ include?: any; orderBy?: any; pagination?: PaginationParams; }' with 'exactOptionalPropertyTypes: true'. Consider adding 'undefined' to the types of the target's properties.
  Types of property 'pagination' are incompatible.
    Type 'PaginationParams | undefined' is not assignable to type 'PaginationParams'.
      Type 'undefined' is not assignable to type 'PaginationParams'.
src/repositories/InventoryRepository.ts(479,66): error TS2339: Property 'averageCost' does not exist on type 'Inventory'.
src/repositories/InventoryRepository.ts(490,29): error TS2339: Property 'status' does not exist on type 'Inventory'.
src/repositories/InventoryRepository.ts(605,29): error TS18048: 'pagination.page' is possibly 'undefined'.
src/repositories/InventoryRepository.ts(605,52): error TS18048: 'pagination.limit' is possibly 'undefined'.
src/repositories/InventoryRepository.ts(611,32): error TS2345: Argument of type 'number | undefined' is not assignable to parameter of type 'number'.
  Type 'undefined' is not assignable to type 'number'.
src/repositories/InventoryRepository.ts(615,9): error TS2322: Type '{ productName: string; productSku: string | null; product: { name: string; sku: string | null; }; type: MovementType; id: string; productId: string; createdAt: Date; quantity: number; reason: string | null; reference: string | null; }[]' is not assignable to type '(InventoryMovement & { productName: string; productSku: string; })[]'.
  Type '{ productName: string; productSku: string | null; product: { name: string; sku: string | null; }; type: $Enums.MovementType; id: string; productId: string; createdAt: Date; quantity: number; reason: string | null; reference: string | null; }' is not assignable to type 'InventoryMovement & { productName: string; productSku: string; }'.
    Type '{ productName: string; productSku: string | null; product: { name: string; sku: string | null; }; type: MovementType; id: string; productId: string; createdAt: Date; quantity: number; reason: string | null; reference: string | null; }' is missing the following properties from type 'InventoryMovement': previousQuantity, newQuantity, updatedAt
src/repositories/InventoryRepository.ts(649,13): error TS2322: Type '"ADJUSTMENT_IN" | "ADJUSTMENT_OUT"' is not assignable to type 'InventoryMovementType'.
  Type '"ADJUSTMENT_IN"' is not assignable to type 'InventoryMovementType'. Did you mean '"adjustment"'?
src/repositories/InventoryRepository.ts(651,46): error TS2339: Property 'batchReason' does not exist on type 'BulkInventoryUpdateRequest'.
src/repositories/InventoryRepository.ts(652,28): error TS2339: Property 'notes' does not exist on type 'BulkInventoryUpdateRequest'.
src/repositories/InventoryRepository.ts(683,13): error TS2353: Object literal may only specify known properties, and 'isReleased' does not exist in type 'StockReservationWhereInput'.
src/repositories/InventoryRepository.ts(685,22): error TS2353: Object literal may only specify known properties, and 'inventory' does not exist in type 'StockReservationInclude<DefaultArgs>'.
src/repositories/InventoryRepository.ts(695,15): error TS2353: Object literal may only specify known properties, and 'isReleased' does not exist in type '(Without<StockReservationUpdateInput, StockReservationUncheckedUpdateInput> & StockReservationUncheckedUpdateInput) | (Without<...> & StockReservationUpdateInput)'.
src/repositories/InventoryRepository.ts(701,24): error TS2339: Property 'inventory' does not exist on type 'PrismaClient<PrismaClientOptions, never, DefaultArgs>'.
src/repositories/InventoryRepository.ts(702,38): error TS2339: Property 'inventoryId' does not exist on type '{ id: string; productId: string; createdAt: Date; updatedAt: Date; quantity: number; orderId: string | null; expiresAt: Date; }'.
src/repositories/InventoryRepository.ts(706,29): error TS2339: Property 'inventory' does not exist on type '{ id: string; productId: string; createdAt: Date; updatedAt: Date; quantity: number; orderId: string | null; expiresAt: Date; }'.
src/repositories/InventoryRepository.ts(741,57): error TS2339: Property 'averageCost' does not exist on type 'InventoryWithDetails'.
src/repositories/OrderRepository.ts(4,3): error TS2305: Module '"../types"' has no exported member 'Order'.
src/repositories/OrderRepository.ts(5,3): error TS2305: Module '"../types"' has no exported member 'OrderItem'.
src/repositories/OrderRepository.ts(6,3): error TS2305: Module '"../types"' has no exported member 'OrderTimelineEvent'.
src/repositories/OrderRepository.ts(7,3): error TS2724: '"../types"' has no exported member named 'CreateOrderRequest'. Did you mean 'CreateUserRequest'?
src/repositories/OrderRepository.ts(8,3): error TS2305: Module '"../types"' has no exported member 'UpdateOrderStatusRequest'.
src/repositories/OrderRepository.ts(9,3): error TS2305: Module '"../types"' has no exported member 'OrderListQuery'.
src/repositories/OrderRepository.ts(10,3): error TS2305: Module '"../types"' has no exported member 'OrderSummary'.
src/repositories/OrderRepository.ts(11,3): error TS2305: Module '"../types"' has no exported member 'OrderListResponse'.
src/repositories/OrderRepository.ts(12,3): error TS2305: Module '"../types"' has no exported member 'OrderDetailResponse'.
src/repositories/OrderRepository.ts(13,3): error TS2305: Module '"../types"' has no exported member 'OrderAnalytics'.
src/repositories/OrderRepository.ts(163,11): error TS2375: Type 'CreateOrderData' is not assignable to type '(Without<OrderCreateInput, OrderUncheckedCreateInput> & OrderUncheckedCreateInput) | (Without<...> & OrderCreateInput)' with 'exactOptionalPropertyTypes: true'. Consider adding 'undefined' to the types of the target's properties.
  Type 'CreateOrderData' is not assignable to type 'Without<OrderCreateInput, OrderUncheckedCreateInput> & OrderUncheckedCreateInput' with 'exactOptionalPropertyTypes: true'. Consider adding 'undefined' to the types of the target's properties.
    Type 'CreateOrderData' is not assignable to type 'Without<OrderCreateInput, OrderUncheckedCreateInput>'.
      Types of property 'shippingAddress' are incompatible.
        Type 'any' is not assignable to type 'never'.
src/repositories/OrderRepository.ts(171,11): error TS2322: Type '{ orderId: string; productId: string; productName: string; productSku: string; productImage?: string; quantity: number; unitPrice: number; totalPrice: number; }[]' is not assignable to type 'OrderItemCreateManyInput | OrderItemCreateManyInput[]'.
  Type '{ orderId: string; productId: string; productName: string; productSku: string; productImage?: string; quantity: number; unitPrice: number; totalPrice: number; }[]' is not assignable to type 'OrderItemCreateManyInput[]'.
    Type '{ orderId: string; productId: string; productName: string; productSku: string; productImage?: string; quantity: number; unitPrice: number; totalPrice: number; }' is missing the following properties from type 'OrderItemCreateManyInput': price, total
src/repositories/OrderRepository.ts(181,13): error TS2353: Object literal may only specify known properties, and 'status' does not exist in type 'Without<OrderTimelineEventCreateInput, OrderTimelineEventUncheckedCreateInput> & OrderTimelineEventUncheckedCreateInput'.
src/repositories/OrderRepository.ts(216,7): error TS2322: Type 'OrderWithDetails | null' is not assignable to type 'OrderWithDetails'.
  Type 'null' is not assignable to type 'OrderWithDetails'.
src/repositories/OrderRepository.ts(231,15): error TS2375: Type '{ status: "DELIVERED" | "PENDING" | "CONFIRMED" | "PROCESSING" | "SHIPPED" | "CANCELLED" | "REFUNDED" | undefined; adminNotes: string | undefined; trackingNumber: string | undefined; estimatedDelivery: Date | undefined; }' is not assignable to type 'UpdateOrderData' with 'exactOptionalPropertyTypes: true'. Consider adding 'undefined' to the types of the target's properties.
  Types of property 'status' are incompatible.
    Type '"DELIVERED" | "PENDING" | "CONFIRMED" | "PROCESSING" | "SHIPPED" | "CANCELLED" | "REFUNDED" | undefined' is not assignable to type '"DELIVERED" | "PENDING" | "CONFIRMED" | "PROCESSING" | "SHIPPED" | "CANCELLED" | "REFUNDED"'.
      Type 'undefined' is not assignable to type '"DELIVERED" | "PENDING" | "CONFIRMED" | "PROCESSING" | "SHIPPED" | "CANCELLED" | "REFUNDED"'.
src/repositories/OrderRepository.ts(252,11): error TS2375: Type 'UpdateOrderData' is not assignable to type '(Without<OrderUpdateInput, OrderUncheckedUpdateInput> & OrderUncheckedUpdateInput) | (Without<...> & OrderUpdateInput)' with 'exactOptionalPropertyTypes: true'. Consider adding 'undefined' to the types of the target's properties.
  Type 'UpdateOrderData' is not assignable to type 'Without<OrderUncheckedUpdateInput, OrderUpdateInput> & OrderUpdateInput' with 'exactOptionalPropertyTypes: true'. Consider adding 'undefined' to the types of the target's properties.
    Types of property 'paymentStatus' are incompatible.
      Type '"PENDING" | "REFUNDED" | "FAILED" | "PAID" | "PARTIAL_REFUND"' is not assignable to type 'PaymentStatus | EnumPaymentStatusFieldUpdateOperationsInput'.
        Type '"PAID"' is not assignable to type 'PaymentStatus | EnumPaymentStatusFieldUpdateOperationsInput'.
src/repositories/OrderRepository.ts(259,13): error TS2353: Object literal may only specify known properties, and 'status' does not exist in type 'Without<OrderTimelineEventCreateInput, OrderTimelineEventUncheckedCreateInput> & OrderTimelineEventUncheckedCreateInput'.
src/repositories/OrderRepository.ts(408,9): error TS2379: Argument of type '{ include: { items: { include: { product: { select: { name: boolean; images: { where: { isPrimary: boolean; }; take: number; }; }; }; }; take: number; }; _count: { select: { items: boolean; }; }; }; orderBy: { createdAt: string; }; pagination: PaginationParams | undefined; }' is not assignable to parameter of type '{ include?: any; orderBy?: any; pagination?: PaginationParams; }' with 'exactOptionalPropertyTypes: true'. Consider adding 'undefined' to the types of the target's properties.
  Types of property 'pagination' are incompatible.
    Type 'PaginationParams | undefined' is not assignable to type 'PaginationParams'.
      Type 'undefined' is not assignable to type 'PaginationParams'.
src/repositories/OrderRepository.ts(609,7): error TS2322: Type 'OrderWithDetails | null' is not assignable to type 'OrderWithDetails'.
  Type 'null' is not assignable to type 'OrderWithDetails'.
src/repositories/OrderRepository.ts(636,13): error TS2353: Object literal may only specify known properties, and 'adminNotes' does not exist in type '(Without<OrderUpdateInput, OrderUncheckedUpdateInput> & OrderUncheckedUpdateInput) | (Without<...> & OrderUpdateInput)'.
src/repositories/OrderRepository.ts(644,13): error TS2353: Object literal may only specify known properties, and 'status' does not exist in type 'Without<OrderTimelineEventCreateInput, OrderTimelineEventUncheckedCreateInput> & OrderTimelineEventUncheckedCreateInput'.
src/repositories/OTPRepository.ts(4,3): error TS2305: Module '"../types"' has no exported member 'OTPCode'.
src/repositories/OTPRepository.ts(5,3): error TS2305: Module '"../types"' has no exported member 'OTPPurpose'.
src/repositories/OTPRepository.ts(42,9): error TS4114: This member must have an 'override' modifier because it overrides a member in the base class 'BaseRepository<OTPCode, CreateOTPData, UpdateOTPData>'.
src/repositories/ProductRepository.ts(390,65): error TS2379: Argument of type '{ include: { category: boolean; images: { where: { isPrimary: boolean; }; take: number; }; inventory: boolean; reviews: { select: { rating: boolean; }; take: number; }; }; pagination: PaginationParams | undefined; }' is not assignable to parameter of type '{ include?: any; orderBy?: any; pagination?: PaginationParams; }' with 'exactOptionalPropertyTypes: true'. Consider adding 'undefined' to the types of the target's properties.
  Types of property 'pagination' are incompatible.
    Type 'PaginationParams | undefined' is not assignable to type 'PaginationParams'.
      Type 'undefined' is not assignable to type 'PaginationParams'.
src/repositories/ProductRepository.ts(462,9): error TS2379: Argument of type '{ include: { category: boolean; images: { where: { isPrimary: boolean; }; take: number; }; inventory: boolean; reviews: { select: { rating: boolean; }; }; }; orderBy: { createdAt: string; }; pagination: PaginationParams | undefined; }' is not assignable to parameter of type '{ include?: any; orderBy?: any; pagination?: PaginationParams; }' with 'exactOptionalPropertyTypes: true'. Consider adding 'undefined' to the types of the target's properties.
  Types of property 'pagination' are incompatible.
    Type 'PaginationParams | undefined' is not assignable to type 'PaginationParams'.
      Type 'undefined' is not assignable to type 'PaginationParams'.
src/repositories/ProductRepository.ts(549,22): error TS2353: Object literal may only specify known properties, and 'isPrimary' does not exist in type 'ProductImageWhereInput'.
src/repositories/ProductRepository.ts(556,17): error TS2353: Object literal may only specify known properties, and 'where' does not exist in type 'OrderDefaultArgs<DefaultArgs>'.
src/repositories/ProductRepository.ts(570,31): error TS2339: Property 'orderItems' does not exist on type '{ isActive: boolean; id: string; name: string; description: string | null; shortDescription: string | null; sku: string | null; price: Decimal; comparePrice: Decimal | null; ... 16 more ...; tags: string[]; }'.
src/repositories/ProductRepository.ts(571,22): error TS7006: Parameter 'item' implicitly has an 'any' type.
src/repositories/ProductRepository.ts(572,22): error TS7006: Parameter 'sum' implicitly has an 'any' type.
src/repositories/ProductRepository.ts(572,27): error TS7006: Parameter 'item' implicitly has an 'any' type.
src/repositories/ProductRepository.ts(577,7): error TS2322: Type '{ salesCount: any; isActive: boolean; id: string; name: string; description: string | null; shortDescription: string | null; sku: string | null; price: Decimal; comparePrice: Decimal | null; ... 16 more ...; tags: string[]; }[]' is not assignable to type '(Product & { salesCount: number; })[]'.
  Type '{ salesCount: any; isActive: boolean; id: string; name: string; description: string | null; shortDescription: string | null; sku: string | null; price: Decimal; ... 17 more ...; tags: string[]; }' is not assignable to type 'Product & { salesCount: number; }'.
    Type '{ salesCount: any; isActive: boolean; id: string; name: string; description: string | null; shortDescription: string | null; sku: string | null; price: Decimal; comparePrice: Decimal | null; ... 16 more ...; tags: string[]; }' is missing the following properties from type 'Product': category, images, inventory, reviews
src/repositories/ProductRepository.ts(606,9): error TS2379: Argument of type '{ include: { category: boolean; inventory: boolean; }; orderBy: { inventory: { quantity: string; }; }[]; pagination: { page: number; limit: number; } | undefined; }' is not assignable to parameter of type '{ include?: any; orderBy?: any; pagination?: PaginationParams; }' with 'exactOptionalPropertyTypes: true'. Consider adding 'undefined' to the types of the target's properties.
  Types of property 'pagination' are incompatible.
    Type '{ page: number; limit: number; } | undefined' is not assignable to type 'PaginationParams'.
      Type 'undefined' is not assignable to type 'PaginationParams'.
src/repositories/ProductRepository.ts(637,9): error TS2379: Argument of type '{ include: { category: boolean; inventory: boolean; }; orderBy: { updatedAt: string; }; pagination: { page: number; limit: number; } | undefined; }' is not assignable to parameter of type '{ include?: any; orderBy?: any; pagination?: PaginationParams; }' with 'exactOptionalPropertyTypes: true'. Consider adding 'undefined' to the types of the target's properties.
  Types of property 'pagination' are incompatible.
    Type '{ page: number; limit: number; } | undefined' is not assignable to type 'PaginationParams'.
      Type 'undefined' is not assignable to type 'PaginationParams'.
src/repositories/ProductRepository.ts(698,48): error TS2339: Property 'inventory' does not exist on type 'PrismaClient<PrismaClientOptions, never, DefaultArgs>'.
src/repositories/ReviewRepository.ts(34,14): error TS2415: Class 'ReviewRepository' incorrectly extends base class 'BaseRepository<ProductReview, CreateReviewData, UpdateReviewData>'.
  Property 'buildOrderBy' is private in type 'ReviewRepository' but not in type 'BaseRepository<ProductReview, CreateReviewData, UpdateReviewData>'.
src/repositories/ReviewRepository.ts(88,9): error TS2375: Type '{ page: number | undefined; limit: number | undefined; }' is not assignable to type 'PaginationParams' with 'exactOptionalPropertyTypes: true'. Consider adding 'undefined' to the types of the target's properties.
  Types of property 'page' are incompatible.
    Type 'number | undefined' is not assignable to type 'number'.
      Type 'undefined' is not assignable to type 'number'.
src/repositories/ReviewRepository.ts(171,9): error TS2375: Type '{ page: number | undefined; limit: number | undefined; }' is not assignable to type 'PaginationParams' with 'exactOptionalPropertyTypes: true'. Consider adding 'undefined' to the types of the target's properties.
  Types of property 'page' are incompatible.
    Type 'number | undefined' is not assignable to type 'number'.
      Type 'undefined' is not assignable to type 'number'.
src/repositories/ReviewRepository.ts(193,7): error TS2739: Type '{ isVerified: boolean; id: string; rating: number; productId: string; userId: string; title: string | null; comment: string | null; createdAt: Date; updatedAt: Date; }' is missing the following properties from type 'ProductReview': isApproved, helpfulVotes, product, user
src/repositories/ReviewRepository.ts(214,13): error TS2820: Type '"delivered"' is not assignable to type 'EnumOrderStatusFilter<"Order"> | OrderStatus | undefined'. Did you mean '"DELIVERED"'?
src/repositories/ReviewRepository.ts(229,15): error TS2375: Type '{ productId: string; userId: string; orderId: string | undefined; rating: number; title: string | undefined; comment: string | undefined; isVerified: boolean; isApproved: true; helpfulVotes: number; }' is not assignable to type 'CreateReviewData' with 'exactOptionalPropertyTypes: true'. Consider adding 'undefined' to the types of the target's properties.
  Types of property 'orderId' are incompatible.
    Type 'string | undefined' is not assignable to type 'string'.
      Type 'undefined' is not assignable to type 'string'.
src/repositories/ReviewRepository.ts(259,13): error TS2353: Object literal may only specify known properties, and 'order' does not exist in type 'ProductReviewInclude<DefaultArgs>'.
src/repositories/ReviewRepository.ts(295,7): error TS2739: Type '{ product: { id: string; name: string; slug: string; }; user: { firstName: string; lastName: string; id: string; avatar: string | null; }; } & { isVerified: boolean; id: string; rating: number; productId: string; ... 4 more ...; updatedAt: Date; }' is missing the following properties from type 'ProductReview': isApproved, helpfulVotes
src/repositories/ReviewRepository.ts(446,11): error TS2375: Type '{ page: number | undefined; limit: number | undefined; }' is not assignable to type 'PaginationParams' with 'exactOptionalPropertyTypes: true'. Consider adding 'undefined' to the types of the target's properties.
  Types of property 'page' are incompatible.
    Type 'number | undefined' is not assignable to type 'number'.
      Type 'undefined' is not assignable to type 'number'.
src/repositories/ReviewRepository.ts(469,7): error TS2739: Type '{ isVerified: boolean; id: string; rating: number; productId: string; userId: string; title: string | null; comment: string | null; createdAt: Date; updatedAt: Date; }' is missing the following properties from type 'ProductReview': isApproved, helpfulVotes, product, user
src/repositories/ReviewRepository.ts(472,19): error TS2353: Object literal may only specify known properties, and 'isApproved' does not exist in type '(Without<ProductReviewUpdateInput, ProductReviewUncheckedUpdateInput> & ProductReviewUncheckedUpdateInput) | (Without<...> & ProductReviewUpdateInput)'.
src/repositories/ReviewRepository.ts(593,11): error TS4114: This member must have an 'override' modifier because it overrides a member in the base class 'BaseRepository<ProductReview, CreateReviewData, UpdateReviewData>'.
src/repositories/SessionRepository.ts(51,9): error TS2353: Object literal may only specify known properties, and 'lastUsedAt' does not exist in type 'CreateSessionData'.
src/repositories/UserRepository.ts(164,40): error TS2379: Argument of type 'UpdateUserProfileRequest' is not assignable to parameter of type 'UpdateUserData' with 'exactOptionalPropertyTypes: true'. Consider adding 'undefined' to the types of the target's properties.
  Types of property 'dateOfBirth' are incompatible.
    Type 'string' is not assignable to type 'Date'.
src/repositories/UserRepository.ts(379,9): error TS2322: Type 'User[]' is not assignable to type 'PublicUser[]'.
  Property 'userId' is missing in type 'User' but required in type 'PublicUser'.
src/repositories/UserRepository.ts(400,7): error TS2322: Type '{ data: User[]; pagination: PaginationMeta; }' is not assignable to type '{ data: (User & { _count: { orders: number; }; orders: any[]; })[]; pagination: any; }'.
  Types of property 'data' are incompatible.
    Type 'User[]' is not assignable to type '(User & { _count: { orders: number; }; orders: any[]; })[]'.
      Type 'User' is not assignable to type 'User & { _count: { orders: number; }; orders: any[]; }' with 'exactOptionalPropertyTypes: true'. Consider adding 'undefined' to the types of the target's properties.
        Property '_count' is missing in type 'User' but required in type '{ _count: { orders: number; }; orders: any[]; }'.
src/repositories/UserRepository.ts(402,9): error TS2379: Argument of type '{ include: { orders: { orderBy: { createdAt: string; }; take: number; include: { items: { include: { product: boolean; }; take: number; }; }; }; _count: { select: { orders: boolean; }; }; }; orderBy: { createdAt: string; }; pagination: PaginationParams | undefined; }' is not assignable to parameter of type '{ include?: any; orderBy?: any; pagination?: PaginationParams; }' with 'exactOptionalPropertyTypes: true'. Consider adding 'undefined' to the types of the target's properties.
  Types of property 'pagination' are incompatible.
    Type 'PaginationParams | undefined' is not assignable to type 'PaginationParams'.
      Type 'undefined' is not assignable to type 'PaginationParams'.
src/repositories/UserRepository.ts(469,15): error TS2353: Object literal may only specify known properties, and 'totalAmount' does not exist in type 'OrderSelect<DefaultArgs>'.
src/repositories/UserRepository.ts(479,39): error TS2339: Property 'orders' does not exist on type '{ role: Role; isVerified: boolean; isActive: boolean; firstName: string; lastName: string; phoneNumber: string; id: string; createdAt: Date; email: string | null; avatar: string | null; status: Status; lastLoginAt: Date | null; updatedAt: Date; }'.
src/repositories/UserRepository.ts(480,14): error TS7006: Parameter 'sum' implicitly has an 'any' type.
src/repositories/UserRepository.ts(480,19): error TS7006: Parameter 'order' implicitly has an 'any' type.
src/repositories/UserRepository.ts(483,39): error TS2339: Property 'orders' does not exist on type '{ role: Role; isVerified: boolean; isActive: boolean; firstName: string; lastName: string; phoneNumber: string; id: string; createdAt: Date; email: string | null; avatar: string | null; status: Status; lastLoginAt: Date | null; updatedAt: Date; }'.
src/repositories/UserRepository.ts(485,22): error TS2339: Property 'orders' does not exist on type '{ role: Role; isVerified: boolean; isActive: boolean; firstName: string; lastName: string; phoneNumber: string; id: string; createdAt: Date; email: string | null; avatar: string | null; status: Status; lastLoginAt: Date | null; updatedAt: Date; }'.
src/repositories/UserRepository.ts(487,40): error TS2339: Property 'orders' does not exist on type '{ role: Role; isVerified: boolean; isActive: boolean; firstName: string; lastName: string; phoneNumber: string; id: string; createdAt: Date; email: string | null; avatar: string | null; status: Status; lastLoginAt: Date | null; updatedAt: Date; }'.
src/repositories/UserRepository.ts(487,52): error TS7006: Parameter 'o' implicitly has an 'any' type.
src/repositories/UserRepository.ts(502,7): error TS2322: Type '{ user: { role: Role; isVerified: boolean; isActive: boolean; firstName: string; lastName: string; phoneNumber: string; id: string; createdAt: Date; email: string | null; avatar: string | null; status: Status; lastLoginAt: Date | null; updatedAt: Date; }; totalSpent: any; orderCount: any; lastOrderDate: Date; }[]' is not assignable to type '{ user: User; totalSpent: number; orderCount: number; lastOrderDate: Date; }[]'.
  Type '{ user: { role: $Enums.Role; isVerified: boolean; isActive: boolean; firstName: string; lastName: string; phoneNumber: string; id: string; createdAt: Date; email: string | null; avatar: string | null; status: $Enums.Status; lastLoginAt: Date | null; updatedAt: Date; }; totalSpent: any; orderCount: any; lastOrderDate...' is not assignable to type '{ user: User; totalSpent: number; orderCount: number; lastOrderDate: Date; }'.
    The types of 'user.email' are incompatible between these types.
      Type 'string | null' is not assignable to type 'string'.
        Type 'null' is not assignable to type 'string'.
src/repositories/UserRepository.ts(528,9): error TS2379: Argument of type '{ orderBy: { lastLoginAt: string; }; pagination: PaginationParams | undefined; }' is not assignable to parameter of type '{ include?: any; orderBy?: any; pagination?: PaginationParams; }' with 'exactOptionalPropertyTypes: true'. Consider adding 'undefined' to the types of the target's properties.
  Types of property 'pagination' are incompatible.
    Type 'PaginationParams | undefined' is not assignable to type 'PaginationParams'.
      Type 'undefined' is not assignable to type 'PaginationParams'.
src/repositories/UserRepository.ts(569,65): error TS2379: Argument of type '{ include: { addresses: boolean; _count: { select: { orders: boolean; reviews: boolean; }; }; }; pagination: PaginationParams | undefined; }' is not assignable to parameter of type '{ include?: any; orderBy?: any; pagination?: PaginationParams; }' with 'exactOptionalPropertyTypes: true'. Consider adding 'undefined' to the types of the target's properties.
  Types of property 'pagination' are incompatible.
    Type 'PaginationParams | undefined' is not assignable to type 'PaginationParams'.
      Type 'undefined' is not assignable to type 'PaginationParams'.
src/repositories/UserRepository.ts(632,44): error TS2339: Property 'totalAmount' does not exist on type '{ items: ({ product: { category: { isActive: boolean; id: string; name: string; description: string | null; sortOrder: number; parentId: string | null; imageUrl: string | null; createdAt: Date; updatedAt: Date; slug: string; }; } & { ...; }; } & { ...; })[]; } & { ...; }'.
src/routes/index.ts(2,10): error TS2305: Module '"../middleware/security/helmet"' has no exported member 'helmetMiddleware'.
src/routes/index.ts(6,33): error TS2307: Cannot find module '../middleware/error/notFound' or its corresponding type declarations.
src/routes/index.ts(22,25): error TS2307: Cannot find module './admin' or its corresponding type declarations.
src/routes/index.ts(25,27): error TS2307: Cannot find module './webhooks' or its corresponding type declarations.
src/routes/index.ts(32,12): error TS2304: Cannot find name 'corsMiddleware'.
src/routes/index.ts(40,3): error TS2349: This expression is not callable.
  Type '{ general: RateLimitRequestHandler; auth: RateLimitRequestHandler; otp: RateLimitRequestHandler; authenticated: RateLimitRequestHandler; admin: RateLimitRequestHandler; payment: RateLimitRequestHandler; upload: RateLimitRequestHandler; }' has no call signatures.
src/routes/v1/addresses.ts(10,8): error TS2307: Cannot find module '../../utils/validation/schemas/userSchemas' or its corresponding type declarations.
src/routes/v1/addresses.ts(23,28): error TS2349: This expression is not callable.
  Type '{ general: RateLimitRequestHandler; auth: RateLimitRequestHandler; otp: RateLimitRequestHandler; authenticated: RateLimitRequestHandler; admin: RateLimitRequestHandler; payment: RateLimitRequestHandler; upload: RateLimitRequestHandler; }' has no call signatures.
src/routes/v1/addresses.ts(42,46): error TS2379: Argument of type 'Request<ParamsDictionary, any, any, ParsedQs, Record<string, any>>' is not assignable to parameter of type 'AuthenticatedRequest' with 'exactOptionalPropertyTypes: true'. Consider adding 'undefined' to the types of the target's properties.
  Types of property 'user' are incompatible.
    Type '{ id: string; phoneNumber: string; email?: string; firstName: string; lastName: string; role: UserRole; isVerified: boolean; sessionId?: string; }' is missing the following properties from type 'PublicUser': userId, createdAt
src/routes/v1/addresses.ts(55,49): error TS2379: Argument of type 'Request<ParamsDictionary, any, any, ParsedQs, Record<string, any>>' is not assignable to parameter of type 'AuthenticatedRequest' with 'exactOptionalPropertyTypes: true'. Consider adding 'undefined' to the types of the target's properties.
  Types of property 'user' are incompatible.
    Type '{ id: string; phoneNumber: string; email?: string; firstName: string; lastName: string; role: UserRole; isVerified: boolean; sessionId?: string; }' is missing the following properties from type 'PublicUser': userId, createdAt
src/routes/v1/addresses.ts(86,45): error TS2379: Argument of type 'Request<ParamsDictionary, any, any, ParsedQs, Record<string, any>>' is not assignable to parameter of type 'AuthenticatedRequest' with 'exactOptionalPropertyTypes: true'. Consider adding 'undefined' to the types of the target's properties.
  Types of property 'user' are incompatible.
    Type '{ id: string; phoneNumber: string; email?: string; firstName: string; lastName: string; role: UserRole; isVerified: boolean; sessionId?: string; }' is missing the following properties from type 'PublicUser': userId, createdAt
src/routes/v1/addresses.ts(101,44): error TS2379: Argument of type 'Request<ParamsDictionary, any, any, ParsedQs, Record<string, any>>' is not assignable to parameter of type 'AuthenticatedRequest' with 'exactOptionalPropertyTypes: true'. Consider adding 'undefined' to the types of the target's properties.
  Types of property 'user' are incompatible.
    Type '{ id: string; phoneNumber: string; email?: string; firstName: string; lastName: string; role: UserRole; isVerified: boolean; sessionId?: string; }' is missing the following properties from type 'PublicUser': userId, createdAt
src/routes/v1/addresses.ts(121,45): error TS2379: Argument of type 'Request<ParamsDictionary, any, any, ParsedQs, Record<string, any>>' is not assignable to parameter of type 'AuthenticatedRequest' with 'exactOptionalPropertyTypes: true'. Consider adding 'undefined' to the types of the target's properties.
  Types of property 'user' are incompatible.
    Type '{ id: string; phoneNumber: string; email?: string; firstName: string; lastName: string; role: UserRole; isVerified: boolean; sessionId?: string; }' is missing the following properties from type 'PublicUser': userId, createdAt
src/routes/v1/addresses.ts(140,45): error TS2379: Argument of type 'Request<ParamsDictionary, any, any, ParsedQs, Record<string, any>>' is not assignable to parameter of type 'AuthenticatedRequest' with 'exactOptionalPropertyTypes: true'. Consider adding 'undefined' to the types of the target's properties.
  Types of property 'user' are incompatible.
    Type '{ id: string; phoneNumber: string; email?: string; firstName: string; lastName: string; role: UserRole; isVerified: boolean; sessionId?: string; }' is missing the following properties from type 'PublicUser': userId, createdAt
src/routes/v1/addresses.ts(160,49): error TS2379: Argument of type 'Request<ParamsDictionary, any, any, ParsedQs, Record<string, any>>' is not assignable to parameter of type 'AuthenticatedRequest' with 'exactOptionalPropertyTypes: true'. Consider adding 'undefined' to the types of the target's properties.
  Types of property 'user' are incompatible.
    Type '{ id: string; phoneNumber: string; email?: string; firstName: string; lastName: string; role: UserRole; isVerified: boolean; sessionId?: string; }' is missing the following properties from type 'PublicUser': userId, createdAt
src/routes/v1/addresses.ts(180,51): error TS2379: Argument of type 'Request<ParamsDictionary, any, any, ParsedQs, Record<string, any>>' is not assignable to parameter of type 'AuthenticatedRequest' with 'exactOptionalPropertyTypes: true'. Consider adding 'undefined' to the types of the target's properties.
  Types of property 'user' are incompatible.
    Type '{ id: string; phoneNumber: string; email?: string; firstName: string; lastName: string; role: UserRole; isVerified: boolean; sessionId?: string; }' is missing the following properties from type 'PublicUser': userId, createdAt
src/routes/v1/addresses.ts(486,32): error TS7030: Not all code paths return a value.
src/routes/v1/auth.ts(32,10): error TS2724: '"../../services/auth/AuthService"' has no exported member named 'authService'. Did you mean 'AuthService'?
src/routes/v1/auth.ts(33,10): error TS2724: '"../../services/auth/OTPService"' has no exported member named 'otpService'. Did you mean 'OTPService'?
src/routes/v1/auth.ts(34,10): error TS2724: '"../../services/auth/SessionService"' has no exported member named 'sessionService'. Did you mean 'SessionService'?
src/routes/v1/auth.ts(73,3): error TS2349: This expression is not callable.
  Type '{ general: RateLimitRequestHandler; auth: RateLimitRequestHandler; otp: RateLimitRequestHandler; authenticated: RateLimitRequestHandler; admin: RateLimitRequestHandler; payment: RateLimitRequestHandler; upload: RateLimitRequestHandler; }' has no call signatures.
src/routes/v1/auth.ts(78,19): error TS2559: Type 'ObjectSchema<any>' has no properties in common with type 'ValidationOptions'.
src/routes/v1/auth.ts(106,3): error TS2349: This expression is not callable.
  Type '{ general: RateLimitRequestHandler; auth: RateLimitRequestHandler; otp: RateLimitRequestHandler; authenticated: RateLimitRequestHandler; admin: RateLimitRequestHandler; payment: RateLimitRequestHandler; upload: RateLimitRequestHandler; }' has no call signatures.
src/routes/v1/auth.ts(111,19): error TS2559: Type 'ObjectSchema<any>' has no properties in common with type 'ValidationOptions'.
src/routes/v1/auth.ts(139,3): error TS2349: This expression is not callable.
  Type '{ general: RateLimitRequestHandler; auth: RateLimitRequestHandler; otp: RateLimitRequestHandler; authenticated: RateLimitRequestHandler; admin: RateLimitRequestHandler; payment: RateLimitRequestHandler; upload: RateLimitRequestHandler; }' has no call signatures.
src/routes/v1/auth.ts(144,19): error TS2559: Type 'ObjectSchema<any>' has no properties in common with type 'ValidationOptions'.
src/routes/v1/auth.ts(170,3): error TS2349: This expression is not callable.
  Type '{ general: RateLimitRequestHandler; auth: RateLimitRequestHandler; otp: RateLimitRequestHandler; authenticated: RateLimitRequestHandler; admin: RateLimitRequestHandler; payment: RateLimitRequestHandler; upload: RateLimitRequestHandler; }' has no call signatures.
src/routes/v1/auth.ts(175,19): error TS2559: Type 'ObjectSchema<any>' has no properties in common with type 'ValidationOptions'.
src/routes/v1/auth.ts(200,3): error TS2349: This expression is not callable.
  Type '{ general: RateLimitRequestHandler; auth: RateLimitRequestHandler; otp: RateLimitRequestHandler; authenticated: RateLimitRequestHandler; admin: RateLimitRequestHandler; payment: RateLimitRequestHandler; upload: RateLimitRequestHandler; }' has no call signatures.
src/routes/v1/auth.ts(205,19): error TS2559: Type 'ObjectSchema<any>' has no properties in common with type 'ValidationOptions'.
src/routes/v1/auth.ts(234,31): error TS2339: Property 'logout' does not exist on type '{ requestOTP: ObjectSchema<any>; verifyOTP: ObjectSchema<any>; signup: ObjectSchema<any>; login: ObjectSchema<any>; refreshToken: ObjectSchema<...>; resetPassword: ObjectSchema<...>; changePassword: ObjectSchema<...>; }'.
src/routes/v1/auth.ts(235,3): error TS2769: No overload matches this call.
  The last overload gave the following error.
    Argument of type '(req: AuthenticatedRequest, res: Response) => Promise<void>' is not assignable to parameter of type 'RequestHandlerParams<ParamsDictionary, any, any, ParsedQs, Record<string, any>>'.
      Type '(req: AuthenticatedRequest, res: Response) => Promise<void>' is not assignable to type 'RequestHandler<ParamsDictionary, any, any, ParsedQs, Record<string, any>>'.
        Types of parameters 'req' and 'req' are incompatible.
          Type 'Request<ParamsDictionary, any, any, ParsedQs, Record<string, any>>' is not assignable to type 'AuthenticatedRequest' with 'exactOptionalPropertyTypes: true'. Consider adding 'undefined' to the types of the target's properties.
            Types of property 'user' are incompatible.
              Type '{ id: string; phoneNumber: string; email?: string; firstName: string; lastName: string; role: UserRole; isVerified: boolean; sessionId?: string; }' is missing the following properties from type 'PublicUser': userId, createdAt
src/routes/v1/auth.ts(266,33): error TS2769: No overload matches this call.
  The last overload gave the following error.
    Argument of type '(req: AuthenticatedRequest, res: Response) => Promise<void>' is not assignable to parameter of type 'RequestHandlerParams<ParamsDictionary, any, any, ParsedQs, Record<string, any>>'.
      Type '(req: AuthenticatedRequest, res: Response) => Promise<void>' is not assignable to type 'RequestHandler<ParamsDictionary, any, any, ParsedQs, Record<string, any>>'.
        Types of parameters 'req' and 'req' are incompatible.
          Type 'Request<ParamsDictionary, any, any, ParsedQs, Record<string, any>>' is not assignable to type 'AuthenticatedRequest' with 'exactOptionalPropertyTypes: true'. Consider adding 'undefined' to the types of the target's properties.
            Types of property 'user' are incompatible.
              Type '{ id: string; phoneNumber: string; email?: string; firstName: string; lastName: string; role: UserRole; isVerified: boolean; sessionId?: string; }' is missing the following properties from type 'PublicUser': userId, createdAt
src/routes/v1/auth.ts(289,3): error TS2349: This expression is not callable.
  Type '{ general: RateLimitRequestHandler; auth: RateLimitRequestHandler; otp: RateLimitRequestHandler; authenticated: RateLimitRequestHandler; admin: RateLimitRequestHandler; payment: RateLimitRequestHandler; upload: RateLimitRequestHandler; }' has no call signatures.
src/routes/v1/auth.ts(309,3): error TS2349: This expression is not callable.
  Type '{ general: RateLimitRequestHandler; auth: RateLimitRequestHandler; otp: RateLimitRequestHandler; authenticated: RateLimitRequestHandler; admin: RateLimitRequestHandler; payment: RateLimitRequestHandler; upload: RateLimitRequestHandler; }' has no call signatures.
src/routes/v1/auth.ts(325,3): error TS2349: This expression is not callable.
  Type '{ general: RateLimitRequestHandler; auth: RateLimitRequestHandler; otp: RateLimitRequestHandler; authenticated: RateLimitRequestHandler; admin: RateLimitRequestHandler; payment: RateLimitRequestHandler; upload: RateLimitRequestHandler; }' has no call signatures.
src/routes/v1/auth.ts(340,3): error TS2349: This expression is not callable.
  Type '{ general: RateLimitRequestHandler; auth: RateLimitRequestHandler; otp: RateLimitRequestHandler; authenticated: RateLimitRequestHandler; admin: RateLimitRequestHandler; payment: RateLimitRequestHandler; upload: RateLimitRequestHandler; }' has no call signatures.
src/routes/v1/cart.ts(30,29): error TS2307: Cannot find module '../../utils/validation/schemas/cartSchemas' or its corresponding type declarations.
src/routes/v1/cart.ts(33,10): error TS2724: '"../../services/cart/CartService"' has no exported member named 'cartService'. Did you mean 'CartService'?
src/routes/v1/cart.ts(93,17): error TS2769: No overload matches this call.
  The last overload gave the following error.
    Argument of type '(req: AuthenticatedRequest, res: Response) => Promise<void>' is not assignable to parameter of type 'Application<Record<string, any>>'.
      Type '(req: AuthenticatedRequest, res: Response<any, Record<string, any>>) => Promise<void>' is missing the following properties from type 'Application<Record<string, any>>': init, defaultConfiguration, engine, set, and 63 more.
src/routes/v1/cart.ts(124,3): error TS2349: This expression is not callable.
  Type '{ general: RateLimitRequestHandler; auth: RateLimitRequestHandler; otp: RateLimitRequestHandler; authenticated: RateLimitRequestHandler; admin: RateLimitRequestHandler; payment: RateLimitRequestHandler; upload: RateLimitRequestHandler; }' has no call signatures.
src/routes/v1/cart.ts(130,3): error TS2769: No overload matches this call.
  The last overload gave the following error.
    Argument of type '(req: AuthenticatedRequest, res: Response) => Promise<void>' is not assignable to parameter of type 'RequestHandlerParams<ParamsDictionary, any, any, ParsedQs, Record<string, any>>'.
      Type '(req: AuthenticatedRequest, res: Response) => Promise<void>' is not assignable to type 'RequestHandler<ParamsDictionary, any, any, ParsedQs, Record<string, any>>'.
        Types of parameters 'req' and 'req' are incompatible.
          Type 'Request<ParamsDictionary, any, any, ParsedQs, Record<string, any>>' is not assignable to type 'AuthenticatedRequest' with 'exactOptionalPropertyTypes: true'. Consider adding 'undefined' to the types of the target's properties.
            Types of property 'user' are incompatible.
              Type '{ id: string; phoneNumber: string; email?: string; firstName: string; lastName: string; role: UserRole; isVerified: boolean; sessionId?: string; }' is missing the following properties from type 'PublicUser': userId, createdAt
src/routes/v1/cart.ts(162,3): error TS2349: This expression is not callable.
  Type '{ general: RateLimitRequestHandler; auth: RateLimitRequestHandler; otp: RateLimitRequestHandler; authenticated: RateLimitRequestHandler; admin: RateLimitRequestHandler; payment: RateLimitRequestHandler; upload: RateLimitRequestHandler; }' has no call signatures.
src/routes/v1/cart.ts(167,3): error TS2769: No overload matches this call.
  The last overload gave the following error.
    Argument of type '(req: AuthenticatedRequest, res: Response) => Promise<void>' is not assignable to parameter of type 'RequestHandlerParams<ParamsDictionary, any, any, ParsedQs, Record<string, any>>'.
      Type '(req: AuthenticatedRequest, res: Response) => Promise<void>' is not assignable to type 'RequestHandler<ParamsDictionary, any, any, ParsedQs, Record<string, any>>'.
        Types of parameters 'req' and 'req' are incompatible.
          Type 'Request<ParamsDictionary, any, any, ParsedQs, Record<string, any>>' is not assignable to type 'AuthenticatedRequest' with 'exactOptionalPropertyTypes: true'. Consider adding 'undefined' to the types of the target's properties.
            Types of property 'user' are incompatible.
              Type '{ id: string; phoneNumber: string; email?: string; firstName: string; lastName: string; role: UserRole; isVerified: boolean; sessionId?: string; }' is missing the following properties from type 'PublicUser': userId, createdAt
src/routes/v1/cart.ts(197,3): error TS2349: This expression is not callable.
  Type '{ general: RateLimitRequestHandler; auth: RateLimitRequestHandler; otp: RateLimitRequestHandler; authenticated: RateLimitRequestHandler; admin: RateLimitRequestHandler; payment: RateLimitRequestHandler; upload: RateLimitRequestHandler; }' has no call signatures.
src/routes/v1/cart.ts(201,3): error TS2769: No overload matches this call.
  The last overload gave the following error.
    Argument of type '(req: AuthenticatedRequest, res: Response) => Promise<void>' is not assignable to parameter of type 'RequestHandlerParams<ParamsDictionary, any, any, ParsedQs, Record<string, any>>'.
      Type '(req: AuthenticatedRequest, res: Response) => Promise<void>' is not assignable to type 'RequestHandler<ParamsDictionary, any, any, ParsedQs, Record<string, any>>'.
        Types of parameters 'req' and 'req' are incompatible.
          Type 'Request<ParamsDictionary, any, any, ParsedQs, Record<string, any>>' is not assignable to type 'AuthenticatedRequest' with 'exactOptionalPropertyTypes: true'. Consider adding 'undefined' to the types of the target's properties.
            Types of property 'user' are incompatible.
              Type '{ id: string; phoneNumber: string; email?: string; firstName: string; lastName: string; role: UserRole; isVerified: boolean; sessionId?: string; }' is missing the following properties from type 'PublicUser': userId, createdAt
src/routes/v1/cart.ts(224,25): error TS2769: No overload matches this call.
  The last overload gave the following error.
    Argument of type '(req: AuthenticatedRequest, res: Response) => Promise<void>' is not assignable to parameter of type 'Application<Record<string, any>>'.
      Type '(req: AuthenticatedRequest, res: Response<any, Record<string, any>>) => Promise<void>' is missing the following properties from type 'Application<Record<string, any>>': init, defaultConfiguration, engine, set, and 63 more.
src/routes/v1/cart.ts(247,3): error TS2349: This expression is not callable.
  Type '{ general: RateLimitRequestHandler; auth: RateLimitRequestHandler; otp: RateLimitRequestHandler; authenticated: RateLimitRequestHandler; admin: RateLimitRequestHandler; payment: RateLimitRequestHandler; upload: RateLimitRequestHandler; }' has no call signatures.
src/routes/v1/cart.ts(251,3): error TS2769: No overload matches this call.
  The last overload gave the following error.
    Argument of type '(req: AuthenticatedRequest, res: Response) => Promise<void>' is not assignable to parameter of type 'RequestHandlerParams<ParamsDictionary, any, any, ParsedQs, Record<string, any>>'.
      Type '(req: AuthenticatedRequest, res: Response) => Promise<void>' is not assignable to type 'RequestHandler<ParamsDictionary, any, any, ParsedQs, Record<string, any>>'.
        Types of parameters 'req' and 'req' are incompatible.
          Type 'Request<ParamsDictionary, any, any, ParsedQs, Record<string, any>>' is not assignable to type 'AuthenticatedRequest' with 'exactOptionalPropertyTypes: true'. Consider adding 'undefined' to the types of the target's properties.
            Types of property 'user' are incompatible.
              Type '{ id: string; phoneNumber: string; email?: string; firstName: string; lastName: string; role: UserRole; isVerified: boolean; sessionId?: string; }' is missing the following properties from type 'PublicUser': userId, createdAt
src/routes/v1/cart.ts(281,26): error TS2769: No overload matches this call.
  The last overload gave the following error.
    Argument of type '(req: AuthenticatedRequest, res: Response) => Promise<void>' is not assignable to parameter of type 'Application<Record<string, any>>'.
      Type '(req: AuthenticatedRequest, res: Response<any, Record<string, any>>) => Promise<void>' is missing the following properties from type 'Application<Record<string, any>>': init, defaultConfiguration, engine, set, and 63 more.
src/routes/v1/cart.ts(318,3): error TS2769: No overload matches this call.
  The last overload gave the following error.
    Argument of type '(req: AuthenticatedRequest, res: Response) => Promise<void>' is not assignable to parameter of type 'RequestHandlerParams<ParamsDictionary, any, any, ParsedQs, Record<string, any>>'.
      Type '(req: AuthenticatedRequest, res: Response) => Promise<void>' is not assignable to type 'RequestHandler<ParamsDictionary, any, any, ParsedQs, Record<string, any>>'.
        Types of parameters 'req' and 'req' are incompatible.
          Type 'Request<ParamsDictionary, any, any, ParsedQs, Record<string, any>>' is not assignable to type 'AuthenticatedRequest' with 'exactOptionalPropertyTypes: true'. Consider adding 'undefined' to the types of the target's properties.
            Types of property 'user' are incompatible.
              Type '{ id: string; phoneNumber: string; email?: string; firstName: string; lastName: string; role: UserRole; isVerified: boolean; sessionId?: string; }' is missing the following properties from type 'PublicUser': userId, createdAt
src/routes/v1/cart.ts(358,3): error TS2349: This expression is not callable.
  Type '{ general: RateLimitRequestHandler; auth: RateLimitRequestHandler; otp: RateLimitRequestHandler; authenticated: RateLimitRequestHandler; admin: RateLimitRequestHandler; payment: RateLimitRequestHandler; upload: RateLimitRequestHandler; }' has no call signatures.
src/routes/v1/cart.ts(364,3): error TS2769: No overload matches this call.
  The last overload gave the following error.
    Argument of type '(req: AuthenticatedRequest, res: Response) => Promise<void>' is not assignable to parameter of type 'RequestHandlerParams<ParamsDictionary, any, any, ParsedQs, Record<string, any>>'.
      Type '(req: AuthenticatedRequest, res: Response) => Promise<void>' is not assignable to type 'RequestHandler<ParamsDictionary, any, any, ParsedQs, Record<string, any>>'.
        Types of parameters 'req' and 'req' are incompatible.
          Type 'Request<ParamsDictionary, any, any, ParsedQs, Record<string, any>>' is not assignable to type 'AuthenticatedRequest' with 'exactOptionalPropertyTypes: true'. Consider adding 'undefined' to the types of the target's properties.
            Types of property 'user' are incompatible.
              Type '{ id: string; phoneNumber: string; email?: string; firstName: string; lastName: string; role: UserRole; isVerified: boolean; sessionId?: string; }' is missing the following properties from type 'PublicUser': userId, createdAt
src/routes/v1/cart.ts(387,33): error TS2769: No overload matches this call.
  The last overload gave the following error.
    Argument of type '(req: AuthenticatedRequest, res: Response) => Promise<void>' is not assignable to parameter of type 'Application<Record<string, any>>'.
      Type '(req: AuthenticatedRequest, res: Response<any, Record<string, any>>) => Promise<void>' is missing the following properties from type 'Application<Record<string, any>>': init, defaultConfiguration, engine, set, and 63 more.
src/routes/v1/cart.ts(428,3): error TS2769: No overload matches this call.
  The last overload gave the following error.
    Argument of type '(req: AuthenticatedRequest, res: Response) => Promise<void>' is not assignable to parameter of type 'RequestHandlerParams<ParamsDictionary, any, any, ParsedQs, Record<string, any>>'.
      Type '(req: AuthenticatedRequest, res: Response) => Promise<void>' is not assignable to type 'RequestHandler<ParamsDictionary, any, any, ParsedQs, Record<string, any>>'.
        Types of parameters 'req' and 'req' are incompatible.
          Type 'Request<ParamsDictionary, any, any, ParsedQs, Record<string, any>>' is not assignable to type 'AuthenticatedRequest' with 'exactOptionalPropertyTypes: true'. Consider adding 'undefined' to the types of the target's properties.
            Types of property 'user' are incompatible.
              Type '{ id: string; phoneNumber: string; email?: string; firstName: string; lastName: string; role: UserRole; isVerified: boolean; sessionId?: string; }' is missing the following properties from type 'PublicUser': userId, createdAt
src/routes/v1/cart.ts(467,3): error TS2769: No overload matches this call.
  The last overload gave the following error.
    Argument of type '(req: AuthenticatedRequest, res: Response) => Promise<void>' is not assignable to parameter of type 'RequestHandlerParams<ParamsDictionary, any, any, ParsedQs, Record<string, any>>'.
      Type '(req: AuthenticatedRequest, res: Response) => Promise<void>' is not assignable to type 'RequestHandler<ParamsDictionary, any, any, ParsedQs, Record<string, any>>'.
        Types of parameters 'req' and 'req' are incompatible.
          Type 'Request<ParamsDictionary, any, any, ParsedQs, Record<string, any>>' is not assignable to type 'AuthenticatedRequest' with 'exactOptionalPropertyTypes: true'. Consider adding 'undefined' to the types of the target's properties.
            Types of property 'user' are incompatible.
              Type '{ id: string; phoneNumber: string; email?: string; firstName: string; lastName: string; role: UserRole; isVerified: boolean; sessionId?: string; }' is missing the following properties from type 'PublicUser': userId, createdAt
src/routes/v1/cart.ts(500,3): error TS2769: No overload matches this call.
  The last overload gave the following error.
    Argument of type '(req: AuthenticatedRequest, res: Response) => Promise<void>' is not assignable to parameter of type 'RequestHandlerParams<ParamsDictionary, any, any, ParsedQs, Record<string, any>>'.
      Type '(req: AuthenticatedRequest, res: Response) => Promise<void>' is not assignable to type 'RequestHandler<ParamsDictionary, any, any, ParsedQs, Record<string, any>>'.
        Types of parameters 'req' and 'req' are incompatible.
          Type 'Request<ParamsDictionary, any, any, ParsedQs, Record<string, any>>' is not assignable to type 'AuthenticatedRequest' with 'exactOptionalPropertyTypes: true'. Consider adding 'undefined' to the types of the target's properties.
            Types of property 'user' are incompatible.
              Type '{ id: string; phoneNumber: string; email?: string; firstName: string; lastName: string; role: UserRole; isVerified: boolean; sessionId?: string; }' is missing the following properties from type 'PublicUser': userId, createdAt
src/routes/v1/cart.ts(533,3): error TS2769: No overload matches this call.
  The last overload gave the following error.
    Argument of type '(req: AuthenticatedRequest, res: Response) => Promise<void>' is not assignable to parameter of type 'RequestHandlerParams<ParamsDictionary, any, any, ParsedQs, Record<string, any>>'.
      Type '(req: AuthenticatedRequest, res: Response) => Promise<void>' is not assignable to type 'RequestHandler<ParamsDictionary, any, any, ParsedQs, Record<string, any>>'.
        Types of parameters 'req' and 'req' are incompatible.
          Type 'Request<ParamsDictionary, any, any, ParsedQs, Record<string, any>>' is not assignable to type 'AuthenticatedRequest' with 'exactOptionalPropertyTypes: true'. Consider adding 'undefined' to the types of the target's properties.
            Types of property 'user' are incompatible.
              Type '{ id: string; phoneNumber: string; email?: string; firstName: string; lastName: string; role: UserRole; isVerified: boolean; sessionId?: string; }' is missing the following properties from type 'PublicUser': userId, createdAt
src/routes/v1/categories.ts(8,3): error TS2724: '"../../utils/validation/schemas/productSchemas"' has no exported member named 'createCategorySchema'. Did you mean 'categorySchemas'?
src/routes/v1/categories.ts(9,3): error TS2724: '"../../utils/validation/schemas/productSchemas"' has no exported member named 'updateCategorySchema'. Did you mean 'categorySchemas'?
src/routes/v1/categories.ts(41,19): error TS2559: Type '300' has no properties in common with type 'CacheOptions'.
src/routes/v1/categories.ts(62,19): error TS2559: Type '600' has no properties in common with type 'CacheOptions'.
src/routes/v1/categories.ts(83,19): error TS2559: Type '300' has no properties in common with type 'CacheOptions'.
src/routes/v1/categories.ts(101,19): error TS2559: Type '600' has no properties in common with type 'CacheOptions'.
src/routes/v1/categories.ts(119,19): error TS2559: Type '300' has no properties in common with type 'CacheOptions'.
src/routes/v1/categories.ts(140,19): error TS2559: Type '300' has no properties in common with type 'CacheOptions'.
src/routes/v1/categories.ts(176,19): error TS2559: Type '300' has no properties in common with type 'CacheOptions'.
src/routes/v1/categories.ts(195,19): error TS2559: Type '300' has no properties in common with type 'CacheOptions'.
src/routes/v1/categories.ts(217,19): error TS2559: Type '300' has no properties in common with type 'CacheOptions'.
src/routes/v1/categories.ts(235,19): error TS2559: Type '600' has no properties in common with type 'CacheOptions'.
src/routes/v1/categories.ts(253,19): error TS2559: Type '300' has no properties in common with type 'CacheOptions'.
src/routes/v1/categories.ts(272,19): error TS2559: Type '300' has no properties in common with type 'CacheOptions'.
src/routes/v1/orders.ts(8,3): error TS2614: Module '"../../utils/validation/schemas/orderSchemas"' has no exported member 'createOrderSchema'. Did you mean to use 'import createOrderSchema from "../../utils/validation/schemas/orderSchemas"' instead?
src/routes/v1/orders.ts(9,3): error TS2614: Module '"../../utils/validation/schemas/orderSchemas"' has no exported member 'updateOrderStatusSchema'. Did you mean to use 'import updateOrderStatusSchema from "../../utils/validation/schemas/orderSchemas"' instead?
src/routes/v1/orders.ts(10,3): error TS2614: Module '"../../utils/validation/schemas/orderSchemas"' has no exported member 'requestReturnSchema'. Did you mean to use 'import requestReturnSchema from "../../utils/validation/schemas/orderSchemas"' instead?
src/routes/v1/orders.ts(24,28): error TS2349: This expression is not callable.
  Type '{ general: RateLimitRequestHandler; auth: RateLimitRequestHandler; otp: RateLimitRequestHandler; authenticated: RateLimitRequestHandler; admin: RateLimitRequestHandler; payment: RateLimitRequestHandler; upload: RateLimitRequestHandler; }' has no call signatures.
src/routes/v1/orders.ts(51,41): error TS2379: Argument of type 'Request<ParamsDictionary, any, any, ParsedQs, Record<string, any>>' is not assignable to parameter of type 'AuthenticatedRequest' with 'exactOptionalPropertyTypes: true'. Consider adding 'undefined' to the types of the target's properties.
  Types of property 'user' are incompatible.
    Type '{ id: string; phoneNumber: string; email?: string; firstName: string; lastName: string; role: UserRole; isVerified: boolean; sessionId?: string; }' is missing the following properties from type 'PublicUser': userId, createdAt
src/routes/v1/orders.ts(74,41): error TS2379: Argument of type 'Request<ParamsDictionary, any, any, ParsedQs, Record<string, any>>' is not assignable to parameter of type 'AuthenticatedRequest' with 'exactOptionalPropertyTypes: true'. Consider adding 'undefined' to the types of the target's properties.
  Types of property 'user' are incompatible.
    Type '{ id: string; phoneNumber: string; email?: string; firstName: string; lastName: string; role: UserRole; isVerified: boolean; sessionId?: string; }' is missing the following properties from type 'PublicUser': userId, createdAt
src/routes/v1/orders.ts(87,41): error TS2379: Argument of type 'Request<ParamsDictionary, any, any, ParsedQs, Record<string, any>>' is not assignable to parameter of type 'AuthenticatedRequest' with 'exactOptionalPropertyTypes: true'. Consider adding 'undefined' to the types of the target's properties.
  Types of property 'user' are incompatible.
    Type '{ id: string; phoneNumber: string; email?: string; firstName: string; lastName: string; role: UserRole; isVerified: boolean; sessionId?: string; }' is missing the following properties from type 'PublicUser': userId, createdAt
src/routes/v1/orders.ts(101,44): error TS2379: Argument of type 'Request<ParamsDictionary, any, any, ParsedQs, Record<string, any>>' is not assignable to parameter of type 'AuthenticatedRequest' with 'exactOptionalPropertyTypes: true'. Consider adding 'undefined' to the types of the target's properties.
  Types of property 'user' are incompatible.
    Type '{ id: string; phoneNumber: string; email?: string; firstName: string; lastName: string; role: UserRole; isVerified: boolean; sessionId?: string; }' is missing the following properties from type 'PublicUser': userId, createdAt
src/routes/v1/orders.ts(115,40): error TS2379: Argument of type 'Request<ParamsDictionary, any, any, ParsedQs, Record<string, any>>' is not assignable to parameter of type 'AuthenticatedRequest' with 'exactOptionalPropertyTypes: true'. Consider adding 'undefined' to the types of the target's properties.
  Types of property 'user' are incompatible.
    Type '{ id: string; phoneNumber: string; email?: string; firstName: string; lastName: string; role: UserRole; isVerified: boolean; sessionId?: string; }' is missing the following properties from type 'PublicUser': userId, createdAt
src/routes/v1/orders.ts(129,38): error TS2379: Argument of type 'Request<ParamsDictionary, any, any, ParsedQs, Record<string, any>>' is not assignable to parameter of type 'AuthenticatedRequest' with 'exactOptionalPropertyTypes: true'. Consider adding 'undefined' to the types of the target's properties.
  Types of property 'user' are incompatible.
    Type '{ id: string; phoneNumber: string; email?: string; firstName: string; lastName: string; role: UserRole; isVerified: boolean; sessionId?: string; }' is missing the following properties from type 'PublicUser': userId, createdAt
src/routes/v1/orders.ts(143,44): error TS2379: Argument of type 'Request<ParamsDictionary, any, any, ParsedQs, Record<string, any>>' is not assignable to parameter of type 'AuthenticatedRequest' with 'exactOptionalPropertyTypes: true'. Consider adding 'undefined' to the types of the target's properties.
  Types of property 'user' are incompatible.
    Type '{ id: string; phoneNumber: string; email?: string; firstName: string; lastName: string; role: UserRole; isVerified: boolean; sessionId?: string; }' is missing the following properties from type 'PublicUser': userId, createdAt
src/routes/v1/orders.ts(158,38): error TS2379: Argument of type 'Request<ParamsDictionary, any, any, ParsedQs, Record<string, any>>' is not assignable to parameter of type 'AuthenticatedRequest' with 'exactOptionalPropertyTypes: true'. Consider adding 'undefined' to the types of the target's properties.
  Types of property 'user' are incompatible.
    Type '{ id: string; phoneNumber: string; email?: string; firstName: string; lastName: string; role: UserRole; isVerified: boolean; sessionId?: string; }' is missing the following properties from type 'PublicUser': userId, createdAt
src/routes/v1/orders.ts(172,41): error TS2379: Argument of type 'Request<ParamsDictionary, any, any, ParsedQs, Record<string, any>>' is not assignable to parameter of type 'AuthenticatedRequest' with 'exactOptionalPropertyTypes: true'. Consider adding 'undefined' to the types of the target's properties.
  Types of property 'user' are incompatible.
    Type '{ id: string; phoneNumber: string; email?: string; firstName: string; lastName: string; role: UserRole; isVerified: boolean; sessionId?: string; }' is missing the following properties from type 'PublicUser': userId, createdAt
src/routes/v1/orders.ts(187,39): error TS2379: Argument of type 'Request<ParamsDictionary, any, any, ParsedQs, Record<string, any>>' is not assignable to parameter of type 'AuthenticatedRequest' with 'exactOptionalPropertyTypes: true'. Consider adding 'undefined' to the types of the target's properties.
  Types of property 'user' are incompatible.
    Type '{ id: string; phoneNumber: string; email?: string; firstName: string; lastName: string; role: UserRole; isVerified: boolean; sessionId?: string; }' is missing the following properties from type 'PublicUser': userId, createdAt
src/routes/v1/orders.ts(205,37): error TS2379: Argument of type 'Request<ParamsDictionary, any, any, ParsedQs, Record<string, any>>' is not assignable to parameter of type 'AuthenticatedRequest' with 'exactOptionalPropertyTypes: true'. Consider adding 'undefined' to the types of the target's properties.
  Types of property 'user' are incompatible.
    Type '{ id: string; phoneNumber: string; email?: string; firstName: string; lastName: string; role: UserRole; isVerified: boolean; sessionId?: string; }' is missing the following properties from type 'PublicUser': userId, createdAt
src/routes/v1/orders.ts(229,43): error TS2379: Argument of type 'Request<ParamsDictionary, any, any, ParsedQs, Record<string, any>>' is not assignable to parameter of type 'AuthenticatedRequest' with 'exactOptionalPropertyTypes: true'. Consider adding 'undefined' to the types of the target's properties.
  Types of property 'user' are incompatible.
    Type '{ id: string; phoneNumber: string; email?: string; firstName: string; lastName: string; role: UserRole; isVerified: boolean; sessionId?: string; }' is missing the following properties from type 'PublicUser': userId, createdAt
src/routes/v1/orders.ts(247,3): error TS2349: This expression is not callable.
  Type '{ general: RateLimitRequestHandler; auth: RateLimitRequestHandler; otp: RateLimitRequestHandler; authenticated: RateLimitRequestHandler; admin: RateLimitRequestHandler; payment: RateLimitRequestHandler; upload: RateLimitRequestHandler; }' has no call signatures.
src/routes/v1/products.ts(34,10): error TS2724: '"../../services/products/ProductService"' has no exported member named 'productService'. Did you mean 'ProductService'?
src/routes/v1/products.ts(83,19): error TS2559: Type '300' has no properties in common with type 'CacheOptions'.
src/routes/v1/products.ts(105,19): error TS2559: Type '600' has no properties in common with type 'CacheOptions'.
src/routes/v1/products.ts(163,3): error TS2349: This expression is not callable.
  Type '{ general: RateLimitRequestHandler; auth: RateLimitRequestHandler; otp: RateLimitRequestHandler; authenticated: RateLimitRequestHandler; admin: RateLimitRequestHandler; payment: RateLimitRequestHandler; upload: RateLimitRequestHandler; }' has no call signatures.
src/routes/v1/products.ts(168,34): error TS2339: Property 'checkStock' does not exist on type '{ createProduct: ObjectSchema<any>; updateProduct: ObjectSchema<any>; productQuery: ObjectSchema<any>; productSearch: ObjectSchema<any>; }'.
src/routes/v1/products.ts(201,19): error TS2559: Type '300' has no properties in common with type 'CacheOptions'.
src/routes/v1/products.ts(235,19): error TS2559: Type '600' has no properties in common with type 'CacheOptions'.
src/routes/v1/products.ts(257,19): error TS2559: Type '600' has no properties in common with type 'CacheOptions'.
src/routes/v1/products.ts(283,19): error TS2559: Type '900' has no properties in common with type 'CacheOptions'.
src/routes/v1/products.ts(313,3): error TS2349: This expression is not callable.
  Type '{ general: RateLimitRequestHandler; auth: RateLimitRequestHandler; otp: RateLimitRequestHandler; authenticated: RateLimitRequestHandler; admin: RateLimitRequestHandler; payment: RateLimitRequestHandler; upload: RateLimitRequestHandler; }' has no call signatures.
src/routes/v1/products.ts(351,19): error TS2559: Type '1800' has no properties in common with type 'CacheOptions'.
src/routes/v1/products.ts(383,19): error TS2559: Type '3600' has no properties in common with type 'CacheOptions'.
src/routes/v1/reviews.ts(9,3): error TS2724: '"../../utils/validation/schemas/productSchemas"' has no exported member named 'createReviewSchema'. Did you mean 'reviewSchemas'?
src/routes/v1/reviews.ts(10,3): error TS2724: '"../../utils/validation/schemas/productSchemas"' has no exported member named 'updateReviewSchema'. Did you mean 'reviewSchemas'?
src/routes/v1/reviews.ts(11,3): error TS2724: '"../../utils/validation/schemas/productSchemas"' has no exported member named 'reportReviewSchema'. Did you mean 'reviewSchemas'?
src/routes/v1/reviews.ts(25,27): error TS2349: This expression is not callable.
  Type '{ general: RateLimitRequestHandler; auth: RateLimitRequestHandler; otp: RateLimitRequestHandler; authenticated: RateLimitRequestHandler; admin: RateLimitRequestHandler; payment: RateLimitRequestHandler; upload: RateLimitRequestHandler; }' has no call signatures.
src/routes/v1/reviews.ts(31,32): error TS2349: This expression is not callable.
  Type '{ general: RateLimitRequestHandler; auth: RateLimitRequestHandler; otp: RateLimitRequestHandler; authenticated: RateLimitRequestHandler; admin: RateLimitRequestHandler; payment: RateLimitRequestHandler; upload: RateLimitRequestHandler; }' has no call signatures.
src/routes/v1/reviews.ts(55,19): error TS2559: Type '300' has no properties in common with type 'CacheOptions'.
src/routes/v1/reviews.ts(73,19): error TS2559: Type '600' has no properties in common with type 'CacheOptions'.
src/routes/v1/reviews.ts(93,19): error TS2559: Type '300' has no properties in common with type 'CacheOptions'.
src/routes/v1/reviews.ts(112,19): error TS2559: Type '300' has no properties in common with type 'CacheOptions'.
src/routes/v1/reviews.ts(133,47): error TS2379: Argument of type 'Request<ParamsDictionary, any, any, ParsedQs, Record<string, any>>' is not assignable to parameter of type 'AuthenticatedRequest' with 'exactOptionalPropertyTypes: true'. Consider adding 'undefined' to the types of the target's properties.
  Types of property 'user' are incompatible.
    Type '{ id: string; phoneNumber: string; email?: string; firstName: string; lastName: string; role: UserRole; isVerified: boolean; sessionId?: string; }' is missing the following properties from type 'PublicUser': userId, createdAt
src/routes/v1/reviews.ts(158,43): error TS2379: Argument of type 'Request<ParamsDictionary, any, any, ParsedQs, Record<string, any>>' is not assignable to parameter of type 'AuthenticatedRequest' with 'exactOptionalPropertyTypes: true'. Consider adding 'undefined' to the types of the target's properties.
  Types of property 'user' are incompatible.
    Type '{ id: string; phoneNumber: string; email?: string; firstName: string; lastName: string; role: UserRole; isVerified: boolean; sessionId?: string; }' is missing the following properties from type 'PublicUser': userId, createdAt
src/routes/v1/reviews.ts(199,43): error TS2379: Argument of type 'Request<ParamsDictionary, any, any, ParsedQs, Record<string, any>>' is not assignable to parameter of type 'AuthenticatedRequest' with 'exactOptionalPropertyTypes: true'. Consider adding 'undefined' to the types of the target's properties.
  Types of property 'user' are incompatible.
    Type '{ id: string; phoneNumber: string; email?: string; firstName: string; lastName: string; role: UserRole; isVerified: boolean; sessionId?: string; }' is missing the following properties from type 'PublicUser': userId, createdAt
src/routes/v1/reviews.ts(214,41): error TS2379: Argument of type 'Request<ParamsDictionary, any, any, ParsedQs, Record<string, any>>' is not assignable to parameter of type 'AuthenticatedRequest' with 'exactOptionalPropertyTypes: true'. Consider adding 'undefined' to the types of the target's properties.
  Types of property 'user' are incompatible.
    Type '{ id: string; phoneNumber: string; email?: string; firstName: string; lastName: string; role: UserRole; isVerified: boolean; sessionId?: string; }' is missing the following properties from type 'PublicUser': userId, createdAt
src/routes/v1/reviews.ts(232,48): error TS2379: Argument of type 'Request<ParamsDictionary, any, any, ParsedQs, Record<string, any>>' is not assignable to parameter of type 'AuthenticatedRequest' with 'exactOptionalPropertyTypes: true'. Consider adding 'undefined' to the types of the target's properties.
  Types of property 'user' are incompatible.
    Type '{ id: string; phoneNumber: string; email?: string; firstName: string; lastName: string; role: UserRole; isVerified: boolean; sessionId?: string; }' is missing the following properties from type 'PublicUser': userId, createdAt
src/routes/v1/reviews.ts(251,48): error TS2379: Argument of type 'Request<ParamsDictionary, any, any, ParsedQs, Record<string, any>>' is not assignable to parameter of type 'AuthenticatedRequest' with 'exactOptionalPropertyTypes: true'. Consider adding 'undefined' to the types of the target's properties.
  Types of property 'user' are incompatible.
    Type '{ id: string; phoneNumber: string; email?: string; firstName: string; lastName: string; role: UserRole; isVerified: boolean; sessionId?: string; }' is missing the following properties from type 'PublicUser': userId, createdAt
src/routes/v1/reviews.ts(275,43): error TS2379: Argument of type 'Request<ParamsDictionary, any, any, ParsedQs, Record<string, any>>' is not assignable to parameter of type 'AuthenticatedRequest' with 'exactOptionalPropertyTypes: true'. Consider adding 'undefined' to the types of the target's properties.
  Types of property 'user' are incompatible.
    Type '{ id: string; phoneNumber: string; email?: string; firstName: string; lastName: string; role: UserRole; isVerified: boolean; sessionId?: string; }' is missing the following properties from type 'PublicUser': userId, createdAt
src/routes/v1/reviews.ts(292,43): error TS2379: Argument of type 'Request<ParamsDictionary, any, any, ParsedQs, Record<string, any>>' is not assignable to parameter of type 'AuthenticatedRequest' with 'exactOptionalPropertyTypes: true'. Consider adding 'undefined' to the types of the target's properties.
  Types of property 'user' are incompatible.
    Type '{ id: string; phoneNumber: string; email?: string; firstName: string; lastName: string; role: UserRole; isVerified: boolean; sessionId?: string; }' is missing the following properties from type 'PublicUser': userId, createdAt
src/routes/v1/search.ts(19,25): error TS2349: This expression is not callable.
  Type '{ general: RateLimitRequestHandler; auth: RateLimitRequestHandler; otp: RateLimitRequestHandler; authenticated: RateLimitRequestHandler; admin: RateLimitRequestHandler; payment: RateLimitRequestHandler; upload: RateLimitRequestHandler; }' has no call signatures.
src/routes/v1/search.ts(25,31): error TS2349: This expression is not callable.
  Type '{ general: RateLimitRequestHandler; auth: RateLimitRequestHandler; otp: RateLimitRequestHandler; authenticated: RateLimitRequestHandler; admin: RateLimitRequestHandler; payment: RateLimitRequestHandler; upload: RateLimitRequestHandler; }' has no call signatures.
src/routes/v1/search.ts(76,19): error TS2559: Type '300' has no properties in common with type 'CacheOptions'.
src/routes/v1/search.ts(94,19): error TS2559: Type '600' has no properties in common with type 'CacheOptions'.
src/routes/v1/search.ts(97,57): error TS2379: Argument of type 'Request<ParamsDictionary, any, any, ParsedQs, Record<string, any>>' is not assignable to parameter of type 'AuthenticatedRequest' with 'exactOptionalPropertyTypes: true'. Consider adding 'undefined' to the types of the target's properties.
  Types of property 'user' are incompatible.
    Type '{ id: string; phoneNumber: string; email?: string; firstName: string; lastName: string; role: UserRole; isVerified: boolean; sessionId?: string; }' is missing the following properties from type 'PublicUser': userId, createdAt
src/routes/v1/search.ts(115,19): error TS2559: Type '1800' has no properties in common with type 'CacheOptions'.
src/routes/v1/search.ts(136,19): error TS2559: Type '900' has no properties in common with type 'CacheOptions'.
src/routes/v1/search.ts(154,19): error TS2559: Type '300' has no properties in common with type 'CacheOptions'.
src/routes/v1/search.ts(228,45): error TS2379: Argument of type 'Request<ParamsDictionary, any, any, ParsedQs, Record<string, any>>' is not assignable to parameter of type 'AuthenticatedRequest' with 'exactOptionalPropertyTypes: true'. Consider adding 'undefined' to the types of the target's properties.
  Types of property 'user' are incompatible.
    Type '{ id: string; phoneNumber: string; email?: string; firstName: string; lastName: string; role: UserRole; isVerified: boolean; sessionId?: string; }' is missing the following properties from type 'PublicUser': userId, createdAt
src/routes/v1/search.ts(246,39): error TS2379: Argument of type 'Request<ParamsDictionary, any, any, ParsedQs, Record<string, any>>' is not assignable to parameter of type 'AuthenticatedRequest' with 'exactOptionalPropertyTypes: true'. Consider adding 'undefined' to the types of the target's properties.
  Types of property 'user' are incompatible.
    Type '{ id: string; phoneNumber: string; email?: string; firstName: string; lastName: string; role: UserRole; isVerified: boolean; sessionId?: string; }' is missing the following properties from type 'PublicUser': userId, createdAt
src/routes/v1/search.ts(259,47): error TS2379: Argument of type 'Request<ParamsDictionary, any, any, ParsedQs, Record<string, any>>' is not assignable to parameter of type 'AuthenticatedRequest' with 'exactOptionalPropertyTypes: true'. Consider adding 'undefined' to the types of the target's properties.
  Types of property 'user' are incompatible.
    Type '{ id: string; phoneNumber: string; email?: string; firstName: string; lastName: string; role: UserRole; isVerified: boolean; sessionId?: string; }' is missing the following properties from type 'PublicUser': userId, createdAt
src/routes/v1/upload.ts(44,10): error TS2345: Argument of type 'Error' is not assignable to parameter of type 'null'.
src/routes/v1/upload.ts(62,10): error TS2345: Argument of type 'Error' is not assignable to parameter of type 'null'.
src/routes/v1/upload.ts(81,9): error TS2345: Argument of type 'Error' is not assignable to parameter of type 'null'.
src/routes/v1/upload.ts(89,25): error TS2349: This expression is not callable.
  Type '{ general: RateLimitRequestHandler; auth: RateLimitRequestHandler; otp: RateLimitRequestHandler; authenticated: RateLimitRequestHandler; admin: RateLimitRequestHandler; payment: RateLimitRequestHandler; upload: RateLimitRequestHandler; }' has no call signatures.
src/routes/v1/upload.ts(95,27): error TS2349: This expression is not callable.
  Type '{ general: RateLimitRequestHandler; auth: RateLimitRequestHandler; otp: RateLimitRequestHandler; authenticated: RateLimitRequestHandler; admin: RateLimitRequestHandler; payment: RateLimitRequestHandler; upload: RateLimitRequestHandler; }' has no call signatures.
src/routes/v1/upload.ts(120,43): error TS2379: Argument of type 'Request<ParamsDictionary, any, any, ParsedQs, Record<string, any>>' is not assignable to parameter of type 'AuthenticatedRequest' with 'exactOptionalPropertyTypes: true'. Consider adding 'undefined' to the types of the target's properties.
  Types of property 'user' are incompatible.
    Type '{ id: string; phoneNumber: string; email?: string; firstName: string; lastName: string; role: UserRole; isVerified: boolean; sessionId?: string; }' is missing the following properties from type 'PublicUser': userId, createdAt
src/routes/v1/upload.ts(144,45): error TS2379: Argument of type 'Request<ParamsDictionary, any, any, ParsedQs, Record<string, any>>' is not assignable to parameter of type 'AuthenticatedRequest' with 'exactOptionalPropertyTypes: true'. Consider adding 'undefined' to the types of the target's properties.
  Types of property 'user' are incompatible.
    Type '{ id: string; phoneNumber: string; email?: string; firstName: string; lastName: string; role: UserRole; isVerified: boolean; sessionId?: string; }' is missing the following properties from type 'PublicUser': userId, createdAt
src/routes/v1/upload.ts(168,43): error TS2379: Argument of type 'Request<ParamsDictionary, any, any, ParsedQs, Record<string, any>>' is not assignable to parameter of type 'AuthenticatedRequest' with 'exactOptionalPropertyTypes: true'. Consider adding 'undefined' to the types of the target's properties.
  Types of property 'user' are incompatible.
    Type '{ id: string; phoneNumber: string; email?: string; firstName: string; lastName: string; role: UserRole; isVerified: boolean; sessionId?: string; }' is missing the following properties from type 'PublicUser': userId, createdAt
src/routes/v1/upload.ts(192,50): error TS2379: Argument of type 'Request<ParamsDictionary, any, any, ParsedQs, Record<string, any>>' is not assignable to parameter of type 'AuthenticatedRequest' with 'exactOptionalPropertyTypes: true'. Consider adding 'undefined' to the types of the target's properties.
  Types of property 'user' are incompatible.
    Type '{ id: string; phoneNumber: string; email?: string; firstName: string; lastName: string; role: UserRole; isVerified: boolean; sessionId?: string; }' is missing the following properties from type 'PublicUser': userId, createdAt
src/routes/v1/upload.ts(266,3): error TS2349: This expression is not callable.
  Type '{ general: RateLimitRequestHandler; auth: RateLimitRequestHandler; otp: RateLimitRequestHandler; authenticated: RateLimitRequestHandler; admin: RateLimitRequestHandler; payment: RateLimitRequestHandler; upload: RateLimitRequestHandler; }' has no call signatures.
src/routes/v1/upload.ts(318,41): error TS2379: Argument of type 'Request<ParamsDictionary, any, any, ParsedQs, Record<string, any>>' is not assignable to parameter of type 'AuthenticatedRequest' with 'exactOptionalPropertyTypes: true'. Consider adding 'undefined' to the types of the target's properties.
  Types of property 'user' are incompatible.
    Type '{ id: string; phoneNumber: string; email?: string; firstName: string; lastName: string; role: UserRole; isVerified: boolean; sessionId?: string; }' is missing the following properties from type 'PublicUser': userId, createdAt
src/routes/v1/upload.ts(331,43): error TS2379: Argument of type 'Request<ParamsDictionary, any, any, ParsedQs, Record<string, any>>' is not assignable to parameter of type 'AuthenticatedRequest' with 'exactOptionalPropertyTypes: true'. Consider adding 'undefined' to the types of the target's properties.
  Types of property 'user' are incompatible.
    Type '{ id: string; phoneNumber: string; email?: string; firstName: string; lastName: string; role: UserRole; isVerified: boolean; sessionId?: string; }' is missing the following properties from type 'PublicUser': userId, createdAt
src/routes/v1/upload.ts(347,39): error TS2379: Argument of type 'Request<ParamsDictionary, any, any, ParsedQs, Record<string, any>>' is not assignable to parameter of type 'AuthenticatedRequest' with 'exactOptionalPropertyTypes: true'. Consider adding 'undefined' to the types of the target's properties.
  Types of property 'user' are incompatible.
    Type '{ id: string; phoneNumber: string; email?: string; firstName: string; lastName: string; role: UserRole; isVerified: boolean; sessionId?: string; }' is missing the following properties from type 'PublicUser': userId, createdAt
src/routes/v1/users.ts(13,8): error TS2307: Cannot find module '../../utils/validation/schemas/userSchemas' or its corresponding type declarations.
src/routes/v1/users.ts(26,28): error TS2349: This expression is not callable.
  Type '{ general: RateLimitRequestHandler; auth: RateLimitRequestHandler; otp: RateLimitRequestHandler; authenticated: RateLimitRequestHandler; admin: RateLimitRequestHandler; payment: RateLimitRequestHandler; upload: RateLimitRequestHandler; }' has no call signatures.
src/routes/v1/users.ts(32,29): error TS2349: This expression is not callable.
  Type '{ general: RateLimitRequestHandler; auth: RateLimitRequestHandler; otp: RateLimitRequestHandler; authenticated: RateLimitRequestHandler; admin: RateLimitRequestHandler; payment: RateLimitRequestHandler; upload: RateLimitRequestHandler; }' has no call signatures.
src/routes/v1/users.ts(38,32): error TS2349: This expression is not callable.
  Type '{ general: RateLimitRequestHandler; auth: RateLimitRequestHandler; otp: RateLimitRequestHandler; authenticated: RateLimitRequestHandler; admin: RateLimitRequestHandler; payment: RateLimitRequestHandler; upload: RateLimitRequestHandler; }' has no call signatures.
src/routes/v1/users.ts(53,37): error TS2379: Argument of type 'Request<ParamsDictionary, any, any, ParsedQs, Record<string, any>>' is not assignable to parameter of type 'AuthenticatedRequest' with 'exactOptionalPropertyTypes: true'. Consider adding 'undefined' to the types of the target's properties.
  Types of property 'user' are incompatible.
    Type '{ id: string; phoneNumber: string; email?: string; firstName: string; lastName: string; role: UserRole; isVerified: boolean; sessionId?: string; }' is missing the following properties from type 'PublicUser': userId, createdAt
src/routes/v1/users.ts(78,42): error TS2379: Argument of type 'Request<ParamsDictionary, any, any, ParsedQs, Record<string, any>>' is not assignable to parameter of type 'AuthenticatedRequest' with 'exactOptionalPropertyTypes: true'. Consider adding 'undefined' to the types of the target's properties.
  Types of property 'user' are incompatible.
    Type '{ id: string; phoneNumber: string; email?: string; firstName: string; lastName: string; role: UserRole; isVerified: boolean; sessionId?: string; }' is missing the following properties from type 'PublicUser': userId, createdAt
src/routes/v1/users.ts(97,41): error TS2379: Argument of type 'Request<ParamsDictionary, any, any, ParsedQs, Record<string, any>>' is not assignable to parameter of type 'AuthenticatedRequest' with 'exactOptionalPropertyTypes: true'. Consider adding 'undefined' to the types of the target's properties.
  Types of property 'user' are incompatible.
    Type '{ id: string; phoneNumber: string; email?: string; firstName: string; lastName: string; role: UserRole; isVerified: boolean; sessionId?: string; }' is missing the following properties from type 'PublicUser': userId, createdAt
src/routes/v1/users.ts(111,39): error TS2379: Argument of type 'Request<ParamsDictionary, any, any, ParsedQs, Record<string, any>>' is not assignable to parameter of type 'AuthenticatedRequest' with 'exactOptionalPropertyTypes: true'. Consider adding 'undefined' to the types of the target's properties.
  Types of property 'user' are incompatible.
    Type '{ id: string; phoneNumber: string; email?: string; firstName: string; lastName: string; role: UserRole; isVerified: boolean; sessionId?: string; }' is missing the following properties from type 'PublicUser': userId, createdAt
src/routes/v1/users.ts(135,43): error TS2379: Argument of type 'Request<ParamsDictionary, any, any, ParsedQs, Record<string, any>>' is not assignable to parameter of type 'AuthenticatedRequest' with 'exactOptionalPropertyTypes: true'. Consider adding 'undefined' to the types of the target's properties.
  Types of property 'user' are incompatible.
    Type '{ id: string; phoneNumber: string; email?: string; firstName: string; lastName: string; role: UserRole; isVerified: boolean; sessionId?: string; }' is missing the following properties from type 'PublicUser': userId, createdAt
src/routes/v1/users.ts(155,46): error TS2379: Argument of type 'Request<ParamsDictionary, any, any, ParsedQs, Record<string, any>>' is not assignable to parameter of type 'AuthenticatedRequest' with 'exactOptionalPropertyTypes: true'. Consider adding 'undefined' to the types of the target's properties.
  Types of property 'user' are incompatible.
    Type '{ id: string; phoneNumber: string; email?: string; firstName: string; lastName: string; role: UserRole; isVerified: boolean; sessionId?: string; }' is missing the following properties from type 'PublicUser': userId, createdAt
src/routes/v1/users.ts(175,53): error TS2379: Argument of type 'Request<ParamsDictionary, any, any, ParsedQs, Record<string, any>>' is not assignable to parameter of type 'AuthenticatedRequest' with 'exactOptionalPropertyTypes: true'. Consider adding 'undefined' to the types of the target's properties.
  Types of property 'user' are incompatible.
    Type '{ id: string; phoneNumber: string; email?: string; firstName: string; lastName: string; role: UserRole; isVerified: boolean; sessionId?: string; }' is missing the following properties from type 'PublicUser': userId, createdAt
src/routes/v1/users.ts(191,44): error TS2379: Argument of type 'Request<ParamsDictionary, any, any, ParsedQs, Record<string, any>>' is not assignable to parameter of type 'AuthenticatedRequest' with 'exactOptionalPropertyTypes: true'. Consider adding 'undefined' to the types of the target's properties.
  Types of property 'user' are incompatible.
    Type '{ id: string; phoneNumber: string; email?: string; firstName: string; lastName: string; role: UserRole; isVerified: boolean; sessionId?: string; }' is missing the following properties from type 'PublicUser': userId, createdAt
src/routes/v1/users.ts(205,41): error TS2379: Argument of type 'Request<ParamsDictionary, any, any, ParsedQs, Record<string, any>>' is not assignable to parameter of type 'AuthenticatedRequest' with 'exactOptionalPropertyTypes: true'. Consider adding 'undefined' to the types of the target's properties.
  Types of property 'user' are incompatible.
    Type '{ id: string; phoneNumber: string; email?: string; firstName: string; lastName: string; role: UserRole; isVerified: boolean; sessionId?: string; }' is missing the following properties from type 'PublicUser': userId, createdAt
src/routes/v1/users.ts(220,41): error TS2379: Argument of type 'Request<ParamsDictionary, any, any, ParsedQs, Record<string, any>>' is not assignable to parameter of type 'AuthenticatedRequest' with 'exactOptionalPropertyTypes: true'. Consider adding 'undefined' to the types of the target's properties.
  Types of property 'user' are incompatible.
    Type '{ id: string; phoneNumber: string; email?: string; firstName: string; lastName: string; role: UserRole; isVerified: boolean; sessionId?: string; }' is missing the following properties from type 'PublicUser': userId, createdAt
src/routes/v1/users.ts(249,46): error TS2379: Argument of type 'Request<ParamsDictionary, any, any, ParsedQs, Record<string, any>>' is not assignable to parameter of type 'AuthenticatedRequest' with 'exactOptionalPropertyTypes: true'. Consider adding 'undefined' to the types of the target's properties.
  Types of property 'user' are incompatible.
    Type '{ id: string; phoneNumber: string; email?: string; firstName: string; lastName: string; role: UserRole; isVerified: boolean; sessionId?: string; }' is missing the following properties from type 'PublicUser': userId, createdAt
src/routes/v1/users.ts(270,49): error TS2379: Argument of type 'Request<ParamsDictionary, any, any, ParsedQs, Record<string, any>>' is not assignable to parameter of type 'AuthenticatedRequest' with 'exactOptionalPropertyTypes: true'. Consider adding 'undefined' to the types of the target's properties.
  Types of property 'user' are incompatible.
    Type '{ id: string; phoneNumber: string; email?: string; firstName: string; lastName: string; role: UserRole; isVerified: boolean; sessionId?: string; }' is missing the following properties from type 'PublicUser': userId, createdAt
src/routes/v1/users.ts(287,3): error TS2349: This expression is not callable.
  Type '{ general: RateLimitRequestHandler; auth: RateLimitRequestHandler; otp: RateLimitRequestHandler; authenticated: RateLimitRequestHandler; admin: RateLimitRequestHandler; payment: RateLimitRequestHandler; upload: RateLimitRequestHandler; }' has no call signatures.
src/routes/v1/users.ts(294,46): error TS2379: Argument of type 'Request<ParamsDictionary, any, any, ParsedQs, Record<string, any>>' is not assignable to parameter of type 'AuthenticatedRequest' with 'exactOptionalPropertyTypes: true'. Consider adding 'undefined' to the types of the target's properties.
  Types of property 'user' are incompatible.
    Type '{ id: string; phoneNumber: string; email?: string; firstName: string; lastName: string; role: UserRole; isVerified: boolean; sessionId?: string; }' is missing the following properties from type 'PublicUser': userId, createdAt
src/routes/v1/users.ts(309,3): error TS2349: This expression is not callable.
  Type '{ general: RateLimitRequestHandler; auth: RateLimitRequestHandler; otp: RateLimitRequestHandler; authenticated: RateLimitRequestHandler; admin: RateLimitRequestHandler; payment: RateLimitRequestHandler; upload: RateLimitRequestHandler; }' has no call signatures.
src/routes/v1/users.ts(316,46): error TS2379: Argument of type 'Request<ParamsDictionary, any, any, ParsedQs, Record<string, any>>' is not assignable to parameter of type 'AuthenticatedRequest' with 'exactOptionalPropertyTypes: true'. Consider adding 'undefined' to the types of the target's properties.
  Types of property 'user' are incompatible.
    Type '{ id: string; phoneNumber: string; email?: string; firstName: string; lastName: string; role: UserRole; isVerified: boolean; sessionId?: string; }' is missing the following properties from type 'PublicUser': userId, createdAt
src/routes/v1/wishlist.ts(10,8): error TS2307: Cannot find module '../../utils/validation/schemas/userSchemas' or its corresponding type declarations.
src/routes/v1/wishlist.ts(23,29): error TS2349: This expression is not callable.
  Type '{ general: RateLimitRequestHandler; auth: RateLimitRequestHandler; otp: RateLimitRequestHandler; authenticated: RateLimitRequestHandler; admin: RateLimitRequestHandler; payment: RateLimitRequestHandler; upload: RateLimitRequestHandler; }' has no call signatures.
src/routes/v1/wishlist.ts(29,34): error TS2349: This expression is not callable.
  Type '{ general: RateLimitRequestHandler; auth: RateLimitRequestHandler; otp: RateLimitRequestHandler; authenticated: RateLimitRequestHandler; admin: RateLimitRequestHandler; payment: RateLimitRequestHandler; upload: RateLimitRequestHandler; }' has no call signatures.
src/routes/v1/wishlist.ts(51,42): error TS2379: Argument of type 'Request<ParamsDictionary, any, any, ParsedQs, Record<string, any>>' is not assignable to parameter of type 'AuthenticatedRequest' with 'exactOptionalPropertyTypes: true'. Consider adding 'undefined' to the types of the target's properties.
  Types of property 'user' are incompatible.
    Type '{ id: string; phoneNumber: string; email?: string; firstName: string; lastName: string; role: UserRole; isVerified: boolean; sessionId?: string; }' is missing the following properties from type 'PublicUser': userId, createdAt
src/routes/v1/wishlist.ts(70,46): error TS2379: Argument of type 'Request<ParamsDictionary, any, any, ParsedQs, Record<string, any>>' is not assignable to parameter of type 'AuthenticatedRequest' with 'exactOptionalPropertyTypes: true'. Consider adding 'undefined' to the types of the target's properties.
  Types of property 'user' are incompatible.
    Type '{ id: string; phoneNumber: string; email?: string; firstName: string; lastName: string; role: UserRole; isVerified: boolean; sessionId?: string; }' is missing the following properties from type 'PublicUser': userId, createdAt
src/routes/v1/wishlist.ts(89,51): error TS2379: Argument of type 'Request<ParamsDictionary, any, any, ParsedQs, Record<string, any>>' is not assignable to parameter of type 'AuthenticatedRequest' with 'exactOptionalPropertyTypes: true'. Consider adding 'undefined' to the types of the target's properties.
  Types of property 'user' are incompatible.
    Type '{ id: string; phoneNumber: string; email?: string; firstName: string; lastName: string; role: UserRole; isVerified: boolean; sessionId?: string; }' is missing the following properties from type 'PublicUser': userId, createdAt
src/routes/v1/wishlist.ts(104,3): error TS2349: This expression is not callable.
  Type '{ general: RateLimitRequestHandler; auth: RateLimitRequestHandler; otp: RateLimitRequestHandler; authenticated: RateLimitRequestHandler; admin: RateLimitRequestHandler; payment: RateLimitRequestHandler; upload: RateLimitRequestHandler; }' has no call signatures.
src/routes/v1/wishlist.ts(111,46): error TS2379: Argument of type 'Request<ParamsDictionary, any, any, ParsedQs, Record<string, any>>' is not assignable to parameter of type 'AuthenticatedRequest' with 'exactOptionalPropertyTypes: true'. Consider adding 'undefined' to the types of the target's properties.
  Types of property 'user' are incompatible.
    Type '{ id: string; phoneNumber: string; email?: string; firstName: string; lastName: string; role: UserRole; isVerified: boolean; sessionId?: string; }' is missing the following properties from type 'PublicUser': userId, createdAt
src/routes/v1/wishlist.ts(125,47): error TS2379: Argument of type 'Request<ParamsDictionary, any, any, ParsedQs, Record<string, any>>' is not assignable to parameter of type 'AuthenticatedRequest' with 'exactOptionalPropertyTypes: true'. Consider adding 'undefined' to the types of the target's properties.
  Types of property 'user' are incompatible.
    Type '{ id: string; phoneNumber: string; email?: string; firstName: string; lastName: string; role: UserRole; isVerified: boolean; sessionId?: string; }' is missing the following properties from type 'PublicUser': userId, createdAt
src/routes/v1/wishlist.ts(139,48): error TS2379: Argument of type 'Request<ParamsDictionary, any, any, ParsedQs, Record<string, any>>' is not assignable to parameter of type 'AuthenticatedRequest' with 'exactOptionalPropertyTypes: true'. Consider adding 'undefined' to the types of the target's properties.
  Types of property 'user' are incompatible.
    Type '{ id: string; phoneNumber: string; email?: string; firstName: string; lastName: string; role: UserRole; isVerified: boolean; sessionId?: string; }' is missing the following properties from type 'PublicUser': userId, createdAt
src/routes/v1/wishlist.ts(152,49): error TS2379: Argument of type 'Request<ParamsDictionary, any, any, ParsedQs, Record<string, any>>' is not assignable to parameter of type 'AuthenticatedRequest' with 'exactOptionalPropertyTypes: true'. Consider adding 'undefined' to the types of the target's properties.
  Types of property 'user' are incompatible.
    Type '{ id: string; phoneNumber: string; email?: string; firstName: string; lastName: string; role: UserRole; isVerified: boolean; sessionId?: string; }' is missing the following properties from type 'PublicUser': userId, createdAt
src/routes/v1/wishlist.ts(177,43): error TS2379: Argument of type 'Request<ParamsDictionary, any, any, ParsedQs, Record<string, any>>' is not assignable to parameter of type 'AuthenticatedRequest' with 'exactOptionalPropertyTypes: true'. Consider adding 'undefined' to the types of the target's properties.
  Types of property 'user' are incompatible.
    Type '{ id: string; phoneNumber: string; email?: string; firstName: string; lastName: string; role: UserRole; isVerified: boolean; sessionId?: string; }' is missing the following properties from type 'PublicUser': userId, createdAt
src/routes/v1/wishlist.ts(199,51): error TS2379: Argument of type 'Request<ParamsDictionary, any, any, ParsedQs, Record<string, any>>' is not assignable to parameter of type 'AuthenticatedRequest' with 'exactOptionalPropertyTypes: true'. Consider adding 'undefined' to the types of the target's properties.
  Types of property 'user' are incompatible.
    Type '{ id: string; phoneNumber: string; email?: string; firstName: string; lastName: string; role: UserRole; isVerified: boolean; sessionId?: string; }' is missing the following properties from type 'PublicUser': userId, createdAt
src/routes/v1/wishlist.ts(240,50): error TS2379: Argument of type 'Request<ParamsDictionary, any, any, ParsedQs, Record<string, any>>' is not assignable to parameter of type 'AuthenticatedRequest' with 'exactOptionalPropertyTypes: true'. Consider adding 'undefined' to the types of the target's properties.
  Types of property 'user' are incompatible.
    Type '{ id: string; phoneNumber: string; email?: string; firstName: string; lastName: string; role: UserRole; isVerified: boolean; sessionId?: string; }' is missing the following properties from type 'PublicUser': userId, createdAt
src/routes/v1/wishlist.ts(322,46): error TS2379: Argument of type 'Request<ParamsDictionary, any, any, ParsedQs, Record<string, any>>' is not assignable to parameter of type 'AuthenticatedRequest' with 'exactOptionalPropertyTypes: true'. Consider adding 'undefined' to the types of the target's properties.
  Types of property 'user' are incompatible.
    Type '{ id: string; phoneNumber: string; email?: string; firstName: string; lastName: string; role: UserRole; isVerified: boolean; sessionId?: string; }' is missing the following properties from type 'PublicUser': userId, createdAt
src/routes/v1/wishlist.ts(596,3): error TS2349: This expression is not callable.
  Type '{ general: RateLimitRequestHandler; auth: RateLimitRequestHandler; otp: RateLimitRequestHandler; authenticated: RateLimitRequestHandler; admin: RateLimitRequestHandler; payment: RateLimitRequestHandler; upload: RateLimitRequestHandler; }' has no call signatures.
src/routes/v1/wishlist.ts(622,3): error TS2349: This expression is not callable.
  Type '{ general: RateLimitRequestHandler; auth: RateLimitRequestHandler; otp: RateLimitRequestHandler; authenticated: RateLimitRequestHandler; admin: RateLimitRequestHandler; payment: RateLimitRequestHandler; upload: RateLimitRequestHandler; }' has no call signatures.
src/services/analytics/AnalyticsService.ts(265,27): error TS2379: Argument of type '{ userId: string | undefined; sessionId: string | undefined; event: string; properties: { page: string; referrer: string | undefined; }; timestamp: Date; }' is not assignable to parameter of type 'AnalyticsEvent' with 'exactOptionalPropertyTypes: true'. Consider adding 'undefined' to the types of the target's properties.
  Types of property 'userId' are incompatible.
    Type 'string | undefined' is not assignable to type 'string'.
      Type 'undefined' is not assignable to type 'string'.
src/services/analytics/AnalyticsService.ts(287,27): error TS2379: Argument of type '{ userId: string | undefined; sessionId: string | undefined; event: string; properties: { productId: string; productName: string; categoryId: string; }; timestamp: Date; }' is not assignable to parameter of type 'AnalyticsEvent' with 'exactOptionalPropertyTypes: true'. Consider adding 'undefined' to the types of the target's properties.
  Types of property 'userId' are incompatible.
    Type 'string | undefined' is not assignable to type 'string'.
      Type 'undefined' is not assignable to type 'string'.
src/services/analytics/AnalyticsService.ts(311,27): error TS2379: Argument of type '{ userId: string | undefined; sessionId: string | undefined; event: string; properties: { productId: string; productName: string; quantity: number; price: number; value: number; }; timestamp: Date; }' is not assignable to parameter of type 'AnalyticsEvent' with 'exactOptionalPropertyTypes: true'. Consider adding 'undefined' to the types of the target's properties.
  Types of property 'userId' are incompatible.
    Type 'string | undefined' is not assignable to type 'string'.
      Type 'undefined' is not assignable to type 'string'.
src/services/analytics/AnalyticsService.ts(362,27): error TS2379: Argument of type '{ userId: string | undefined; sessionId: string | undefined; event: string; properties: { query: string; resultsCount: number; }; timestamp: Date; }' is not assignable to parameter of type 'AnalyticsEvent' with 'exactOptionalPropertyTypes: true'. Consider adding 'undefined' to the types of the target's properties.
  Types of property 'userId' are incompatible.
    Type 'string | undefined' is not assignable to type 'string'.
      Type 'undefined' is not assignable to type 'string'.
src/services/analytics/AnalyticsService.ts(387,24): error TS2339: Property 'lpush' does not exist on type 'CacheService'.
src/services/analytics/AnalyticsService.ts(390,24): error TS2339: Property 'ltrim' does not exist on type 'CacheService'.
src/services/analytics/AnalyticsService.ts(449,42): error TS2339: Property 'totalAmount' does not exist on type '{ id: string; discount: Decimal; userId: string; currency: string; total: Decimal; createdAt: Date; status: OrderStatus; updatedAt: Date; orderNumber: string; ... 8 more ...; billingAddressId: string | null; }'.
src/services/analytics/AnalyticsService.ts(456,42): error TS2339: Property 'totalAmount' does not exist on type '{ id: string; discount: Decimal; userId: string; currency: string; total: Decimal; createdAt: Date; status: OrderStatus; updatedAt: Date; orderNumber: string; ... 8 more ...; billingAddressId: string | null; }'.
src/services/analytics/AnalyticsService.ts(517,20): error TS2353: Object literal may only specify known properties, and 'inventory' does not exist in type 'ProductInclude<DefaultArgs>'.
src/services/analytics/AnalyticsService.ts(532,45): error TS7006: Parameter 'p' implicitly has an 'any' type.
src/services/analytics/AnalyticsService.ts(533,50): error TS7006: Parameter 'i' implicitly has an 'any' type.
src/services/analytics/AnalyticsService.ts(535,8): error TS7006: Parameter 'i' implicitly has an 'any' type.
src/services/analytics/AnalyticsService.ts(538,48): error TS7006: Parameter 'product' implicitly has an 'any' type.
src/services/analytics/AnalyticsService.ts(542,37): error TS7006: Parameter 'sum' implicitly has an 'any' type.
src/services/analytics/AnalyticsService.ts(542,42): error TS7006: Parameter 'item' implicitly has an 'any' type.
src/services/analytics/AnalyticsService.ts(545,12): error TS7006: Parameter 'sum' implicitly has an 'any' type.
src/services/analytics/AnalyticsService.ts(545,17): error TS7006: Parameter 'item' implicitly has an 'any' type.
src/services/analytics/AnalyticsService.ts(564,42): error TS7006: Parameter 'sum' implicitly has an 'any' type.
src/services/analytics/AnalyticsService.ts(564,47): error TS7006: Parameter 'item' implicitly has an 'any' type.
src/services/analytics/AnalyticsService.ts(572,36): error TS7006: Parameter 'i' implicitly has an 'any' type.
src/services/analytics/MetricsService.ts(151,24): error TS2339: Property 'lpush' does not exist on type 'CacheService'.
src/services/analytics/MetricsService.ts(154,24): error TS2339: Property 'ltrim' does not exist on type 'CacheService'.
src/services/analytics/MetricsService.ts(245,22): error TS7006: Parameter 'o' implicitly has an 'any' type.
src/services/analytics/MetricsService.ts(246,22): error TS7006: Parameter 'sum' implicitly has an 'any' type.
src/services/analytics/MetricsService.ts(246,27): error TS7006: Parameter 'order' implicitly has an 'any' type.
src/services/analytics/MetricsService.ts(249,14): error TS7006: Parameter 'o' implicitly has an 'any' type.
src/services/analytics/MetricsService.ts(252,14): error TS7006: Parameter 'o' implicitly has an 'any' type.
src/services/analytics/MetricsService.ts(256,57): error TS7006: Parameter 'sum' implicitly has an 'any' type.
src/services/analytics/MetricsService.ts(256,62): error TS7006: Parameter 'item' implicitly has an 'any' type.
src/services/analytics/MetricsService.ts(261,14): error TS7006: Parameter 'i' implicitly has an 'any' type.
src/services/analytics/MetricsService.ts(263,53): error TS7006: Parameter 'i' implicitly has an 'any' type.
src/services/analytics/MetricsService.ts(276,18): error TS7006: Parameter 'u' implicitly has an 'any' type.
src/services/analytics/MetricsService.ts(281,34): error TS7006: Parameter 'u' implicitly has an 'any' type.
src/services/analytics/MetricsService.ts(381,12): error TS2339: Property 'user_id' does not exist on type '{ endpoint: string; method: string; status_code: string; status_class: string; }'.
src/services/analytics/MetricsService.ts(515,37): error TS2339: Property 'lrange' does not exist on type 'CacheService'.
src/services/analytics/MetricsService.ts(522,15): error TS7006: Parameter 'item' implicitly has an 'any' type.
src/services/analytics/MetricsService.ts(574,26): error TS2339: Property 'ping' does not exist on type 'CacheService'.
src/services/analytics/MetricsService.ts(666,7): error TS2322: Type 'number | null' is not assignable to type 'number'.
  Type 'null' is not assignable to type 'number'.
src/services/analytics/MetricsService.ts(667,7): error TS2322: Type 'number | null' is not assignable to type 'number'.
  Type 'null' is not assignable to type 'number'.
src/services/analytics/MetricsService.ts(669,26): error TS18047: 'dailyOrders' is possibly 'null'.
src/services/analytics/MetricsService.ts(669,44): error TS18047: 'dailyRevenue' is possibly 'null'.
src/services/analytics/MetricsService.ts(669,65): error TS18047: 'dailyOrders' is possibly 'null'.
src/services/analytics/ReportingService.ts(13,21): error TS2307: Cannot find module 'exceljs' or its corresponding type declarations.
src/services/analytics/ReportingService.ts(14,25): error TS2307: Cannot find module 'pdfkit' or its corresponding type declarations.
src/services/analytics/ReportingService.ts(331,70): error TS2339: Property 'totalAmount' does not exist on type '{ user: { role: Role; isVerified: boolean; isActive: boolean; firstName: string; lastName: string; phoneNumber: string; id: string; createdAt: Date; email: string | null; avatar: string | null; status: Status; lastLoginAt: Date | null; updatedAt: Date; }; items: ({ ...; } & { ...; })[]; } & { ...; }'.
src/services/analytics/ReportingService.ts(337,92): error TS2339: Property 'totalAmount' does not exist on type '{ id: string; discount: Decimal; userId: string; currency: string; total: Decimal; createdAt: Date; status: OrderStatus; updatedAt: Date; orderNumber: string; ... 8 more ...; billingAddressId: string | null; }'.
src/services/analytics/ReportingService.ts(346,39): error TS2339: Property 'totalPrice' does not exist on type '{ product: { isActive: boolean; id: string; name: string; description: string | null; shortDescription: string | null; sku: string | null; price: Decimal; comparePrice: Decimal | null; ... 16 more ...; tags: string[]; }; } & { ...; }'.
src/services/analytics/ReportingService.ts(366,37): error TS2345: Argument of type 'string | undefined' is not assignable to parameter of type 'string'.
  Type 'undefined' is not assignable to type 'string'.
src/services/analytics/ReportingService.ts(367,40): error TS2339: Property 'totalAmount' does not exist on type '{ user: { role: Role; isVerified: boolean; isActive: boolean; firstName: string; lastName: string; phoneNumber: string; id: string; createdAt: Date; email: string | null; avatar: string | null; status: Status; lastLoginAt: Date | null; updatedAt: Date; }; items: ({ ...; } & { ...; })[]; } & { ...; }'.
src/services/analytics/ReportingService.ts(370,20): error TS2345: Argument of type 'string | undefined' is not assignable to parameter of type 'string'.
  Type 'undefined' is not assignable to type 'string'.
src/services/analytics/ReportingService.ts(405,11): error TS2353: Object literal may only specify known properties, and 'inventory' does not exist in type 'ProductInclude<DefaultArgs>'.
src/services/analytics/ReportingService.ts(424,39): error TS2339: Property 'totalPrice' does not exist on type '{ product: { isActive: boolean; id: string; name: string; description: string | null; shortDescription: string | null; sku: string | null; price: Decimal; comparePrice: Decimal | null; ... 16 more ...; tags: string[]; }; } & { ...; }'.
src/services/analytics/ReportingService.ts(431,37): error TS2339: Property 'reviews' does not exist on type '{ isActive: boolean; id: string; name: string; description: string | null; shortDescription: string | null; sku: string | null; price: Decimal; comparePrice: Decimal | null; ... 16 more ...; tags: string[]; }'.
src/services/analytics/ReportingService.ts(432,19): error TS2339: Property 'reviews' does not exist on type '{ isActive: boolean; id: string; name: string; description: string | null; shortDescription: string | null; sku: string | null; price: Decimal; comparePrice: Decimal | null; ... 16 more ...; tags: string[]; }'.
src/services/analytics/ReportingService.ts(432,35): error TS7006: Parameter 'sum' implicitly has an 'any' type.
src/services/analytics/ReportingService.ts(432,40): error TS7006: Parameter 'review' implicitly has an 'any' type.
src/services/analytics/ReportingService.ts(432,85): error TS2339: Property 'reviews' does not exist on type '{ isActive: boolean; id: string; name: string; description: string | null; shortDescription: string | null; sku: string | null; price: Decimal; comparePrice: Decimal | null; ... 16 more ...; tags: string[]; }'.
src/services/analytics/ReportingService.ts(444,27): error TS2551: Property 'category' does not exist on type '{ isActive: boolean; id: string; name: string; description: string | null; shortDescription: string | null; sku: string | null; price: Decimal; comparePrice: Decimal | null; ... 16 more ...; tags: string[]; }'. Did you mean 'categoryId'?
src/services/analytics/ReportingService.ts(448,29): error TS2339: Property 'inventory' does not exist on type '{ isActive: boolean; id: string; name: string; description: string | null; shortDescription: string | null; sku: string | null; price: Decimal; comparePrice: Decimal | null; ... 16 more ...; tags: string[]; }'.
src/services/analytics/ReportingService.ts(461,7): error TS2322: Type '{ id: string; name: string; sku: string | null; category: any; revenue: number; quantitySold: number; averageRating: number; stockLevel: any; margin: number; performance: "excellent" | "good" | "average" | "poor"; }[]' is not assignable to type '{ id: string; name: string; sku: string; category: string; revenue: number; quantitySold: number; averageRating: number; stockLevel: number; margin: number; performance: "excellent" | "good" | "average" | "poor"; }[]'.
  Type '{ id: string; name: string; sku: string | null; category: any; revenue: number; quantitySold: number; averageRating: number; stockLevel: any; margin: number; performance: "excellent" | "good" | "average" | "poor"; }' is not assignable to type '{ id: string; name: string; sku: string; category: string; revenue: number; quantitySold: number; averageRating: number; stockLevel: number; margin: number; performance: "excellent" | "good" | "average" | "poor"; }'.
    Types of property 'sku' are incompatible.
      Type 'string | null' is not assignable to type 'string'.
        Type 'null' is not assignable to type 'string'.
src/services/analytics/ReportingService.ts(478,42): error TS7006: Parameter 'sum' implicitly has an 'any' type.
src/services/analytics/ReportingService.ts(478,47): error TS7006: Parameter 'item' implicitly has an 'any' type.
src/services/analytics/ReportingService.ts(482,33): error TS7006: Parameter 'item' implicitly has an 'any' type.
src/services/analytics/ReportingService.ts(502,40): error TS7006: Parameter 'movement' implicitly has an 'any' type.
src/services/analytics/ReportingService.ts(515,37): error TS7006: Parameter 'i' implicitly has an 'any' type.
src/services/analytics/ReportingService.ts(516,39): error TS7006: Parameter 'i' implicitly has an 'any' type.
src/services/analytics/ReportingService.ts(577,22): error TS7006: Parameter 'chunk' implicitly has an 'any' type.
src/services/analytics/ReportingService.ts(650,22): error TS7006: Parameter 'chunk' implicitly has an 'any' type.
src/services/analytics/ReportingService.ts(719,22): error TS7006: Parameter 'chunk' implicitly has an 'any' type.
src/services/auth/AuthService.ts(11,3): error TS2305: Module '"@/types"' has no exported member 'RequestOTPResponse'.
src/services/auth/AuthService.ts(17,3): error TS2305: Module '"@/types"' has no exported member 'RefreshTokenResponse'.
src/services/auth/AuthService.ts(19,3): error TS2305: Module '"@/types"' has no exported member 'OTPPurpose'.
src/services/auth/AuthService.ts(237,7): error TS2375: Type '{ isValid: true; userId: string | undefined; }' is not assignable to type '{ isValid: boolean; userId?: string; }' with 'exactOptionalPropertyTypes: true'. Consider adding 'undefined' to the types of the target's properties.
  Types of property 'userId' are incompatible.
    Type 'string | undefined' is not assignable to type 'string'.
      Type 'undefined' is not assignable to type 'string'.
src/services/auth/AuthService.ts(297,57): error TS2379: Argument of type '{ phoneNumber: string; firstName: string; lastName: string; email: string | undefined; role: "CUSTOMER"; }' is not assignable to parameter of type 'CreateUserData' with 'exactOptionalPropertyTypes: true'. Consider adding 'undefined' to the types of the target's properties.
  Types of property 'email' are incompatible.
    Type 'string | undefined' is not assignable to type 'string'.
      Type 'undefined' is not assignable to type 'string'.
src/services/auth/AuthService.ts(314,7): error TS2739: Type '{ success: true; message: string; data: { user: any; accessToken: string; refreshToken: string; expiresIn: number; }; }' is missing the following properties from type 'AuthResponse': user, accessToken, refreshToken, expiresIn
src/services/auth/AuthService.ts(387,7): error TS2739: Type '{ success: true; message: string; data: { user: any; accessToken: string; refreshToken: string; expiresIn: number; }; }' is missing the following properties from type 'AuthResponse': user, accessToken, refreshToken, expiresIn
src/services/auth/AuthService.ts(553,12): error TS7053: Element implicitly has an 'any' type because expression of type 'OTPPurpose' can't be used to index type '{ signup: string; login: string; password_reset: string; phone_verification: string; }'.
src/services/auth/JWTService.ts(26,18): error TS2769: No overload matches this call.
  Overload 1 of 5, '(payload: string | object | Buffer<ArrayBufferLike>, secretOrPrivateKey: null, options?: (SignOptions & { algorithm: "none"; }) | undefined): string', gave the following error.
    Argument of type 'string' is not assignable to parameter of type 'null'.
  Overload 2 of 5, '(payload: string | object | Buffer<ArrayBufferLike>, secretOrPrivateKey: Buffer<ArrayBufferLike> | Secret | JsonWebKeyInput | PrivateKeyInput, options?: SignOptions | undefined): string', gave the following error.
    Type 'string' is not assignable to type 'number | StringValue | undefined'.
  Overload 3 of 5, '(payload: string | object | Buffer<ArrayBufferLike>, secretOrPrivateKey: Buffer<ArrayBufferLike> | Secret | JsonWebKeyInput | PrivateKeyInput, callback: SignCallback): void', gave the following error.
    Object literal may only specify known properties, and 'expiresIn' does not exist in type 'SignCallback'.
src/services/auth/JWTService.ts(48,18): error TS2769: No overload matches this call.
  Overload 1 of 5, '(payload: string | object | Buffer<ArrayBufferLike>, secretOrPrivateKey: null, options?: (SignOptions & { algorithm: "none"; }) | undefined): string', gave the following error.
    Argument of type 'string' is not assignable to parameter of type 'null'.
  Overload 2 of 5, '(payload: string | object | Buffer<ArrayBufferLike>, secretOrPrivateKey: Buffer<ArrayBufferLike> | Secret | JsonWebKeyInput | PrivateKeyInput, options?: SignOptions | undefined): string', gave the following error.
    Type 'string' is not assignable to type 'number | StringValue | undefined'.
  Overload 3 of 5, '(payload: string | object | Buffer<ArrayBufferLike>, secretOrPrivateKey: Buffer<ArrayBufferLike> | Secret | JsonWebKeyInput | PrivateKeyInput, callback: SignCallback): void', gave the following error.
    Object literal may only specify known properties, and 'expiresIn' does not exist in type 'SignCallback'.
src/services/auth/JWTService.ts(286,30): error TS2769: No overload matches this call.
  Overload 1 of 4, '(arrayBuffer: WithImplicitCoercion<ArrayBufferLike>, byteOffset?: number | undefined, length?: number | undefined): Buffer<ArrayBufferLike>', gave the following error.
    Argument of type 'string | undefined' is not assignable to parameter of type 'WithImplicitCoercion<ArrayBufferLike>'.
      Type 'undefined' is not assignable to type 'WithImplicitCoercion<ArrayBufferLike>'.
  Overload 2 of 4, '(string: WithImplicitCoercion<string>, encoding?: BufferEncoding | undefined): Buffer<ArrayBuffer>', gave the following error.
    Argument of type 'string | undefined' is not assignable to parameter of type 'WithImplicitCoercion<string>'.
      Type 'undefined' is not assignable to type 'WithImplicitCoercion<string>'.
src/services/auth/JWTService.ts(287,30): error TS2769: No overload matches this call.
  Overload 1 of 4, '(arrayBuffer: WithImplicitCoercion<ArrayBufferLike>, byteOffset?: number | undefined, length?: number | undefined): Buffer<ArrayBufferLike>', gave the following error.
    Argument of type 'string | undefined' is not assignable to parameter of type 'WithImplicitCoercion<ArrayBufferLike>'.
      Type 'undefined' is not assignable to type 'WithImplicitCoercion<ArrayBufferLike>'.
  Overload 2 of 4, '(string: WithImplicitCoercion<string>, encoding?: BufferEncoding | undefined): Buffer<ArrayBuffer>', gave the following error.
    Argument of type 'string | undefined' is not assignable to parameter of type 'WithImplicitCoercion<string>'.
      Type 'undefined' is not assignable to type 'WithImplicitCoercion<string>'.
src/services/auth/JWTService.ts(301,21): error TS2769: No overload matches this call.
  Overload 1 of 4, '(arrayBuffer: WithImplicitCoercion<ArrayBufferLike>, byteOffset?: number | undefined, length?: number | undefined): Buffer<ArrayBufferLike>', gave the following error.
    Argument of type 'string | undefined' is not assignable to parameter of type 'WithImplicitCoercion<ArrayBufferLike>'.
      Type 'undefined' is not assignable to type 'WithImplicitCoercion<ArrayBufferLike>'.
  Overload 2 of 4, '(string: WithImplicitCoercion<string>, encoding?: BufferEncoding | undefined): Buffer<ArrayBuffer>', gave the following error.
    Argument of type 'string | undefined' is not assignable to parameter of type 'WithImplicitCoercion<string>'.
      Type 'undefined' is not assignable to type 'WithImplicitCoercion<string>'.
src/services/auth/OTPService.ts(56,20): error TS2532: Object is possibly 'undefined'.
src/services/auth/OTPService.ts(58,9): error TS2532: Object is possibly 'undefined'.
src/services/auth/OTPService.ts(59,9): error TS2532: Object is possibly 'undefined'.
src/services/auth/OTPService.ts(60,9): error TS2532: Object is possibly 'undefined'.
src/services/auth/OTPService.ts(61,8): error TS2532: Object is possibly 'undefined'.
src/services/auth/SessionService.ts(56,69): error TS2345: Argument of type '{ userId: string; sessionId: string; }' is not assignable to parameter of type 'Omit<JWTPayload, "iat" | "exp">'.
  Type '{ userId: string; sessionId: string; }' is missing the following properties from type 'Omit<JWTPayload, "iat" | "exp">': role, phoneNumber
src/services/auth/SessionService.ts(60,71): error TS2345: Argument of type '{ userId: string; sessionId: string; }' is not assignable to parameter of type 'Omit<JWTPayload, "iat" | "exp">'.
  Type '{ userId: string; sessionId: string; }' is missing the following properties from type 'Omit<JWTPayload, "iat" | "exp">': role, phoneNumber
src/services/auth/SessionService.ts(68,59): error TS2379: Argument of type '{ userId: string; sessionId: string; accessToken: string; refreshToken: string; expiresAt: Date; deviceInfo: DeviceInfo | undefined; ipAddress: string | undefined; userAgent: string | undefined; isActive: true; }' is not assignable to parameter of type 'CreateSessionData' with 'exactOptionalPropertyTypes: true'. Consider adding 'undefined' to the types of the target's properties.
  Types of property 'deviceInfo' are incompatible.
    Type 'DeviceInfo | undefined' is not assignable to type 'DeviceInfo'.
      Type 'undefined' is not assignable to type 'DeviceInfo'.
src/services/auth/SessionService.ts(187,72): error TS2345: Argument of type '{ userId: string; sessionId: string; }' is not assignable to parameter of type 'Omit<JWTPayload, "iat" | "exp">'.
  Type '{ userId: string; sessionId: string; }' is missing the following properties from type 'Omit<JWTPayload, "iat" | "exp">': role, phoneNumber
src/services/auth/SessionService.ts(191,74): error TS2345: Argument of type '{ userId: string; sessionId: string; }' is not assignable to parameter of type 'Omit<JWTPayload, "iat" | "exp">'.
  Type '{ userId: string; sessionId: string; }' is missing the following properties from type 'Omit<JWTPayload, "iat" | "exp">': role, phoneNumber
src/services/auth/SessionService.ts(404,11): error TS2416: Property 'handleError' in type 'SessionService' is not assignable to the same property in base type 'BaseService'.
  Type '(error: any, message: string) => AppError' is not assignable to type '(message: string, error: any) => never'.
    Type 'AppError' is not assignable to type 'never'.
src/services/auth/SessionService.ts(404,11): error TS4114: This member must have an 'override' modifier because it overrides a member in the base class 'BaseService'.
src/services/auth/SMSService.ts(3,10): error TS2305: Module '"@/types"' has no exported member 'SMSNotificationData'.
src/services/cache/CacheService.ts(200,46): error TS2345: Argument of type 'string | undefined' is not assignable to parameter of type 'string'.
  Type 'undefined' is not assignable to type 'string'.
src/services/cache/CacheService.ts(274,44): error TS2379: Argument of type '{ ttl: number | undefined; }' is not assignable to parameter of type 'CacheOptions' with 'exactOptionalPropertyTypes: true'. Consider adding 'undefined' to the types of the target's properties.
  Types of property 'ttl' are incompatible.
    Type 'number | undefined' is not assignable to type 'number'.
      Type 'undefined' is not assignable to type 'number'.
src/services/cache/CacheService.ts(368,20): error TS2532: Object is possibly 'undefined'.
src/services/cache/RedisService.ts(3,10): error TS2305: Module '"../../config"' has no exported member 'redisConfig'.
src/services/cache/RedisService.ts(6,11): error TS2564: Property 'client' has no initializer and is not definitely assigned in the constructor.
src/services/cache/RedisService.ts(19,25): error TS2769: No overload matches this call.
  Overload 1 of 8, '(options: RedisOptions): Redis', gave the following error.
    Object literal may only specify known properties, and 'retryDelayOnFailover' does not exist in type 'RedisOptions'.
  Overload 2 of 8, '(port: number): Redis', gave the following error.
    Argument of type '{ host: any; port: any; password: any; db: any; retryDelayOnFailover: number; maxRetriesPerRequest: number; lazyConnect: boolean; keepAlive: number; connectionName: string; family: number; }' is not assignable to parameter of type 'number'.
  Overload 3 of 8, '(path: string): Redis', gave the following error.
    Argument of type '{ host: any; port: any; password: any; db: any; retryDelayOnFailover: number; maxRetriesPerRequest: number; lazyConnect: boolean; keepAlive: number; connectionName: string; family: number; }' is not assignable to parameter of type 'string'.
src/services/cache/RedisService.ts(299,37): error TS2769: No overload matches this call.
  Overload 1 of 3, '(callback?: Callback<string> | undefined): Promise<string>', gave the following error.
    Argument of type 'string | undefined' is not assignable to parameter of type 'Callback<string> | undefined'.
      Type 'string' is not assignable to type 'Callback<string>'.
  Argument of type '[string | undefined]' is not assignable to parameter of type '[...sections: (string | Buffer<ArrayBufferLike>)[], callback: Callback<string>]'.
    Type at position 0 in source is not compatible with type at position 1 in target.
      Type 'string | undefined' is not assignable to type 'Callback<string>'.
        Type 'undefined' is not assignable to type 'Callback<string>'.
  Overload 3 of 3, '(...args: (string | Buffer<ArrayBufferLike>)[]): Promise<string>', gave the following error.
    Argument of type 'string | undefined' is not assignable to parameter of type 'string | Buffer<ArrayBufferLike>'.
      Type 'undefined' is not assignable to type 'string | Buffer<ArrayBufferLike>'.
src/services/cache/RedisService.ts(485,15): error TS2702: 'Redis' only refers to a type, but is being used as a namespace here.
src/services/cache/RedisService.ts(543,41): error TS2532: Object is possibly 'undefined'.
src/services/cache/RedisService.ts(547,55): error TS2345: Argument of type 'string | undefined' is not assignable to parameter of type 'string'.
  Type 'undefined' is not assignable to type 'string'.
src/services/cart/CartService.ts(42,30): error TS2554: Expected 1 arguments, but got 0.
src/services/cart/CartService.ts(77,19): error TS2339: Property 'stock' does not exist on type 'Product'.
src/services/cart/CartService.ts(91,35): error TS2339: Property 'stock' does not exist on type 'Product'.
src/services/cart/CartService.ts(102,9): error TS2740: Type 'Cart' is missing the following properties from type 'CartItem': cartId, productId, quantity, unitPrice, and 5 more.
src/services/cart/CartService.ts(104,11): error TS2353: Object literal may only specify known properties, and 'productId' does not exist in type 'CreateCartData'.
src/services/cart/CartService.ts(142,19): error TS2339: Property 'stock' does not exist on type 'Product'.
src/services/cart/CartService.ts(376,23): error TS2339: Property 'stock' does not exist on type 'Product'.
src/services/cart/CartService.ts(381,40): error TS2339: Property 'stock' does not exist on type 'Product'.
src/services/cart/CartService.ts(385,25): error TS2339: Property 'stock' does not exist on type 'Product'.
src/services/cart/CartService.ts(391,45): error TS2339: Property 'price' does not exist on type 'CartItem'.
src/services/cart/CartService.ts(396,56): error TS2339: Property 'price' does not exist on type 'CartItem'.
src/services/cart/CartService.ts(571,66): error TS2339: Property 'price' does not exist on type 'CartItem'.
src/services/cart/CartService.ts(610,11): error TS2416: Property 'handleError' in type 'CartService' is not assignable to the same property in base type 'BaseService'.
  Type '(message: string, error: any) => void' is not assignable to type '(message: string, error: any) => never'.
    Type 'void' is not assignable to type 'never'.
src/services/cart/CartService.ts(610,11): error TS4114: This member must have an 'override' modifier because it overrides a member in the base class 'BaseService'.
src/services/inventory/InventoryService.ts(10,3): error TS2305: Module '"../../types"' has no exported member 'InventoryStatus'.
src/services/inventory/InventoryService.ts(13,3): error TS2724: '"../../types"' has no exported member named 'InventoryAdjustmentRequest'. Did you mean 'InventoryMovementRequest'?
src/services/inventory/InventoryService.ts(150,31): error TS2339: Property 'createPagination' does not exist on type 'InventoryService'.
src/services/inventory/InventoryService.ts(195,35): error TS2339: Property 'reorderPoint' does not exist on type 'UpdateInventoryRequest'.
src/services/inventory/InventoryService.ts(196,38): error TS2339: Property 'reorderQuantity' does not exist on type 'UpdateInventoryRequest'.
src/services/inventory/InventoryService.ts(210,35): error TS2339: Property 'reorderPoint' does not exist on type 'UpdateInventoryRequest'.
src/services/inventory/InventoryService.ts(212,23): error TS2339: Property 'reorderQuantity' does not exist on type 'UpdateInventoryRequest'.
src/services/inventory/InventoryService.ts(233,13): error TS2322: Type '"ADJUSTMENT_IN" | "ADJUSTMENT_OUT"' is not assignable to type 'MovementType'.
  Type '"ADJUSTMENT_IN"' is not assignable to type 'MovementType'. Did you mean '"ADJUSTMENT"'?
src/services/inventory/InventoryService.ts(238,28): error TS2339: Property 'notes' does not exist on type 'UpdateInventoryRequest'.
src/services/inventory/InventoryService.ts(275,13): error TS2345: Argument of type '{ quantity: number; reason: any; }' is not assignable to parameter of type 'UpdateInventoryRequest'.
  Property 'productId' is missing in type '{ quantity: number; reason: any; }' but required in type 'UpdateInventoryRequest'.
src/services/inventory/InventoryService.ts(277,48): error TS2339: Property 'batchReason' does not exist on type 'BulkInventoryUpdateRequest'.
src/services/inventory/InventoryService.ts(312,19): error TS2740: Type '{}' is missing the following properties from type '{ productId: string; productName: string; currentStock: number; threshold: number; categoryName: string; }[]': length, pop, push, concat, and 29 more.
src/services/inventory/InventoryService.ts(335,18): error TS7006: Parameter 'inv' implicitly has an 'any' type.
src/services/inventory/InventoryService.ts(336,15): error TS7006: Parameter 'inventory' implicitly has an 'any' type.
src/services/inventory/InventoryService.ts(345,53): error TS2559: Type '900' has no properties in common with type 'CacheOptions'.
src/services/inventory/InventoryService.ts(413,11): error TS2322: Type '"ADJUSTMENT_IN" | "ADJUSTMENT_OUT"' is not assignable to type 'MovementType'.
  Type '"ADJUSTMENT_IN"' is not assignable to type 'MovementType'. Did you mean '"ADJUSTMENT"'?
src/services/inventory/InventoryService.ts(476,8): error TS7006: Parameter 'sum' implicitly has an 'any' type.
src/services/inventory/InventoryService.ts(476,13): error TS7006: Parameter 'item' implicitly has an 'any' type.
src/services/inventory/InventoryService.ts(487,17): error TS7006: Parameter 'inv' implicitly has an 'any' type.
src/services/inventory/InventoryService.ts(502,25): error TS2339: Property 'deletePattern' does not exist on type 'CacheService'.
src/services/inventory/InventoryService.ts(514,7): error TS2353: Object literal may only specify known properties, and 'reorderPoint' does not exist in type 'Inventory'.
src/services/inventory/MovementService.ts(68,11): error TS2322: Type 'InventoryMovementType' is not assignable to type 'MovementType'.
  Type '"restock"' is not assignable to type 'MovementType'.
src/services/inventory/MovementService.ts(72,29): error TS2339: Property 'unitCost' does not exist on type 'InventoryMovementRequest'.
src/services/inventory/MovementService.ts(73,30): error TS2339: Property 'unitCost' does not exist on type 'InventoryMovementRequest'.
src/services/inventory/MovementService.ts(74,23): error TS2339: Property 'unitCost' does not exist on type 'InventoryMovementRequest'.
src/services/inventory/MovementService.ts(76,34): error TS2551: Property 'referenceType' does not exist on type 'InventoryMovementRequest'. Did you mean 'reference'?
src/services/inventory/MovementService.ts(77,32): error TS2551: Property 'referenceId' does not exist on type 'InventoryMovementRequest'. Did you mean 'reference'?
src/services/inventory/MovementService.ts(79,26): error TS2339: Property 'notes' does not exist on type 'InventoryMovementRequest'.
src/services/inventory/MovementService.ts(80,30): error TS2339: Property 'userId' does not exist on type 'InventoryMovementRequest'.
src/services/inventory/MovementService.ts(89,29): error TS2339: Property 'unitCost' does not exist on type 'InventoryMovementRequest'.
src/services/inventory/MovementService.ts(160,31): error TS2339: Property 'createPagination' does not exist on type 'MovementService'.
src/services/inventory/MovementService.ts(206,36): error TS2345: Argument of type 'MovementType' is not assignable to parameter of type 'InventoryMovementType'.
  Type '"IN"' is not assignable to type 'InventoryMovementType'.
src/services/inventory/MovementService.ts(208,44): error TS2345: Argument of type 'MovementType' is not assignable to parameter of type 'InventoryMovementType'.
  Type '"IN"' is not assignable to type 'InventoryMovementType'.
src/services/inventory/MovementService.ts(291,25): error TS2339: Property 'deletePattern' does not exist on type 'CacheService'.
src/services/inventory/MovementService.ts(298,7): error TS2353: Object literal may only specify known properties, and 'inventoryId' does not exist in type 'InventoryMovement'.
src/services/inventory/ReservationService.ts(4,3): error TS2305: Module '"../../types"' has no exported member 'StockReservation'.
src/services/inventory/ReservationService.ts(5,3): error TS2305: Module '"../../types"' has no exported member 'ReserveStockRequest'.
src/services/inventory/ReservationService.ts(6,3): error TS2305: Module '"../../types"' has no exported member 'ReleaseReservationRequest'.
src/services/inventory/ReservationService.ts(119,15): error TS2353: Object literal may only specify known properties, and 'reason' does not exist in type '(Without<StockReservationUpdateInput, StockReservationUncheckedUpdateInput> & StockReservationUncheckedUpdateInput) | (Without<...> & StockReservationUpdateInput)'.
src/services/inventory/ReservationService.ts(140,11): error TS2353: Object literal may only specify known properties, and 'inventoryId' does not exist in type '(Without<StockReservationCreateInput, StockReservationUncheckedCreateInput> & StockReservationUncheckedCreateInput) | (Without<...> & StockReservationCreateInput)'.
src/services/inventory/ReservationService.ts(199,35): error TS2379: Argument of type '{ productId: string; success: boolean; reservationId: string | undefined; message: string; }' is not assignable to parameter of type '{ productId: string; success: boolean; reservationId?: string; message: string; }' with 'exactOptionalPropertyTypes: true'. Consider adding 'undefined' to the types of the target's properties.
  Types of property 'reservationId' are incompatible.
    Type 'string | undefined' is not assignable to type 'string'.
      Type 'undefined' is not assignable to type 'string'.
src/services/inventory/ReservationService.ts(239,13): error TS2353: Object literal may only specify known properties, and 'isReleased' does not exist in type 'StockReservationWhereInput'.
src/services/inventory/ReservationService.ts(245,13): error TS2353: Object literal may only specify known properties, and 'cartId' does not exist in type 'StockReservationWhereInput'.
src/services/inventory/ReservationService.ts(269,11): error TS2353: Object literal may only specify known properties, and 'isReleased' does not exist in type '(Without<StockReservationUpdateInput, StockReservationUncheckedUpdateInput> & StockReservationUncheckedUpdateInput) | (Without<...> & StockReservationUpdateInput)'.
src/services/inventory/ReservationService.ts(331,11): error TS2353: Object literal may only specify known properties, and 'isReleased' does not exist in type '(Without<StockReservationUpdateManyMutationInput, StockReservationUncheckedUpdateManyInput> & StockReservationUncheckedUpdateManyInput) | (Without<...> & StockReservationUpdateManyMutationInput)'.
src/services/inventory/ReservationService.ts(370,11): error TS2353: Object literal may only specify known properties, and 'isReleased' does not exist in type 'StockReservationWhereInput'.
src/services/inventory/ReservationService.ts(402,11): error TS2353: Object literal may only specify known properties, and 'inventory' does not exist in type 'StockReservationInclude<DefaultArgs>'.
src/services/inventory/ReservationService.ts(434,11): error TS2353: Object literal may only specify known properties, and 'isReleased' does not exist in type 'StockReservationWhereInput'.
src/services/inventory/ReservationService.ts(449,11): error TS2353: Object literal may only specify known properties, and 'isReleased' does not exist in type '(Without<StockReservationUpdateManyMutationInput, StockReservationUncheckedUpdateManyInput> & StockReservationUncheckedUpdateManyInput) | (Without<...> & StockReservationUpdateManyMutationInput)'.
src/services/inventory/ReservationService.ts(501,23): error TS2339: Property 'isReleased' does not exist on type '{ id: string; productId: string; createdAt: Date; updatedAt: Date; quantity: number; orderId: string | null; expiresAt: Date; }'.
src/services/inventory/ReservationService.ts(540,11): error TS2353: Object literal may only specify known properties, and 'isReleased' does not exist in type 'StockReservationWhereInput'.
src/services/inventory/ReservationService.ts(591,11): error TS2353: Object literal may only specify known properties, and 'isReleased' does not exist in type '(Without<StockReservationUpdateManyMutationInput, StockReservationUncheckedUpdateManyInput> & StockReservationUncheckedUpdateManyInput) | (Without<...> & StockReservationUpdateManyMutationInput)'.
src/services/inventory/ReservationService.ts(638,13): error TS2353: Object literal may only specify known properties, and 'isReleased' does not exist in type 'StockReservationWhereInput'.
src/services/inventory/ReservationService.ts(642,13): error TS2353: Object literal may only specify known properties, and 'inventory' does not exist in type 'StockReservationInclude<DefaultArgs>'.
src/services/inventory/ReservationService.ts(653,13): error TS2353: Object literal may only specify known properties, and 'isReleased' does not exist in type 'StockReservationWhereInput'.
src/services/inventory/ReservationService.ts(671,41): error TS2339: Property 'inventory' does not exist on type '{ id: string; productId: string; createdAt: Date; updatedAt: Date; quantity: number; orderId: string | null; expiresAt: Date; }'.
src/services/inventory/ReservationService.ts(711,9): error TS2353: Object literal may only specify known properties, and 'isReleased' does not exist in type 'StockReservationWhereInput'.
src/services/inventory/ReservationService.ts(717,30): error TS18048: 'totalReserved._sum' is possibly 'undefined'.
src/services/inventory/ReservationService.ts(730,25): error TS2339: Property 'deletePattern' does not exist on type 'CacheService'.
src/services/inventory/StockService.ts(10,3): error TS2305: Module '"../../types"' has no exported member 'InventoryStatus'.
src/services/inventory/StockService.ts(145,26): error TS7006: Parameter 'inv' implicitly has an 'any' type.
src/services/inventory/StockService.ts(162,21): error TS2339: Property 'quantity' does not exist on type '{}'.
src/services/inventory/StockService.ts(162,42): error TS2339: Property 'reservedQuantity' does not exist on type '{}'.
src/services/inventory/StockService.ts(165,21): error TS2339: Property 'product' does not exist on type '{}'.
src/services/inventory/StockService.ts(247,11): error TS2322: Type 'InventoryMovementType' is not assignable to type 'MovementType'.
  Type '"restock"' is not assignable to type 'MovementType'.
src/services/inventory/StockService.ts(298,28): error TS7006: Parameter 'inventory' implicitly has an 'any' type.
src/services/inventory/StockService.ts(329,7): error TS2820: Type '"SALE"' is not assignable to type 'InventoryMovementType'. Did you mean '"sale"'?
src/services/inventory/StockService.ts(350,7): error TS2820: Type '"RESTOCK"' is not assignable to type 'InventoryMovementType'. Did you mean '"restock"'?
src/services/inventory/StockService.ts(369,7): error TS2820: Type '"RETURN"' is not assignable to type 'InventoryMovementType'. Did you mean '"returned"'?
src/services/inventory/StockService.ts(389,7): error TS2820: Type '"DAMAGE"' is not assignable to type 'InventoryMovementType'. Did you mean '"damaged"'?
src/services/inventory/StockService.ts(411,7): error TS2820: Type '"TRANSFER_OUT"' is not assignable to type 'InventoryMovementType'. Did you mean '"transfer"'?
src/services/inventory/StockService.ts(435,36): error TS2339: Property 'previousQuantity' does not exist on type '{ type: MovementType; id: string; productId: string; createdAt: Date; quantity: number; reason: string | null; reference: string | null; }'.
src/services/inventory/StockService.ts(436,31): error TS2551: Property 'newQuantity' does not exist on type '{ type: MovementType; id: string; productId: string; createdAt: Date; quantity: number; reason: string | null; reference: string | null; }'. Did you mean 'quantity'?
src/services/inventory/StockService.ts(437,28): error TS2339: Property 'unitCost' does not exist on type '{ type: MovementType; id: string; productId: string; createdAt: Date; quantity: number; reason: string | null; reference: string | null; }'.
src/services/inventory/StockService.ts(437,55): error TS2339: Property 'unitCost' does not exist on type '{ type: MovementType; id: string; productId: string; createdAt: Date; quantity: number; reason: string | null; reference: string | null; }'.
src/services/inventory/StockService.ts(438,29): error TS2339: Property 'totalCost' does not exist on type '{ type: MovementType; id: string; productId: string; createdAt: Date; quantity: number; reason: string | null; reference: string | null; }'.
src/services/inventory/StockService.ts(438,57): error TS2339: Property 'totalCost' does not exist on type '{ type: MovementType; id: string; productId: string; createdAt: Date; quantity: number; reason: string | null; reference: string | null; }'.
src/services/inventory/StockService.ts(440,33): error TS2551: Property 'referenceType' does not exist on type '{ type: MovementType; id: string; productId: string; createdAt: Date; quantity: number; reason: string | null; reference: string | null; }'. Did you mean 'reference'?
src/services/inventory/StockService.ts(441,31): error TS2551: Property 'referenceId' does not exist on type '{ type: MovementType; id: string; productId: string; createdAt: Date; quantity: number; reason: string | null; reference: string | null; }'. Did you mean 'reference'?
src/services/inventory/StockService.ts(443,29): error TS2339: Property 'createdBy' does not exist on type '{ type: MovementType; id: string; productId: string; createdAt: Date; quantity: number; reason: string | null; reference: string | null; }'.
src/services/inventory/StockService.ts(458,19): error TS2740: Type '{}' is missing the following properties from type 'any[]': length, pop, push, concat, and 29 more.
src/services/inventory/StockService.ts(488,47): error TS7006: Parameter 'inventory' implicitly has an 'any' type.
src/services/inventory/StockService.ts(505,53): error TS2559: Type '900' has no properties in common with type 'CacheOptions'.
src/services/inventory/StockService.ts(540,41): error TS7006: Parameter 'inventory' implicitly has an 'any' type.
src/services/inventory/StockService.ts(696,25): error TS2339: Property 'deletePattern' does not exist on type 'CacheService'.
src/services/inventory/StockService.ts(697,25): error TS2339: Property 'deletePattern' does not exist on type 'CacheService'.
src/services/notifications/EmailService.ts(2,10): error TS2305: Module '"../../types"' has no exported member 'EmailNotification'.
src/services/notifications/EmailService.ts(25,11): error TS2564: Property 'transporter' has no initializer and is not definitely assigned in the constructor.
src/services/notifications/EmailService.ts(36,21): error TS2339: Property 'provider' does not exist on type '{ readonly sendgrid: { readonly apiKey: string; readonly fromEmail: string; readonly fromName: string; readonly replyTo: string; readonly templateIds: { readonly welcome: string; readonly orderConfirmation: string; ... 4 more ...; readonly newsletter: string; }; }; readonly defaultSettings: { ...; }; readonly templa...'.
src/services/notifications/EmailService.ts(37,37): error TS2551: Property 'createTransporter' does not exist on type 'typeof import("C:/Users/elijah.ogunbiyi/Documents/Demos/bareloft_ecommerce_node.ts/node_modules/@types/nodemailer/index")'. Did you mean 'createTransport'?
src/services/notifications/EmailService.ts(46,37): error TS2551: Property 'createTransporter' does not exist on type 'typeof import("C:/Users/elijah.ogunbiyi/Documents/Demos/bareloft_ecommerce_node.ts/node_modules/@types/nodemailer/index")'. Did you mean 'createTransport'?
src/services/notifications/EmailService.ts(47,27): error TS2339: Property 'smtp' does not exist on type '{ readonly sendgrid: { readonly apiKey: string; readonly fromEmail: string; readonly fromName: string; readonly replyTo: string; readonly templateIds: { readonly welcome: string; readonly orderConfirmation: string; ... 4 more ...; readonly newsletter: string; }; }; readonly defaultSettings: { ...; }; readonly templa...'.
src/services/notifications/EmailService.ts(48,27): error TS2339: Property 'smtp' does not exist on type '{ readonly sendgrid: { readonly apiKey: string; readonly fromEmail: string; readonly fromName: string; readonly replyTo: string; readonly templateIds: { readonly welcome: string; readonly orderConfirmation: string; ... 4 more ...; readonly newsletter: string; }; }; readonly defaultSettings: { ...; }; readonly templa...'.
src/services/notifications/EmailService.ts(49,29): error TS2339: Property 'smtp' does not exist on type '{ readonly sendgrid: { readonly apiKey: string; readonly fromEmail: string; readonly fromName: string; readonly replyTo: string; readonly templateIds: { readonly welcome: string; readonly orderConfirmation: string; ... 4 more ...; readonly newsletter: string; }; }; readonly defaultSettings: { ...; }; readonly templa...'.
src/services/notifications/EmailService.ts(51,29): error TS2339: Property 'smtp' does not exist on type '{ readonly sendgrid: { readonly apiKey: string; readonly fromEmail: string; readonly fromName: string; readonly replyTo: string; readonly templateIds: { readonly welcome: string; readonly orderConfirmation: string; ... 4 more ...; readonly newsletter: string; }; }; readonly defaultSettings: { ...; }; readonly templa...'.
src/services/notifications/EmailService.ts(52,29): error TS2339: Property 'smtp' does not exist on type '{ readonly sendgrid: { readonly apiKey: string; readonly fromEmail: string; readonly fromName: string; readonly replyTo: string; readonly templateIds: { readonly welcome: string; readonly orderConfirmation: string; ... 4 more ...; readonly newsletter: string; }; }; readonly defaultSettings: { ...; }; readonly templa...'.
src/services/notifications/EmailService.ts(64,43): error TS2339: Property 'defaultFrom' does not exist on type '{ readonly sendgrid: { readonly apiKey: string; readonly fromEmail: string; readonly fromName: string; readonly replyTo: string; readonly templateIds: { readonly welcome: string; readonly orderConfirmation: string; ... 4 more ...; readonly newsletter: string; }; }; readonly defaultSettings: { ...; }; readonly templa...'.
src/services/notifications/NotificationService.ts(4,3): error TS2305: Module '"../../types"' has no exported member 'Notification'.
src/services/notifications/NotificationService.ts(5,3): error TS2305: Module '"../../types"' has no exported member 'NotificationType'.
src/services/notifications/NotificationService.ts(6,3): error TS2305: Module '"../../types"' has no exported member 'NotificationChannel'.
src/services/notifications/NotificationService.ts(7,3): error TS2305: Module '"../../types"' has no exported member 'NotificationStatus'.
src/services/notifications/NotificationService.ts(8,3): error TS2724: '"../../types"' has no exported member named 'SendNotificationRequest'. Did you mean 'OTPVerificationRequest'?
src/services/notifications/NotificationService.ts(9,3): error TS2724: '"../../types"' has no exported member named 'BulkNotificationRequest'. Did you mean 'OTPVerificationRequest'?
src/services/notifications/NotificationService.ts(47,11): error TS2353: Object literal may only specify known properties, and 'channel' does not exist in type '(Without<NotificationCreateInput, NotificationUncheckedCreateInput> & NotificationUncheckedCreateInput) | (Without<...> & NotificationCreateInput)'.
src/services/notifications/NotificationService.ts(142,24): error TS2339: Property 'status' does not exist on type '{ type: NotificationType; id: string; userId: string; title: string; message: string; data: JsonValue; createdAt: Date; updatedAt: Date; isRead: boolean; }'.
src/services/notifications/NotificationService.ts(149,17): error TS2353: Object literal may only specify known properties, and 'status' does not exist in type '(Without<NotificationUpdateInput, NotificationUncheckedUpdateInput> & NotificationUncheckedUpdateInput) | (Without<...> & NotificationUpdateInput)'.
src/services/notifications/NotificationService.ts(156,30): error TS2339: Property 'channel' does not exist on type '{ type: NotificationType; id: string; userId: string; title: string; message: string; data: JsonValue; createdAt: Date; updatedAt: Date; isRead: boolean; }'.
src/services/notifications/NotificationService.ts(158,30): error TS2339: Property 'recipientEmail' does not exist on type '{ type: NotificationType; id: string; userId: string; title: string; message: string; data: JsonValue; createdAt: Date; updatedAt: Date; isRead: boolean; }'.
src/services/notifications/NotificationService.ts(160,34): error TS2339: Property 'recipientEmail' does not exist on type '{ type: NotificationType; id: string; userId: string; title: string; message: string; data: JsonValue; createdAt: Date; updatedAt: Date; isRead: boolean; }'.
src/services/notifications/NotificationService.ts(161,39): error TS2339: Property 'subject' does not exist on type '{ type: NotificationType; id: string; userId: string; title: string; message: string; data: JsonValue; createdAt: Date; updatedAt: Date; isRead: boolean; }'.
src/services/notifications/NotificationService.ts(163,45): error TS2339: Property 'recipientName' does not exist on type '{ type: NotificationType; id: string; userId: string; title: string; message: string; data: JsonValue; createdAt: Date; updatedAt: Date; isRead: boolean; }'.
src/services/notifications/NotificationService.ts(169,30): error TS2339: Property 'recipientPhone' does not exist on type '{ type: NotificationType; id: string; userId: string; title: string; message: string; data: JsonValue; createdAt: Date; updatedAt: Date; isRead: boolean; }'.
src/services/notifications/NotificationService.ts(171,34): error TS2339: Property 'recipientPhone' does not exist on type '{ type: NotificationType; id: string; userId: string; title: string; message: string; data: JsonValue; createdAt: Date; updatedAt: Date; isRead: boolean; }'.
src/services/notifications/NotificationService.ts(181,37): error TS2339: Property 'subject' does not exist on type '{ type: NotificationType; id: string; userId: string; title: string; message: string; data: JsonValue; createdAt: Date; updatedAt: Date; isRead: boolean; }'.
src/services/notifications/NotificationService.ts(183,36): error TS2339: Property 'metadata' does not exist on type '{ type: NotificationType; id: string; userId: string; title: string; message: string; data: JsonValue; createdAt: Date; updatedAt: Date; isRead: boolean; }'.
src/services/notifications/NotificationService.ts(190,65): error TS2339: Property 'channel' does not exist on type '{ type: NotificationType; id: string; userId: string; title: string; message: string; data: JsonValue; createdAt: Date; updatedAt: Date; isRead: boolean; }'.
src/services/notifications/NotificationService.ts(200,13): error TS2353: Object literal may only specify known properties, and 'status' does not exist in type '(Without<NotificationUpdateInput, NotificationUncheckedUpdateInput> & NotificationUncheckedUpdateInput) | (Without<...> & NotificationUpdateInput)'.
src/services/notifications/NotificationService.ts(207,41): error TS2339: Property 'retryCount' does not exist on type '{ type: NotificationType; id: string; userId: string; title: string; message: string; data: JsonValue; createdAt: Date; updatedAt: Date; isRead: boolean; }'.
src/services/notifications/NotificationService.ts(208,55): error TS2339: Property 'maxRetries' does not exist on type '{ type: NotificationType; id: string; userId: string; title: string; message: string; data: JsonValue; createdAt: Date; updatedAt: Date; isRead: boolean; }'.
src/services/notifications/NotificationService.ts(213,13): error TS2353: Object literal may only specify known properties, and 'status' does not exist in type '(Without<NotificationUpdateInput, NotificationUncheckedUpdateInput> & NotificationUncheckedUpdateInput) | (Without<...> & NotificationUpdateInput)'.
src/services/notifications/NotificationService.ts(269,28): error TS2353: Object literal may only specify known properties, and 'readAt' does not exist in type 'NotificationWhereInput'.
src/services/notifications/NotificationService.ts(273,31): error TS2339: Property 'createPagination' does not exist on type 'NotificationService'.
src/services/notifications/NotificationService.ts(306,11): error TS2353: Object literal may only specify known properties, and 'readAt' does not exist in type '(Without<NotificationUpdateInput, NotificationUncheckedUpdateInput> & NotificationUncheckedUpdateInput) | (Without<...> & NotificationUpdateInput)'.
src/services/notifications/NotificationService.ts(322,26): error TS2353: Object literal may only specify known properties, and 'readAt' does not exist in type 'NotificationWhereInput'.
src/services/notifications/NotificationService.ts(324,11): error TS2353: Object literal may only specify known properties, and 'readAt' does not exist in type '(Without<NotificationUpdateManyMutationInput, NotificationUncheckedUpdateManyInput> & NotificationUncheckedUpdateManyInput) | (Without<...> & NotificationUpdateManyMutationInput)'.
src/services/notifications/NotificationService.ts(409,11): error TS2353: Object literal may only specify known properties, and 'status' does not exist in type 'NotificationWhereInput'.
src/services/notifications/PushService.ts(2,10): error TS2305: Module '"../../types"' has no exported member 'PushNotification'.
src/services/notifications/PushService.ts(3,19): error TS2307: Cannot find module 'firebase-admin' or its corresponding type declarations.
src/services/notifications/PushService.ts(4,10): error TS2724: '"../../config"' has no exported member named 'pushConfig'. Did you mean 'authConfig'?
src/services/notifications/PushService.ts(72,32): error TS2379: Argument of type '{ deviceToken: string; title: string; message: string; data: Record<string, any> | undefined; imageUrl: string | undefined; actionUrl: string | undefined; }' is not assignable to parameter of type 'SendPushToTokenRequest' with 'exactOptionalPropertyTypes: true'. Consider adding 'undefined' to the types of the target's properties.
  Types of property 'data' are incompatible.
    Type 'Record<string, any> | undefined' is not assignable to type 'Record<string, any>'.
      Type 'undefined' is not assignable to type 'Record<string, any>'.
src/services/notifications/SMSService.ts(19,29): error TS2339: Property 'termii' does not exist on type '{ readonly provider: { readonly name: string; readonly apiKey: string; readonly baseUrl: string; readonly senderId: string; readonly channel: string; readonly type: string; }; readonly settings: { ...; }; readonly templates: { ...; }; readonly networkPrefixes: { ...; }; }'.
src/services/notifications/SMSService.ts(20,31): error TS2339: Property 'termii' does not exist on type '{ readonly provider: { readonly name: string; readonly apiKey: string; readonly baseUrl: string; readonly senderId: string; readonly channel: string; readonly type: string; }; readonly settings: { ...; }; readonly templates: { ...; }; readonly networkPrefixes: { ...; }; }'.
src/services/orders/CheckoutService.ts(4,3): error TS2724: '"../../types"' has no exported member named 'CreateOrderRequest'. Did you mean 'CreateUserRequest'?
src/services/orders/CheckoutService.ts(5,3): error TS2305: Module '"../../types"' has no exported member 'Order'.
src/services/orders/CheckoutService.ts(205,80): error TS2379: Argument of type '{ items: { productId: string; quantity: number; }[]; cartId: string | undefined; reason: string; expirationMinutes: number; }' is not assignable to parameter of type 'BulkReservationRequest' with 'exactOptionalPropertyTypes: true'. Consider adding 'undefined' to the types of the target's properties.
  Types of property 'cartId' are incompatible.
    Type 'string | undefined' is not assignable to type 'string'.
      Type 'undefined' is not assignable to type 'string'.
src/services/orders/CheckoutService.ts(242,7): error TS2375: Type '{ order: Order; paymentUrl: string | undefined; requiresPayment: boolean; }' is not assignable to type '{ order: Order; paymentUrl?: string; requiresPayment: boolean; }' with 'exactOptionalPropertyTypes: true'. Consider adding 'undefined' to the types of the target's properties.
  Types of property 'paymentUrl' are incompatible.
    Type 'string | undefined' is not assignable to type 'string'.
      Type 'undefined' is not assignable to type 'string'.
src/services/orders/FulfillmentService.ts(8,3): error TS2305: Module '"../../types"' has no exported member 'Order'.
src/services/orders/FulfillmentService.ts(9,3): error TS2305: Module '"../../types"' has no exported member 'OrderStatus'.
src/services/orders/FulfillmentService.ts(122,30): error TS2339: Property 'totalAmount' does not exist on type '{ user: { role: Role; isVerified: boolean; isActive: boolean; firstName: string; lastName: string; phoneNumber: string; id: string; createdAt: Date; email: string | null; avatar: string | null; status: Status; lastLoginAt: Date | null; updatedAt: Date; }; items: { ...; }[]; } & { ...; }'.
src/services/orders/FulfillmentService.ts(124,19): error TS2551: Property 'shippingAddress' does not exist on type '{ user: { role: Role; isVerified: boolean; isActive: boolean; firstName: string; lastName: string; phoneNumber: string; id: string; createdAt: Date; email: string | null; avatar: string | null; status: Status; lastLoginAt: Date | null; updatedAt: Date; }; items: { ...; }[]; } & { ...; }'. Did you mean 'shippingAddressId'?
src/services/orders/FulfillmentService.ts(182,11): error TS2353: Object literal may only specify known properties, and 'trackingNumber' does not exist in type '(Without<OrderUpdateInput, OrderUncheckedUpdateInput> & OrderUncheckedUpdateInput) | (Without<...> & OrderUpdateInput)'.
src/services/orders/FulfillmentService.ts(222,11): error TS2353: Object literal may only specify known properties, and 'deliveredAt' does not exist in type '(Without<OrderUpdateInput, OrderUncheckedUpdateInput> & OrderUncheckedUpdateInput) | (Without<...> & OrderUpdateInput)'.
src/services/orders/FulfillmentService.ts(326,18): error TS2339: Property 'trackingNumber' does not exist on type '{ items: ({ product: { name: string; weight: Decimal | null; dimensions: JsonValue; }; } & { id: string; price: Decimal; productId: string; total: Decimal; createdAt: Date; updatedAt: Date; quantity: number; orderId: string; })[]; } & { ...; }'.
src/services/orders/FulfillmentService.ts(334,37): error TS2551: Property 'shippingAddress' does not exist on type '{ items: ({ product: { name: string; weight: Decimal | null; dimensions: JsonValue; }; } & { id: string; price: Decimal; productId: string; total: Decimal; createdAt: Date; updatedAt: Date; quantity: number; orderId: string; })[]; } & { ...; }'. Did you mean 'shippingAddressId'?
src/services/orders/FulfillmentService.ts(340,31): error TS2339: Property 'trackingNumber' does not exist on type '{ items: ({ product: { name: string; weight: Decimal | null; dimensions: JsonValue; }; } & { id: string; price: Decimal; productId: string; total: Decimal; createdAt: Date; updatedAt: Date; quantity: number; orderId: string; })[]; } & { ...; }'.
src/services/orders/FulfillmentService.ts(372,11): error TS2322: Type '"PAID"' is not assignable to type 'PaymentStatus | EnumPaymentStatusFilter<"Order"> | undefined'.
src/services/orders/FulfillmentService.ts(393,32): error TS2339: Property 'user' does not exist on type '{ id: string; discount: Decimal; userId: string; currency: string; total: Decimal; createdAt: Date; status: OrderStatus; updatedAt: Date; orderNumber: string; ... 8 more ...; billingAddressId: string | null; }'.
src/services/orders/FulfillmentService.ts(393,56): error TS2339: Property 'user' does not exist on type '{ id: string; discount: Decimal; userId: string; currency: string; total: Decimal; createdAt: Date; status: OrderStatus; updatedAt: Date; orderNumber: string; ... 8 more ...; billingAddressId: string | null; }'.
src/services/orders/FulfillmentService.ts(394,35): error TS2339: Property 'totalAmount' does not exist on type '{ id: string; discount: Decimal; userId: string; currency: string; total: Decimal; createdAt: Date; status: OrderStatus; updatedAt: Date; orderNumber: string; ... 8 more ...; billingAddressId: string | null; }'.
src/services/orders/FulfillmentService.ts(395,26): error TS2339: Property 'items' does not exist on type '{ id: string; discount: Decimal; userId: string; currency: string; total: Decimal; createdAt: Date; status: OrderStatus; updatedAt: Date; orderNumber: string; ... 8 more ...; billingAddressId: string | null; }'.
src/services/orders/FulfillmentService.ts(445,9): error TS2353: Object literal may only specify known properties, and 'status' does not exist in type 'Without<OrderTimelineEventCreateInput, OrderTimelineEventUncheckedCreateInput> & OrderTimelineEventUncheckedCreateInput'.
src/services/orders/FulfillmentService.ts(522,36): error TS2339: Property 'estimatedDelivery' does not exist on type '{ user: { role: Role; isVerified: boolean; isActive: boolean; firstName: string; lastName: string; phoneNumber: string; id: string; createdAt: Date; email: string | null; avatar: string | null; status: Status; lastLoginAt: Date | null; updatedAt: Date; }; } & { ...; }'.
src/services/orders/FulfillmentService.ts(546,30): error TS2339: Property 'totalAmount' does not exist on type '{ user: { role: Role; isVerified: boolean; isActive: boolean; firstName: string; lastName: string; phoneNumber: string; id: string; createdAt: Date; email: string | null; avatar: string | null; status: Status; lastLoginAt: Date | null; updatedAt: Date; }; } & { ...; }'.
src/services/orders/OrderService.ts(8,3): error TS2305: Module '"../../types"' has no exported member 'Order'.
src/services/orders/OrderService.ts(9,3): error TS2305: Module '"../../types"' has no exported member 'OrderStatus'.
src/services/orders/OrderService.ts(10,3): error TS2724: '"../../types"' has no exported member named 'CreateOrderRequest'. Did you mean 'CreateUserRequest'?
src/services/orders/OrderService.ts(11,3): error TS2305: Module '"../../types"' has no exported member 'UpdateOrderStatusRequest'.
src/services/orders/OrderService.ts(12,3): error TS2305: Module '"../../types"' has no exported member 'OrderListQuery'.
src/services/orders/OrderService.ts(64,11): error TS2353: Object literal may only specify known properties, and 'taxAmount' does not exist in type 'Without<OrderCreateInput, OrderUncheckedCreateInput> & OrderUncheckedCreateInput'.
src/services/orders/OrderService.ts(83,13): error TS2353: Object literal may only specify known properties, and 'productName' does not exist in type 'Without<OrderItemCreateInput, OrderItemUncheckedCreateInput> & OrderItemUncheckedCreateInput'.
src/services/orders/OrderService.ts(218,31): error TS2339: Property 'createPagination' does not exist on type 'OrderService'.
src/services/orders/OrderService.ts(257,31): error TS2339: Property 'createPagination' does not exist on type 'OrderService'.
src/services/orders/OrderService.ts(295,11): error TS2353: Object literal may only specify known properties, and 'adminNotes' does not exist in type '(Without<OrderUpdateInput, OrderUncheckedUpdateInput> & OrderUncheckedUpdateInput) | (Without<...> & OrderUpdateInput)'.
src/services/orders/OrderService.ts(301,63): error TS2339: Property 'shippedAt' does not exist on type '{ id: string; discount: Decimal; userId: string; currency: string; total: Decimal; createdAt: Date; status: OrderStatus; updatedAt: Date; orderNumber: string; ... 8 more ...; billingAddressId: string | null; }'.
src/services/orders/OrderService.ts(303,65): error TS2339: Property 'deliveredAt' does not exist on type '{ id: string; discount: Decimal; userId: string; currency: string; total: Decimal; createdAt: Date; status: OrderStatus; updatedAt: Date; orderNumber: string; ... 8 more ...; billingAddressId: string | null; }'.
src/services/orders/OrderService.ts(361,11): error TS2353: Object literal may only specify known properties, and 'adminNotes' does not exist in type '(Without<OrderUpdateInput, OrderUncheckedUpdateInput> & OrderUncheckedUpdateInput) | (Without<...> & OrderUpdateInput)'.
src/services/orders/OrderService.ts(402,23): error TS2339: Property 'status' does not exist on type '{ type: string; id: string; message: string; data: JsonValue; createdAt: Date; orderId: string; }'.
src/services/orders/OrderService.ts(403,28): error TS2339: Property 'description' does not exist on type '{ type: string; id: string; message: string; data: JsonValue; createdAt: Date; orderId: string; }'.
src/services/orders/OrderService.ts(404,22): error TS2339: Property 'notes' does not exist on type '{ type: string; id: string; message: string; data: JsonValue; createdAt: Date; orderId: string; }'.
src/services/orders/OrderService.ts(405,26): error TS2339: Property 'createdBy' does not exist on type '{ type: string; id: string; message: string; data: JsonValue; createdAt: Date; orderId: string; }'.
src/services/orders/OrderService.ts(498,33): error TS2339: Property 'trackingNumber' does not exist on type '{ items: { id: string; price: Decimal; productId: string; total: Decimal; createdAt: Date; updatedAt: Date; quantity: number; orderId: string; }[]; } & { id: string; ... 16 more ...; billingAddressId: string | null; }'.
src/services/orders/OrderService.ts(500,36): error TS2339: Property 'estimatedDelivery' does not exist on type '{ items: { id: string; price: Decimal; productId: string; total: Decimal; createdAt: Date; updatedAt: Date; quantity: number; orderId: string; }[]; } & { id: string; ... 16 more ...; billingAddressId: string | null; }'.
src/services/orders/OrderService.ts(501,11): error TS2322: Type '{ status: OrderStatus; description: string; timestamp: Date; notes: string | undefined; }[]' is not assignable to type '{ status: OrderStatus; description: string; timestamp: Date; notes?: string; }[]'.
  Type '{ status: OrderStatus; description: string; timestamp: Date; notes: string | undefined; }' is not assignable to type '{ status: OrderStatus; description: string; timestamp: Date; notes?: string; }' with 'exactOptionalPropertyTypes: true'. Consider adding 'undefined' to the types of the target's properties.
    Types of property 'notes' are incompatible.
      Type 'string | undefined' is not assignable to type 'string'.
        Type 'undefined' is not assignable to type 'string'.
src/services/orders/OrderService.ts(538,27): error TS2339: Property 'productName' does not exist on type '{ id: string; price: Decimal; productId: string; total: Decimal; createdAt: Date; updatedAt: Date; quantity: number; orderId: string; }'.
src/services/orders/OrderService.ts(540,32): error TS2339: Property 'unitPrice' does not exist on type '{ id: string; price: Decimal; productId: string; total: Decimal; createdAt: Date; updatedAt: Date; quantity: number; orderId: string; }'.
src/services/orders/OrderService.ts(541,33): error TS2339: Property 'totalPrice' does not exist on type '{ id: string; price: Decimal; productId: string; total: Decimal; createdAt: Date; updatedAt: Date; quantity: number; orderId: string; }'.
src/services/orders/OrderService.ts(583,23): error TS2339: Property 'INVALID_ORDER_STATUS' does not exist on type '{ readonly INVALID_CREDENTIALS: "INVALID_CREDENTIALS"; readonly TOKEN_EXPIRED: "TOKEN_EXPIRED"; readonly TOKEN_INVALID: "TOKEN_INVALID"; readonly INVALID_TOKEN: "INVALID_TOKEN"; ... 18 more ...; readonly RATE_LIMIT_EXCEEDED: "RATE_LIMIT_EXCEEDED"; }'.
src/services/orders/OrderService.ts(638,11): error TS2322: Type '"PAID"' is not assignable to type 'PaymentStatus | EnumPaymentStatusFieldUpdateOperationsInput'.
src/services/orders/OrderService.ts(707,24): error TS2551: Property 'billingAddress' does not exist on type '{ user: { firstName: string; lastName: string; phoneNumber: string; email: string | null; }; items: { id: string; price: Decimal; productId: string; total: Decimal; createdAt: Date; updatedAt: Date; quantity: number; orderId: string; }[]; } & { ...; }'. Did you mean 'billingAddressId'?
src/services/orders/OrderService.ts(708,25): error TS2551: Property 'shippingAddress' does not exist on type '{ user: { firstName: string; lastName: string; phoneNumber: string; email: string | null; }; items: { id: string; price: Decimal; productId: string; total: Decimal; createdAt: Date; updatedAt: Date; quantity: number; orderId: string; }[]; } & { ...; }'. Did you mean 'shippingAddressId'?
src/services/orders/OrderService.ts(710,29): error TS2339: Property 'productName' does not exist on type '{ id: string; price: Decimal; productId: string; total: Decimal; createdAt: Date; updatedAt: Date; quantity: number; orderId: string; }'.
src/services/orders/OrderService.ts(712,34): error TS2339: Property 'unitPrice' does not exist on type '{ id: string; price: Decimal; productId: string; total: Decimal; createdAt: Date; updatedAt: Date; quantity: number; orderId: string; }'.
src/services/orders/OrderService.ts(713,35): error TS2339: Property 'totalPrice' does not exist on type '{ id: string; price: Decimal; productId: string; total: Decimal; createdAt: Date; updatedAt: Date; quantity: number; orderId: string; }'.
src/services/orders/OrderService.ts(716,33): error TS2339: Property 'taxAmount' does not exist on type '{ user: { firstName: string; lastName: string; phoneNumber: string; email: string | null; }; items: { id: string; price: Decimal; productId: string; total: Decimal; createdAt: Date; updatedAt: Date; quantity: number; orderId: string; }[]; } & { ...; }'.
src/services/orders/OrderService.ts(717,38): error TS2339: Property 'shippingAmount' does not exist on type '{ user: { firstName: string; lastName: string; phoneNumber: string; email: string | null; }; items: { id: string; price: Decimal; productId: string; total: Decimal; createdAt: Date; updatedAt: Date; quantity: number; orderId: string; }[]; } & { ...; }'.
src/services/orders/OrderService.ts(718,38): error TS2339: Property 'discountAmount' does not exist on type '{ user: { firstName: string; lastName: string; phoneNumber: string; email: string | null; }; items: { id: string; price: Decimal; productId: string; total: Decimal; createdAt: Date; updatedAt: Date; quantity: number; orderId: string; }[]; } & { ...; }'.
src/services/orders/OrderService.ts(719,35): error TS2339: Property 'totalAmount' does not exist on type '{ user: { firstName: string; lastName: string; phoneNumber: string; email: string | null; }; items: { id: string; price: Decimal; productId: string; total: Decimal; createdAt: Date; updatedAt: Date; quantity: number; orderId: string; }[]; } & { ...; }'.
src/services/orders/OrderService.ts(753,28): error TS2322: Type '"PAID"' is not assignable to type 'PaymentStatus | EnumPaymentStatusFilter<"Order"> | undefined'.
src/services/orders/OrderService.ts(754,19): error TS2353: Object literal may only specify known properties, and 'totalAmount' does not exist in type 'OrderSumAggregateInputType'.
src/services/orders/OrderService.ts(759,34): error TS18048: 'totalSpent._sum' is possibly 'undefined'.
src/services/orders/OrderService.ts(759,50): error TS2339: Property 'totalAmount' does not exist on type '{ subtotal?: Decimal | null; tax?: Decimal | null; shippingCost?: Decimal | null; discount?: Decimal | null; total?: Decimal | null; }'.
src/services/orders/OrderService.ts(835,9): error TS2353: Object literal may only specify known properties, and 'status' does not exist in type 'Without<OrderTimelineEventCreateInput, OrderTimelineEventUncheckedCreateInput> & OrderTimelineEventUncheckedCreateInput'.
src/services/orders/OrderService.ts(853,12): error TS7053: Element implicitly has an 'any' type because expression of type 'OrderStatus' can't be used to index type '{ PENDING: string; CONFIRMED: string; PROCESSING: string; SHIPPED: string; DELIVERED: string; CANCELLED: string; REFUNDED: string; }'.
src/services/orders/OrderService.ts(859,25): error TS2339: Property 'deletePattern' does not exist on type 'CacheService'.
src/services/orders/OrderService.ts(860,25): error TS2339: Property 'deletePattern' does not exist on type 'CacheService'.
src/services/orders/TrackingService.ts(4,3): error TS2305: Module '"../../types"' has no exported member 'Order'.
src/services/orders/TrackingService.ts(5,3): error TS2305: Module '"../../types"' has no exported member 'OrderStatus'.
src/services/orders/TrackingService.ts(61,47): error TS2353: Object literal may only specify known properties, and 'trackingNumber' does not exist in type 'OrderWhereInput'.
src/services/orders/TrackingService.ts(91,31): error TS2339: Property 'trackingNumber' does not exist on type '{ id: string; discount: Decimal; userId: string; currency: string; total: Decimal; createdAt: Date; status: OrderStatus; updatedAt: Date; orderNumber: string; ... 8 more ...; billingAddressId: string | null; }'.
src/services/orders/TrackingService.ts(92,34): error TS2339: Property 'estimatedDelivery' does not exist on type '{ id: string; discount: Decimal; userId: string; currency: string; total: Decimal; createdAt: Date; status: OrderStatus; updatedAt: Date; orderNumber: string; ... 8 more ...; billingAddressId: string | null; }'.
src/services/orders/TrackingService.ts(95,17): error TS2551: Property 'shippingAddress' does not exist on type '{ id: string; discount: Decimal; userId: string; currency: string; total: Decimal; createdAt: Date; status: OrderStatus; updatedAt: Date; orderNumber: string; ... 8 more ...; billingAddressId: string | null; }'. Did you mean 'shippingAddressId'?
src/services/orders/TrackingService.ts(102,59): error TS2559: Type '600' has no properties in common with type 'CacheOptions'.
src/services/orders/TrackingService.ts(152,18): error TS2353: Object literal may only specify known properties, and 'trackingNumber' does not exist in type 'OrderWhereInput'.
src/services/orders/TrackingService.ts(174,13): error TS2353: Object literal may only specify known properties, and 'deliveredAt' does not exist in type '(Without<OrderUpdateInput, OrderUncheckedUpdateInput> & OrderUncheckedUpdateInput) | (Without<...> & OrderUpdateInput)'.
src/services/orders/TrackingService.ts(177,25): error TS2339: Property 'deliveredAt' does not exist on type '{ id: string; discount: Decimal; userId: string; currency: string; total: Decimal; createdAt: Date; status: OrderStatus; updatedAt: Date; orderNumber: string; ... 8 more ...; billingAddressId: string | null; }'.
src/services/orders/TrackingService.ts(187,11): error TS2353: Object literal may only specify known properties, and 'status' does not exist in type 'Without<OrderTimelineEventCreateInput, OrderTimelineEventUncheckedCreateInput> & OrderTimelineEventUncheckedCreateInput'.
src/services/orders/TrackingService.ts(195,62): error TS2339: Property 'trackingNumber' does not exist on type '{ id: string; discount: Decimal; userId: string; currency: string; total: Decimal; createdAt: Date; status: OrderStatus; updatedAt: Date; orderNumber: string; ... 8 more ...; billingAddressId: string | null; }'.
src/services/orders/TrackingService.ts(218,11): error TS2353: Object literal may only specify known properties, and 'shippedAt' does not exist in type 'OrderSelect<DefaultArgs>'.
src/services/orders/TrackingService.ts(235,30): error TS2339: Property 'shippedAt' does not exist on type '{ id: string; discount: Decimal; userId: string; currency: string; total: Decimal; createdAt: Date; status: OrderStatus; updatedAt: Date; orderNumber: string; ... 8 more ...; billingAddressId: string | null; }'.
src/services/orders/TrackingService.ts(278,11): error TS2353: Object literal may only specify known properties, and 'estimatedDelivery' does not exist in type 'OrderWhereInput'.
src/services/orders/TrackingService.ts(292,34): error TS2339: Property 'estimatedDelivery' does not exist on type '{ id: string; discount: Decimal; userId: string; currency: string; total: Decimal; createdAt: Date; status: OrderStatus; updatedAt: Date; orderNumber: string; ... 8 more ...; billingAddressId: string | null; }'.
src/services/orders/TrackingService.ts(299,34): error TS2339: Property 'user' does not exist on type '{ id: string; discount: Decimal; userId: string; currency: string; total: Decimal; createdAt: Date; status: OrderStatus; updatedAt: Date; orderNumber: string; ... 8 more ...; billingAddressId: string | null; }'.
src/services/orders/TrackingService.ts(299,58): error TS2339: Property 'user' does not exist on type '{ id: string; discount: Decimal; userId: string; currency: string; total: Decimal; createdAt: Date; status: OrderStatus; updatedAt: Date; orderNumber: string; ... 8 more ...; billingAddressId: string | null; }'.
src/services/orders/TrackingService.ts(300,33): error TS2339: Property 'trackingNumber' does not exist on type '{ id: string; discount: Decimal; userId: string; currency: string; total: Decimal; createdAt: Date; status: OrderStatus; updatedAt: Date; orderNumber: string; ... 8 more ...; billingAddressId: string | null; }'.
src/services/orders/TrackingService.ts(301,36): error TS2339: Property 'estimatedDelivery' does not exist on type '{ id: string; discount: Decimal; userId: string; currency: string; total: Decimal; createdAt: Date; status: OrderStatus; updatedAt: Date; orderNumber: string; ... 8 more ...; billingAddressId: string | null; }'.
src/services/orders/TrackingService.ts(335,5): error TS2322: Type '{ status: OrderStatus; description: any; timestamp: Date; location: string | undefined; }[]' is not assignable to type '{ status: OrderStatus; description: string; timestamp: Date; location?: string; }[]'.
  Type '{ status: OrderStatus; description: any; timestamp: Date; location: string | undefined; }' is not assignable to type '{ status: OrderStatus; description: string; timestamp: Date; location?: string; }' with 'exactOptionalPropertyTypes: true'. Consider adding 'undefined' to the types of the target's properties.
    Types of property 'location' are incompatible.
      Type 'string | undefined' is not assignable to type 'string'.
        Type 'undefined' is not assignable to type 'string'.
src/services/orders/TrackingService.ts(336,21): error TS2339: Property 'status' does not exist on type '{ type: string; id: string; message: string; data: JsonValue; createdAt: Date; orderId: string; }'.
src/services/orders/TrackingService.ts(337,26): error TS2339: Property 'description' does not exist on type '{ type: string; id: string; message: string; data: JsonValue; createdAt: Date; orderId: string; }'.
src/services/orders/TrackingService.ts(339,59): error TS2339: Property 'description' does not exist on type '{ type: string; id: string; message: string; data: JsonValue; createdAt: Date; orderId: string; }'.
src/services/orders/TrackingService.ts(374,18): error TS7053: Element implicitly has an 'any' type because expression of type 'OrderStatus' can't be used to index type '{ PENDING: { percentage: number; current: string; next: string; }; CONFIRMED: { percentage: number; current: string; next: string; }; PROCESSING: { percentage: number; current: string; next: string; }; SHIPPED: { ...; }; DELIVERED: { ...; }; CANCELLED: { ...; }; REFUNDED: { ...; }; }'.
src/services/orders/TrackingService.ts(461,28): error TS2532: Object is possibly 'undefined'.
src/services/payments/PaymentService.ts(4,3): error TS2305: Module '"../../types"' has no exported member 'PaymentTransaction'.
src/services/payments/PaymentService.ts(5,3): error TS2305: Module '"../../types"' has no exported member 'PaymentStatus'.
src/services/payments/PaymentService.ts(6,3): error TS2305: Module '"../../types"' has no exported member 'PaymentChannel'.
src/services/payments/PaymentService.ts(7,3): error TS2305: Module '"../../types"' has no exported member 'InitializePaymentRequest'.
src/services/payments/PaymentService.ts(8,3): error TS2305: Module '"../../types"' has no exported member 'InitializePaymentResponse'.
src/services/payments/PaymentService.ts(9,3): error TS2724: '"../../types"' has no exported member named 'VerifyPaymentRequest'. Did you mean 'VerifyOTPRequest'?
src/services/payments/PaymentService.ts(10,3): error TS2305: Module '"../../types"' has no exported member 'VerifyPaymentResponse'.
src/services/payments/PaymentService.ts(70,11): error TS2367: This comparison appears to be unintentional because the types 'PaymentStatus' and '"PAID"' have no overlap.
src/services/payments/PaymentService.ts(88,11): error TS2820: Type '"pending"' is not assignable to type 'TransactionStatus'. Did you mean '"PENDING"'?
src/services/payments/PaymentService.ts(124,11): error TS2353: Object literal may only specify known properties, and 'providerReference' does not exist in type '(Without<PaymentTransactionUpdateInput, PaymentTransactionUncheckedUpdateInput> & PaymentTransactionUncheckedUpdateInput) | (Without<...> & PaymentTransactionUpdateInput)'.
src/services/payments/PaymentService.ts(155,15): error TS2353: Object literal may only specify known properties, and 'providerReference' does not exist in type 'PaymentTransactionWhereInput'.
src/services/payments/PaymentService.ts(177,21): error TS2339: Property 'providerReference' does not exist on type '{ id: string; currency: string; createdAt: Date; status: TransactionStatus; updatedAt: Date; orderId: string; reference: string; amount: Decimal; gateway: string; gatewayData: JsonValue; }'.
src/services/payments/PaymentService.ts(191,11): error TS2412: Type '{ message: string; reference: string; } | undefined' is not assignable to type 'string | StringFieldUpdateOperationsInput | undefined' with 'exactOptionalPropertyTypes: true'. Consider adding 'undefined' to the type of the target.
src/services/payments/PaymentService.ts(197,43): error TS2769: No overload matches this call.
  Overload 1 of 4, '(value: string | number | Date): Date', gave the following error.
    Argument of type 'string | null' is not assignable to parameter of type 'string | number | Date'.
      Type 'null' is not assignable to type 'string | number | Date'.
  Overload 2 of 4, '(value: string | number): Date', gave the following error.
    Argument of type 'string | null' is not assignable to parameter of type 'string | number'.
      Type 'null' is not assignable to type 'string | number'.
src/services/payments/PaymentService.ts(207,13): error TS2322: Type '"PAID"' is not assignable to type 'PaymentStatus | EnumPaymentStatusFieldUpdateOperationsInput'.
src/services/payments/PaymentService.ts(208,43): error TS2339: Property 'providerReference' does not exist on type '{ id: string; currency: string; createdAt: Date; status: TransactionStatus; updatedAt: Date; orderId: string; reference: string; amount: Decimal; gateway: string; gatewayData: JsonValue; }'.
src/services/payments/PaymentService.ts(209,30): error TS2769: No overload matches this call.
  Overload 1 of 4, '(value: string | number | Date): Date', gave the following error.
    Argument of type 'string | null' is not assignable to parameter of type 'string | number | Date'.
      Type 'null' is not assignable to type 'string | number | Date'.
  Overload 2 of 4, '(value: string | number): Date', gave the following error.
    Argument of type 'string | null' is not assignable to parameter of type 'string | number'.
      Type 'null' is not assignable to type 'string | number'.
src/services/payments/PaymentService.ts(276,15): error TS2353: Object literal may only specify known properties, and 'totalAmount' does not exist in type 'OrderSelect<DefaultArgs>'.
src/services/payments/PaymentService.ts(311,20): error TS2353: Object literal may only specify known properties, and 'userId' does not exist in type 'PaymentTransactionWhereInput'.
src/services/payments/PaymentService.ts(316,17): error TS2353: Object literal may only specify known properties, and 'totalAmount' does not exist in type 'OrderSelect<DefaultArgs>'.
src/services/payments/PaymentService.ts(324,50): error TS2353: Object literal may only specify known properties, and 'userId' does not exist in type 'PaymentTransactionWhereInput'.
src/services/payments/PaymentService.ts(327,31): error TS2339: Property 'createPagination' does not exist on type 'PaymentService'.
src/services/payments/PaymentService.ts(369,19): error TS2353: Object literal may only specify known properties, and 'amountPaid' does not exist in type 'PaymentTransactionSumAggregateInputType'.
src/services/payments/PaymentService.ts(370,19): error TS2353: Object literal may only specify known properties, and 'amountPaid' does not exist in type 'PaymentTransactionAvgAggregateInputType'.
src/services/payments/PaymentService.ts(374,34): error TS18048: 'volumeResult._sum' is possibly 'undefined'.
src/services/payments/PaymentService.ts(374,52): error TS2339: Property 'amountPaid' does not exist on type '{ amount?: Decimal | null; }'.
src/services/payments/PaymentService.ts(375,36): error TS18048: 'volumeResult._avg' is possibly 'undefined'.
src/services/payments/PaymentService.ts(375,54): error TS2339: Property 'amountPaid' does not exist on type '{ amount?: Decimal | null; }'.
src/services/payments/PaymentService.ts(405,16): error TS2353: Object literal may only specify known properties, and 'providerReference' does not exist in type 'PaymentTransactionWhereInput'.
src/services/payments/PaymentService.ts(408,24): error TS2367: This comparison appears to be unintentional because the types 'TransactionStatus' and '"success"' have no overlap.
src/services/payments/PaymentService.ts(417,11): error TS2412: Type '{ message: any; reference: any; } | undefined' is not assignable to type 'string | StringFieldUpdateOperationsInput | undefined' with 'exactOptionalPropertyTypes: true'. Consider adding 'undefined' to the type of the target.
src/services/payments/PaymentService.ts(430,11): error TS2322: Type '"PAID"' is not assignable to type 'PaymentStatus | EnumPaymentStatusFieldUpdateOperationsInput'.
src/services/payments/PaymentService.ts(443,16): error TS2353: Object literal may only specify known properties, and 'providerReference' does not exist in type 'PaymentTransactionWhereInput'.
src/services/payments/PaymentService.ts(446,24): error TS2367: This comparison appears to be unintentional because the types 'TransactionStatus' and '"pending"' have no overlap.
src/services/payments/PaymentService.ts(451,11): error TS2412: Type '{ message: any; reference: any; } | undefined' is not assignable to type 'string | StringFieldUpdateOperationsInput | undefined' with 'exactOptionalPropertyTypes: true'. Consider adding 'undefined' to the type of the target.
src/services/payments/PaystackService.ts(6,3): error TS2305: Module '"../../types"' has no exported member 'PaymentChannel'.
src/services/payments/RefundService.ts(4,3): error TS2305: Module '"../../types"' has no exported member 'RefundRequest'.
src/services/payments/RefundService.ts(5,3): error TS2305: Module '"../../types"' has no exported member 'Refund'.
src/services/payments/RefundService.ts(6,3): error TS2305: Module '"../../types"' has no exported member 'RefundStatus'.
src/services/payments/RefundService.ts(7,3): error TS2305: Module '"../../types"' has no exported member 'RefundResponse'.
src/services/payments/RefundService.ts(80,11): error TS2367: This comparison appears to be unintentional because the types 'TransactionStatus' and '"success"' have no overlap.
src/services/payments/RefundService.ts(89,58): error TS2339: Property 'amountPaid' does not exist on type '{ order: { user: { firstName: string; lastName: string; phoneNumber: string; email: string | null; }; } & { id: string; discount: Decimal; userId: string; currency: string; total: Decimal; ... 12 more ...; billingAddressId: string | null; }; } & { ...; }'.
src/services/payments/RefundService.ts(90,38): error TS2339: Property 'amountPaid' does not exist on type '{ order: { user: { firstName: string; lastName: string; phoneNumber: string; email: string | null; }; } & { id: string; discount: Decimal; userId: string; currency: string; total: Decimal; ... 12 more ...; billingAddressId: string | null; }; } & { ...; }'.
src/services/payments/RefundService.ts(106,54): error TS2339: Property 'amountPaid' does not exist on type '{ order: { user: { firstName: string; lastName: string; phoneNumber: string; email: string | null; }; } & { id: string; discount: Decimal; userId: string; currency: string; total: Decimal; ... 12 more ...; billingAddressId: string | null; }; } & { ...; }'.
src/services/payments/RefundService.ts(128,40): error TS2339: Property 'amountPaid' does not exist on type '{ order: { user: { firstName: string; lastName: string; phoneNumber: string; email: string | null; }; } & { id: string; discount: Decimal; userId: string; currency: string; total: Decimal; ... 12 more ...; billingAddressId: string | null; }; } & { ...; }'.
src/services/payments/RefundService.ts(229,31): error TS2339: Property 'createPagination' does not exist on type 'RefundService'.
src/services/payments/RefundService.ts(385,11): error TS2375: Type '{ id: string; transactionId: string; orderId: string; status: string; amount: number; currency: string; reason: string; metadata: Record<string, any> | undefined; createdBy: string; createdAt: Date; updatedAt: Date; }' is not assignable to type 'RefundRecord' with 'exactOptionalPropertyTypes: true'. Consider adding 'undefined' to the types of the target's properties.
  Types of property 'metadata' are incompatible.
    Type 'Record<string, any> | undefined' is not assignable to type 'Record<string, any>'.
      Type 'undefined' is not assignable to type 'Record<string, any>'.
src/services/products/CategoryService.ts(12,38): error TS2315: Type 'BaseService' is not generic.
src/services/products/CategoryService.ts(16,32): error TS2554: Expected 1 arguments, but got 0.
src/services/products/CategoryService.ts(40,59): error TS2339: Property 'getCategoryDepth' does not exist on type 'CategoryRepository'.
src/services/products/CategoryService.ts(110,59): error TS2339: Property 'getDescendants' does not exist on type 'CategoryRepository'.
src/services/products/CategoryService.ts(111,30): error TS7006: Parameter 'desc' implicitly has an 'any' type.
src/services/products/CategoryService.ts(120,59): error TS2339: Property 'getCategoryDepth' does not exist on type 'CategoryRepository'.
src/services/products/CategoryService.ts(132,14): error TS2339: Property 'slug' does not exist on type 'UpdateCategoryRequest'.
src/services/products/CategoryService.ts(267,25): error TS2339: Property 'map' does not exist on type '{ data: CategoryWithProducts[]; pagination: any; }'.
src/services/products/CategoryService.ts(267,29): error TS7006: Parameter 'category' implicitly has an 'any' type.
src/services/products/CategoryService.ts(295,44): error TS2339: Property 'getCategoryPath' does not exist on type 'CategoryRepository'.
src/services/products/CategoryService.ts(317,67): error TS2339: Property 'findWithFilters' does not exist on type 'CategoryRepository'.
src/services/products/CategoryService.ts(319,49): error TS7006: Parameter 'category' implicitly has an 'any' type.
src/services/products/CategoryService.ts(357,44): error TS2551: Property 'getTopCategories' does not exist on type 'CategoryRepository'. Did you mean 'getRootCategories'?
src/services/products/CategoryService.ts(401,59): error TS2339: Property 'getDescendants' does not exist on type 'CategoryRepository'.
src/services/products/CategoryService.ts(402,30): error TS7006: Parameter 'desc' implicitly has an 'any' type.
src/services/products/CategoryService.ts(411,69): error TS2345: Argument of type 'string | undefined' is not assignable to parameter of type 'string | null'.
  Type 'undefined' is not assignable to type 'string | null'.
src/services/products/CategoryService.ts(439,44): error TS2339: Property 'updateSortOrder' does not exist on type 'CategoryRepository'.
src/services/products/CategoryService.ts(470,44): error TS2339: Property 'bulkUpdateSortOrder' does not exist on type 'CategoryRepository'.
src/services/products/CategoryService.ts(501,64): error TS2345: Argument of type '"delete" | "move_to_parent" | "move_to_root"' is not assignable to parameter of type '"move_to_parent" | "delete_children" | undefined'.
  Type '"delete"' is not assignable to type '"move_to_parent" | "delete_children" | undefined'.
src/services/products/CategoryService.ts(626,52): error TS2366: Function lacks ending return statement and return type does not include 'undefined'.
src/services/products/CategoryService.ts(636,25): error TS2339: Property 'map' does not exist on type '{ data: Category[]; pagination: PaginationMeta; }'.
src/services/products/CategoryService.ts(636,29): error TS7006: Parameter 'category' implicitly has an 'any' type.
src/services/products/CategoryService.ts(638,12): error TS2339: Property 'handleError' does not exist on type 'CategoryService'.
src/services/products/CategoryService.ts(645,62): error TS2366: Function lacks ending return statement and return type does not include 'undefined'.
src/services/products/CategoryService.ts(658,25): error TS2339: Property 'map' does not exist on type '{ data: Category[]; pagination: PaginationMeta; }'.
src/services/products/CategoryService.ts(658,29): error TS7006: Parameter 'category' implicitly has an 'any' type.
src/services/products/CategoryService.ts(660,12): error TS2339: Property 'handleError' does not exist on type 'CategoryService'.
src/services/products/CategoryService.ts(697,12): error TS2339: Property 'handleError' does not exist on type 'CategoryService'.
src/services/products/CategoryService.ts(704,32): error TS2366: Function lacks ending return statement and return type does not include 'undefined'.
src/services/products/CategoryService.ts(710,25): error TS2339: Property 'map' does not exist on type '{ data: Category[]; pagination: PaginationMeta; }'.
src/services/products/CategoryService.ts(710,29): error TS7006: Parameter 'category' implicitly has an 'any' type.
src/services/products/CategoryService.ts(712,12): error TS2339: Property 'handleError' does not exist on type 'CategoryService'.
src/services/products/CategoryService.ts(750,42): error TS2339: Property 'slugExists' does not exist on type 'CategoryRepository'.
src/services/products/ProductService.ts(35,24): error TS2554: Expected 1 arguments, but got 0.
src/services/products/ProductService.ts(36,25): error TS2554: Expected 1 arguments, but got 0.
src/services/products/ProductService.ts(37,26): error TS2554: Expected 1 arguments, but got 0.
src/services/products/ProductService.ts(126,11): error TS2353: Object literal may only specify known properties, and 'appliedFilters' does not exist in type '{ categories: { id: string; name: string; slug: string; count: number; }[]; brands: { name: string; count: number; }[]; priceRange: { min: number; max: number; }; avgRating: number; }'.
src/services/products/ProductService.ts(176,65): error TS2554: Expected 1 arguments, but got 2.
src/services/products/ProductService.ts(217,9): error TS2353: Object literal may only specify known properties, and 'relatedProducts' does not exist in type 'Product'.
src/services/products/ProductService.ts(251,56): error TS2551: Property 'findBySku' does not exist on type 'ProductRepository'. Did you mean 'findBySKU'?
src/services/products/ProductService.ts(266,21): error TS2339: Property 'slug' does not exist on type 'ProductCreateInput'.
src/services/products/ProductService.ts(268,21): error TS2339: Property 'slug' does not exist on type 'ProductCreateInput'.
src/services/products/ProductService.ts(273,28): error TS2339: Property 'isValid' does not exist on type 'typeof NairaCurrencyUtils'.
src/services/products/ProductService.ts(281,9): error TS2353: Object literal may only specify known properties, and 'createdBy' does not exist in type 'CreateProductData'.
src/services/products/ProductService.ts(286,23): error TS2339: Property 'initialQuantity' does not exist on type 'ProductCreateInput'.
src/services/products/ProductService.ts(289,33): error TS2339: Property 'initialQuantity' does not exist on type 'ProductCreateInput'.
src/services/products/ProductService.ts(290,42): error TS2339: Property 'lowStockThreshold' does not exist on type 'ProductCreateInput'.
src/services/products/ProductService.ts(291,39): error TS2339: Property 'trackInventory' does not exist on type 'ProductCreateInput'.
src/services/products/ProductService.ts(339,54): error TS2551: Property 'findBySku' does not exist on type 'ProductRepository'. Did you mean 'findBySKU'?
src/services/products/ProductService.ts(347,21): error TS2339: Property 'slug' does not exist on type 'ProductUpdateInput'.
src/services/products/ProductService.ts(351,23): error TS2339: Property 'slug' does not exist on type 'ProductUpdateInput'.
src/services/products/ProductService.ts(354,23): error TS2339: Property 'slug' does not exist on type 'ProductUpdateInput'.
src/services/products/ProductService.ts(354,45): error TS2339: Property 'slug' does not exist on type 'ProductUpdateInput'.
src/services/products/ProductService.ts(360,28): error TS2339: Property 'isValid' does not exist on type 'typeof NairaCurrencyUtils'.
src/services/products/ProductService.ts(368,9): error TS2353: Object literal may only specify known properties, and 'updatedBy' does not exist in type 'UpdateProductData'.
src/services/products/ProductService.ts(401,32): error TS2339: Property 'hasPendingOrders' does not exist on type 'ProductRepository'.
src/services/products/ProductService.ts(409,9): error TS2353: Object literal may only specify known properties, and 'deletedAt' does not exist in type 'UpdateProductData'.
src/services/products/ProductService.ts(623,40): error TS2339: Property 'getShippingMethods' does not exist on type 'typeof NigerianMarketplaceUtils'.
src/services/products/ProductService.ts(626,38): error TS2339: Property 'estimateDeliveryTime' does not exist on type 'typeof NigerianMarketplaceUtils'.
src/services/products/ProductService.ts(630,37): error TS2339: Property 'getAvailablePaymentMethods' does not exist on type 'typeof NairaCurrencyUtils'.
src/services/products/ProductService.ts(708,7): error TS2740: Type '{ data: Category[]; pagination: PaginationMeta; }' is missing the following properties from type 'any[]': length, pop, push, concat, and 29 more.
src/services/products/ProductService.ts(725,44): error TS2339: Property 'getPriceRange' does not exist on type 'ProductRepository'.
src/services/products/RecommendationService.ts(108,70): error TS2559: Type '3600' has no properties in common with type 'CacheOptions'.
src/services/products/RecommendationService.ts(159,63): error TS2559: Type '7200' has no properties in common with type 'CacheOptions'.
src/services/products/RecommendationService.ts(189,53): error TS2339: Property 'findManyByIds' does not exist on type 'ProductRepository'.
src/services/products/RecommendationService.ts(193,37): error TS7006: Parameter 'p' implicitly has an 'any' type.
src/services/products/RecommendationService.ts(197,62): error TS2559: Type '21600' has no properties in common with type 'CacheOptions'.
src/services/products/RecommendationService.ts(231,63): error TS2559: Type '1800' has no properties in common with type 'CacheOptions'.
src/services/products/RecommendationService.ts(369,47): error TS7006: Parameter 'order' implicitly has an 'any' type.
src/services/products/RecommendationService.ts(370,24): error TS7006: Parameter 'item' implicitly has an 'any' type.
src/services/products/RecommendationService.ts(373,43): error TS7006: Parameter 'item' implicitly has an 'any' type.
src/services/products/RecommendationService.ts(374,44): error TS7006: Parameter 'item' implicitly has an 'any' type.
src/services/products/RecommendationService.ts(375,43): error TS7006: Parameter 'review' implicitly has an 'any' type.
src/services/products/RecommendationService.ts(384,21): error TS7006: Parameter 'order' implicitly has an 'any' type.
src/services/products/RecommendationService.ts(385,28): error TS7006: Parameter 'item' implicitly has an 'any' type.
src/services/products/RecommendationService.ts(422,53): error TS2559: Type '3600' has no properties in common with type 'CacheOptions'.
src/services/products/RecommendationService.ts(461,51): error TS2339: Property 'findManyByIds' does not exist on type 'ProductRepository'.
src/services/products/RecommendationService.ts(509,28): error TS2353: Object literal may only specify known properties, and 'isPrimary' does not exist in type 'ProductImageWhereInput'.
src/services/products/RecommendationService.ts(535,28): error TS2353: Object literal may only specify known properties, and 'isPrimary' does not exist in type 'ProductImageWhereInput'.
src/services/products/RecommendationService.ts(550,11): error TS2561: Object literal may only specify known properties, but 'brand' does not exist in type 'ProductWhereInput'. Did you mean to write 'AND'?
src/services/products/RecommendationService.ts(554,30): error TS2353: Object literal may only specify known properties, and 'isPrimary' does not exist in type 'ProductImageWhereInput'.
src/services/products/RecommendationService.ts(664,36): error TS2353: Object literal may only specify known properties, and 'isPrimary' does not exist in type 'ProductImageWhereInput'.
src/services/products/RecommendationService.ts(667,28): error TS2353: Object literal may only specify known properties, and 'isApproved' does not exist in type 'ProductReviewWhereInput'.
src/services/products/RecommendationService.ts(690,13): error TS2339: Property 'items' does not exist on type '{ id: string; discount: Decimal; userId: string; currency: string; total: Decimal; createdAt: Date; status: OrderStatus; updatedAt: Date; orderNumber: string; ... 8 more ...; billingAddressId: string | null; }'.
src/services/products/RecommendationService.ts(690,28): error TS7006: Parameter 'item' implicitly has an 'any' type.
src/services/products/RecommendationService.ts(755,28): error TS2353: Object literal may only specify known properties, and 'isPrimary' does not exist in type 'ProductImageWhereInput'.
src/services/products/RecommendationService.ts(758,20): error TS2353: Object literal may only specify known properties, and 'isApproved' does not exist in type 'ProductReviewWhereInput'.
src/services/products/RecommendationService.ts(785,51): error TS2339: Property 'findManyByIds' does not exist on type 'ProductRepository'.
src/services/products/RecommendationService.ts(808,28): error TS2353: Object literal may only specify known properties, and 'isPrimary' does not exist in type 'ProductImageWhereInput'.
src/services/products/RecommendationService.ts(942,5): error TS2375: Type '{ id: any; name: any; slug: any; description: any; shortDescription: any; sku: any; price: number; comparePrice: number | undefined; categoryId: any; brand: any; weight: number | undefined; dimensions: any; ... 13 more ...; discountPercentage: number | undefined; }' is not assignable to type 'Product' with 'exactOptionalPropertyTypes: true'. Consider adding 'undefined' to the types of the target's properties.
  Types of property 'comparePrice' are incompatible.
    Type 'number | undefined' is not assignable to type 'number'.
      Type 'undefined' is not assignable to type 'number'.
src/services/products/ReviewService.ts(135,11): error TS2353: Object literal may only specify known properties, and 'orderId' does not exist in type 'Without<ProductReviewCreateInput, ProductReviewUncheckedCreateInput> & ProductReviewUncheckedCreateInput'.
src/services/products/ReviewService.ts(260,31): error TS2339: Property 'createPagination' does not exist on type 'ReviewService'.
src/services/products/ReviewService.ts(279,19): error TS2739: Type '{}' is missing the following properties from type 'ReviewSummary': totalReviews, averageRating, verifiedReviews, ratingDistribution
src/services/products/ReviewService.ts(284,11): error TS2353: Object literal may only specify known properties, and 'isApproved' does not exist in type 'ProductReviewWhereInput'.
src/services/products/ReviewService.ts(332,54): error TS2559: Type '1800' has no properties in common with type 'CacheOptions'.
src/services/products/ReviewService.ts(377,9): error TS2375: Type '{ rating: number | undefined; title: string | undefined; comment: string | undefined; updatedAt: Date; }' is not assignable to type '(Without<ProductReviewUpdateInput, ProductReviewUncheckedUpdateInput> & ProductReviewUncheckedUpdateInput) | (Without<...> & ProductReviewUpdateInput)' with 'exactOptionalPropertyTypes: true'. Consider adding 'undefined' to the types of the target's properties.
  Type '{ rating: number | undefined; title: string | undefined; comment: string | undefined; updatedAt: Date; }' is not assignable to type 'Without<ProductReviewUncheckedUpdateInput, ProductReviewUpdateInput> & ProductReviewUpdateInput' with 'exactOptionalPropertyTypes: true'. Consider adding 'undefined' to the types of the target's properties.
    Type '{ rating: number | undefined; title: string | undefined; comment: string | undefined; updatedAt: Date; }' is not assignable to type 'ProductReviewUpdateInput' with 'exactOptionalPropertyTypes: true'. Consider adding 'undefined' to the types of the target's properties.
      Types of property 'rating' are incompatible.
        Type 'number | undefined' is not assignable to type 'number | IntFieldUpdateOperationsInput'.
          Type 'undefined' is not assignable to type 'number | IntFieldUpdateOperationsInput'.
src/services/products/ReviewService.ts(464,11): error TS2353: Object literal may only specify known properties, and 'helpfulVotes' does not exist in type '(Without<ProductReviewUpdateInput, ProductReviewUncheckedUpdateInput> & ProductReviewUncheckedUpdateInput) | (Without<...> & ProductReviewUpdateInput)'.
src/services/products/ReviewService.ts(472,37): error TS2339: Property 'helpfulVotes' does not exist on type '{ isVerified: boolean; id: string; rating: number; productId: string; userId: string; title: string | null; comment: string | null; createdAt: Date; updatedAt: Date; }'.
src/services/products/ReviewService.ts(526,28): error TS2353: Object literal may only specify known properties, and 'isPrimary' does not exist in type 'ProductImageWhereInput'.
src/services/products/ReviewService.ts(527,29): error TS2353: Object literal may only specify known properties, and 'imageUrl' does not exist in type 'ProductImageSelect<DefaultArgs>'.
src/services/products/ReviewService.ts(539,31): error TS2339: Property 'createPagination' does not exist on type 'ReviewService'.
src/services/products/ReviewService.ts(542,9): error TS2322: Type '{ product: { id: any; name: any; slug: any; primaryImage: any; }; productId: string; userId: string; orderId?: string; rating: number; title?: string; comment?: string; isVerified: boolean; isApproved: boolean; ... 4 more ...; updatedAt: Date; }[]' is not assignable to type 'ProductReview[]'.
  Type '{ product: { id: any; name: any; slug: any; primaryImage: any; }; productId: string; userId: string; orderId?: string; rating: number; title?: string; comment?: string; isVerified: boolean; isApproved: boolean; ... 4 more ...; updatedAt: Date; }' is not assignable to type 'ProductReview' with 'exactOptionalPropertyTypes: true'. Consider adding 'undefined' to the types of the target's properties.
    Types of property 'product' are incompatible.
      Type '{ id: any; name: any; slug: any; primaryImage: any; }' is missing the following properties from type 'Product': description, sku, price, categoryId, and 8 more.
src/services/products/ReviewService.ts(545,24): error TS2551: Property 'product' does not exist on type '{ isVerified: boolean; id: string; rating: number; productId: string; userId: string; title: string | null; comment: string | null; createdAt: Date; updatedAt: Date; }'. Did you mean 'productId'?
src/services/products/ReviewService.ts(546,26): error TS2551: Property 'product' does not exist on type '{ isVerified: boolean; id: string; rating: number; productId: string; userId: string; title: string | null; comment: string | null; createdAt: Date; updatedAt: Date; }'. Did you mean 'productId'?
src/services/products/ReviewService.ts(547,26): error TS2551: Property 'product' does not exist on type '{ isVerified: boolean; id: string; rating: number; productId: string; userId: string; title: string | null; comment: string | null; createdAt: Date; updatedAt: Date; }'. Did you mean 'productId'?
src/services/products/ReviewService.ts(548,34): error TS2551: Property 'product' does not exist on type '{ isVerified: boolean; id: string; rating: number; productId: string; userId: string; title: string | null; comment: string | null; createdAt: Date; updatedAt: Date; }'. Did you mean 'productId'?
src/services/products/ReviewService.ts(640,11): error TS2353: Object literal may only specify known properties, and 'isApproved' does not exist in type '(Without<ProductReviewUpdateInput, ProductReviewUncheckedUpdateInput> & ProductReviewUncheckedUpdateInput) | (Without<...> & ProductReviewUpdateInput)'.
src/services/products/ReviewService.ts(700,11): error TS2353: Object literal may only specify known properties, and 'helpfulVotes' does not exist in type '(Without<ProductReviewUpdateInput, ProductReviewUncheckedUpdateInput> & ProductReviewUncheckedUpdateInput) | (Without<...> & ProductReviewUpdateInput)'.
src/services/products/ReviewService.ts(701,31): error TS2339: Property 'helpfulVotes' does not exist on type '{ isVerified: boolean; id: string; rating: number; productId: string; userId: string; title: string | null; comment: string | null; createdAt: Date; updatedAt: Date; }'.
src/services/products/ReviewService.ts(708,37): error TS2339: Property 'helpfulVotes' does not exist on type '{ isVerified: boolean; id: string; rating: number; productId: string; userId: string; title: string | null; comment: string | null; createdAt: Date; updatedAt: Date; }'.
src/services/products/ReviewService.ts(830,31): error TS2339: Property 'createPagination' does not exist on type 'ReviewService'.
src/services/products/ReviewService.ts(880,31): error TS2339: Property 'createPagination' does not exist on type 'ReviewService'.
src/services/products/ReviewService.ts(897,49): error TS2339: Property 'findVerifiedPurchase' does not exist on type 'OrderRepository'.
src/services/products/ReviewService.ts(908,25): error TS2339: Property 'deletePattern' does not exist on type 'CacheService'.
src/services/products/ReviewService.ts(926,7): error TS2322: Type '{ id: any; firstName: any; lastName: any; avatar: any; isVerified: any; } | undefined' is not assignable to type 'PublicUser'.
  Type 'undefined' is not assignable to type 'PublicUser'.
src/services/products/ReviewService.ts(964,16): error TS2353: Object literal may only specify known properties, and 'isApproved' does not exist in type 'ProductReviewWhereInput'.
src/services/products/ReviewService.ts(993,16): error TS2353: Object literal may only specify known properties, and 'isApproved' does not exist in type 'ProductReviewWhereInput'.
src/services/products/ReviewService.ts(1018,38): error TS18048: 'p._avg' is possibly 'undefined'.
src/services/products/ReviewService.ts(1019,24): error TS18048: 'p._count' is possibly 'undefined'.
src/services/products/ReviewService.ts(1019,33): error TS2339: Property 'rating' does not exist on type 'true | { id?: number; rating?: number; title?: number; comment?: number; isVerified?: number; productId?: number; userId?: number; createdAt?: number; updatedAt?: number; _all?: number; }'.
  Property 'rating' does not exist on type 'true'.
src/services/products/SearchService.ts(88,44): error TS2339: Property 'page' does not exist on type 'PaginationMeta'.
src/services/products/SearchService.ts(90,38): error TS2339: Property 'total' does not exist on type 'PaginationMeta'.
src/services/products/SearchService.ts(91,40): error TS2339: Property 'hasNext' does not exist on type 'PaginationMeta'.
src/services/products/SearchService.ts(92,40): error TS2339: Property 'hasPrev' does not exist on type 'PaginationMeta'.
src/services/products/SearchService.ts(307,13): error TS2739: Type '{ totalSearches: number; uniqueSearches: number; avgSearchTime: number; topQueries: ({ query: string; count: number; trend: "rising"; lastSearched: Date; } | { query: string; count: number; trend: "stable"; lastSearched: Date; } | { ...; })[]; ... 5 more ...; peakSearchHours: { ...; }[]; }' is missing the following properties from type 'SearchAnalytics': noResultQueries, searchVolume, averageResultsPerQuery, popularFilters
src/services/products/SearchService.ts(408,11): error TS2532: Object is possibly 'undefined'.
src/services/users/WishlistService.ts(107,9): error TS2375: Type '{ id: string; userId: string; firstName: string; lastName: string; email: string; phoneNumber: string; avatar: string | undefined; role: UserRole; isVerified: boolean; createdAt: Date; }' is not assignable to type 'PublicUser' with 'exactOptionalPropertyTypes: true'. Consider adding 'undefined' to the types of the target's properties.
  Types of property 'avatar' are incompatible.
    Type 'string | undefined' is not assignable to type 'string'.
      Type 'undefined' is not assignable to type 'string'.
